- Installing CocoaPods dependencies  (this may take a few minutes)
✖ Installing CocoaPods dependencies  (this may take a few minutes)
error Your RubyGems version (3.0.3.1) has a bug that prevents `required_ruby_version` from working for Bundler. Any scripts that use `gem install bundler` will break as soon as Bundler drops support for your Ruby version. Please upgrade RubyGems to avoid future breakage and silence this warning by running `gem update --system 3.2.3`
    [33mWARNING: CocoaPods requires your terminal to be using UTF-8 encoding.
    Consider adding the following to ~/.profile:

    export LANG=en_US.UTF-8
    [0m
bundler: failed to load command: pod (/Users/apple/Documents/Reactnative/library/@technotoil/image_videoEditor/example/vendor/bundle/ruby/2.6.0/bin/pod)
/System/Library/Frameworks/Ruby.framework/Versions/2.6/usr/lib/ruby/2.6.0/unicode_normalize/normalize.rb:141:in `normalize': Unicode Normalization not appropriate for ASCII-8BIT (Encoding::CompatibilityError)
	from /Users/apple/Documents/Reactnative/library/@technotoil/image_videoEditor/example/vendor/bundle/ruby/2.6.0/gems/cocoapods-1.15.2/lib/cocoapods/config.rb:167:in `unicode_normalize'
	from /Users/apple/Documents/Reactnative/library/@technotoil/image_videoEditor/example/vendor/bundle/ruby/2.6.0/gems/cocoapods-1.15.2/lib/cocoapods/config.rb:167:in `installation_root'
	from /Users/apple/Documents/Reactnative/library/@technotoil/image_videoEditor/example/vendor/bundle/ruby/2.6.0/gems/cocoapods-1.15.2/lib/cocoapods/config.rb:227:in `podfile_path'
	from /Users/apple/Documents/Reactnative/library/@technotoil/image_videoEditor/example/vendor/bundle/ruby/2.6.0/gems/cocoapods-1.15.2/lib/cocoapods/user_interface/error_report.rb:105:in `markdown_podfile'
	from /Users/apple/Documents/Reactnative/library/@technotoil/image_videoEditor/example/vendor/bundle/ruby/2.6.0/gems/cocoapods-1.15.2/lib/cocoapods/user_interface/error_report.rb:30:in `report'
	from /Users/apple/Documents/Reactnative/library/@technotoil/image_videoEditor/example/vendor/bundle/ruby/2.6.0/gems/cocoapods-1.15.2/lib/cocoapods/command.rb:66:in `report_error'
	from /Users/apple/Documents/Reactnative/library/@technotoil/image_videoEditor/example/vendor/bundle/ruby/2.6.0/gems/claide-1.1.0/lib/claide/command.rb:396:in `handle_exception'
	from /Users/apple/Documents/Reactnative/library/@technotoil/image_videoEditor/example/vendor/bundle/ruby/2.6.0/gems/claide-1.1.0/lib/claide/command.rb:337:in `rescue in run'
	from /Users/apple/Documents/Reactnative/library/@technotoil/image_videoEditor/example/vendor/bundle/ruby/2.6.0/gems/claide-1.1.0/lib/claide/command.rb:324:in `run'
	from /Users/apple/Documents/Reactnative/library/@technotoil/image_videoEditor/example/vendor/bundle/ruby/2.6.0/gems/cocoapods-1.15.2/lib/cocoapods/command.rb:52:in `run'
	from /Users/apple/Documents/Reactnative/library/@technotoil/image_videoEditor/example/vendor/bundle/ruby/2.6.0/gems/cocoapods-1.15.2/bin/pod:55:in `<top (required)>'
	from /Users/apple/Documents/Reactnative/library/@technotoil/image_videoEditor/example/vendor/bundle/ruby/2.6.0/bin/pod:23:in `load'
	from /Users/apple/Documents/Reactnative/library/@technotoil/image_videoEditor/example/vendor/bundle/ruby/2.6.0/bin/pod:23:in `<top (required)>'
	from /Users/apple/.gem/ruby/2.6.0/gems/bundler-2.4.22/lib/bundler/cli/exec.rb:58:in `load'
	from /Users/apple/.gem/ruby/2.6.0/gems/bundler-2.4.22/lib/bundler/cli/exec.rb:58:in `kernel_load'
	from /Users/apple/.gem/ruby/2.6.0/gems/bundler-2.4.22/lib/bundler/cli/exec.rb:23:in `run'
	from /Users/apple/.gem/ruby/2.6.0/gems/bundler-2.4.22/lib/bundler/cli.rb:492:in `exec'
	from /Users/apple/.gem/ruby/2.6.0/gems/bundler-2.4.22/lib/bundler/vendor/thor/lib/thor/command.rb:28:in `run'
	from /Users/apple/.gem/ruby/2.6.0/gems/bundler-2.4.22/lib/bundler/vendor/thor/lib/thor/invocation.rb:127:in `invoke_command'
	from /Users/apple/.gem/ruby/2.6.0/gems/bundler-2.4.22/lib/bundler/vendor/thor/lib/thor.rb:527:in `dispatch'
	from /Users/apple/.gem/ruby/2.6.0/gems/bundler-2.4.22/lib/bundler/cli.rb:34:in `dispatch'
	from /Users/apple/.gem/ruby/2.6.0/gems/bundler-2.4.22/lib/bundler/vendor/thor/lib/thor/base.rb:584:in `start'
	from /Users/apple/.gem/ruby/2.6.0/gems/bundler-2.4.22/lib/bundler/cli.rb:28:in `start'
	from /Users/apple/.gem/ruby/2.6.0/gems/bundler-2.4.22/exe/bundle:37:in `block in <top (required)>'
	from /Users/apple/.gem/ruby/2.6.0/gems/bundler-2.4.22/lib/bundler/friendly_errors.rb:117:in `with_friendly_errors'
	from /Users/apple/.gem/ruby/2.6.0/gems/bundler-2.4.22/exe/bundle:29:in `<top (required)>'
	from /usr/bin/bundle:23:in `load'
	from /usr/bin/bundle:23:in `<main>'
/System/Library/Frameworks/Ruby.framework/Versions/2.6/usr/lib/ruby/2.6.0/unicode_normalize/normalize.rb:141:in `normalize': Unicode Normalization not appropriate for ASCII-8BIT (Encoding::CompatibilityError)
	from /Users/apple/Documents/Reactnative/library/@technotoil/image_videoEditor/example/vendor/bundle/ruby/2.6.0/gems/cocoapods-1.15.2/lib/cocoapods/config.rb:167:in `unicode_normalize'
	from /Users/apple/Documents/Reactnative/library/@technotoil/image_videoEditor/example/vendor/bundle/ruby/2.6.0/gems/cocoapods-1.15.2/lib/cocoapods/config.rb:167:in `installation_root'
	from /Users/apple/Documents/Reactnative/library/@technotoil/image_videoEditor/example/vendor/bundle/ruby/2.6.0/gems/cocoapods-1.15.2/lib/cocoapods/config.rb:227:in `podfile_path'
	from /Users/apple/Documents/Reactnative/library/@technotoil/image_videoEditor/example/vendor/bundle/ruby/2.6.0/gems/cocoapods-1.15.2/lib/cocoapods/config.rb:206:in `podfile'
	from /Users/apple/Documents/Reactnative/library/@technotoil/image_videoEditor/example/vendor/bundle/ruby/2.6.0/gems/cocoapods-1.15.2/lib/cocoapods/command.rb:160:in `verify_podfile_exists!'
	from /Users/apple/Documents/Reactnative/library/@technotoil/image_videoEditor/example/vendor/bundle/ruby/2.6.0/gems/cocoapods-1.15.2/lib/cocoapods/command/install.rb:46:in `run'
	from /Users/apple/Documents/Reactnative/library/@technotoil/image_videoEditor/example/vendor/bundle/ruby/2.6.0/gems/claide-1.1.0/lib/claide/command.rb:334:in `run'
	from /Users/apple/Documents/Reactnative/library/@technotoil/image_videoEditor/example/vendor/bundle/ruby/2.6.0/gems/cocoapods-1.15.2/lib/cocoapods/command.rb:52:in `run'
	from /Users/apple/Documents/Reactnative/library/@technotoil/image_videoEditor/example/vendor/bundle/ruby/2.6.0/gems/cocoapods-1.15.2/bin/pod:55:in `<top (required)>'
	from /Users/apple/Documents/Reactnative/library/@technotoil/image_videoEditor/example/vendor/bundle/ruby/2.6.0/bin/pod:23:in `load'
	from /Users/apple/Documents/Reactnative/library/@technotoil/image_videoEditor/example/vendor/bundle/ruby/2.6.0/bin/pod:23:in `<top (required)>'
	from /Users/apple/.gem/ruby/2.6.0/gems/bundler-2.4.22/lib/bundler/cli/exec.rb:58:in `load'
	from /Users/apple/.gem/ruby/2.6.0/gems/bundler-2.4.22/lib/bundler/cli/exec.rb:58:in `kernel_load'
	from /Users/apple/.gem/ruby/2.6.0/gems/bundler-2.4.22/lib/bundler/cli/exec.rb:23:in `run'
	from /Users/apple/.gem/ruby/2.6.0/gems/bundler-2.4.22/lib/bundler/cli.rb:492:in `exec'
	from /Users/apple/.gem/ruby/2.6.0/gems/bundler-2.4.22/lib/bundler/vendor/thor/lib/thor/command.rb:28:in `run'
	from /Users/apple/.gem/ruby/2.6.0/gems/bundler-2.4.22/lib/bundler/vendor/thor/lib/thor/invocation.rb:127:in `invoke_command'
	from /Users/apple/.gem/ruby/2.6.0/gems/bundler-2.4.22/lib/bundler/vendor/thor/lib/thor.rb:527:in `dispatch'
	from /Users/apple/.gem/ruby/2.6.0/gems/bundler-2.4.22/lib/bundler/cli.rb:34:in `dispatch'
	from /Users/apple/.gem/ruby/2.6.0/gems/bundler-2.4.22/lib/bundler/vendor/thor/lib/thor/base.rb:584:in `start'
	from /Users/apple/.gem/ruby/2.6.0/gems/bundler-2.4.22/lib/bundler/cli.rb:28:in `start'
	from /Users/apple/.gem/ruby/2.6.0/gems/bundler-2.4.22/exe/bundle:37:in `block in <top (required)>'
	from /Users/apple/.gem/ruby/2.6.0/gems/bundler-2.4.22/lib/bundler/friendly_errors.rb:117:in `with_friendly_errors'
	from /Users/apple/.gem/ruby/2.6.0/gems/bundler-2.4.22/exe/bundle:29:in `<top (required)>'
	from /usr/bin/bundle:23:in `load'
	from /usr/bin/bundle:23:in `<main>'
✖ Installing CocoaPods dependencies  (this may take a few minutes)
error Something went wrong while installing CocoaPods. Please run pod install manually.
info Run CLI with --verbose flag for more details.
