06-04 15:23:17.763   646 15419 E dcam_u_awbc: 38, dcam_u_awbc_block: awb_blk_scene_id=0
06-04 15:23:17.763   646 15419 E dcam_u_awbc: 40, dcam_u_awbc_block: awbc_bypass=0, r=1741,gr=1024,gb=1024,b=2350
06-04 15:23:17.763   646 15419 E dcam_u_awbc: 42, dcam_u_awbc_block: awbc_thrd: r=1023,gr=1023,gb=1023,b=1023
06-04 15:23:17.763   646 15419 E dcam_u_awbc: 44, dcam_u_awbc_block: awbc_gain_offset: r=0,gr=0,gb=0,b=0
06-04 15:23:17.764   646 15441 I aft_sprd_lib: 1650, scene_change_judge: corr (1.000000, 1.000000, 1.000000) avg 1.000000 thr 0.970000
06-04 15:23:17.764   646 15441 I aft_sprd_lib: 3795, aft_proc_log_print: afm move diff : 575029,diff_thr :30272265,diff_cnt : 0,g_diff(x,y,z):(0.000000,0.038307,0.038307),aem move diff : (num : r,g,b,cnt) = (0,0,0,0), scene_change_flag 0
06-04 15:23:17.796   646 15464 I android.hardware.camera.provider@2.4-service: 39, get_color_temp_data: X
06-04 15:23:17.796   646 15464 I android.hardware.camera.provider@2.4-service: 55, sensorhub_read_data: X
06-04 15:23:17.802   646 15419 I cmr_oem : 1899, camera_isp_evt_cb: FC set ae info cam_id:0, sof_id:3610, frm_id:3612, cur_ev:0.000000, bv 347, iso:889, cap_flag:0, long_exp_flag:0to_hal_end_cap_flag 0
06-04 15:23:17.802   646 15419 E camera_metadata: validate_camera_metadata_structure: metadata is null!
06-04 15:23:17.802   646 15419 E CamComm1.0-MD: acquire: Failed to validate metadata structure 0x0
06-04 15:23:17.802   646 15474 I awb_adpt: 2115, awb_sprd_ctrl_calculation_v4_x: AWB result : (1741,1024,2350) 4076K , fram_count : 3609 , camera_id : 0, wb mode : 0; bv : 347 ; AWB lib 64x64: (1741,1024,2350) 4076K; cmc_result: (1809 -884 99; -308 1360 -28; -122 -209 1355).
06-04 15:23:17.803   646 15419 I isp_alg_fw: 4107, ispalg_ai_pro_param_compatible: cam0 ai_pro, run_status 0,  last ai_scene 0, cur scene 0, ai_pro 1
06-04 15:23:17.803   646 15419 E dcam_u_awbc: 38, dcam_u_awbc_block: awb_blk_scene_id=0
06-04 15:23:17.803   646 15419 E dcam_u_awbc: 40, dcam_u_awbc_block: awbc_bypass=0, r=1741,gr=1024,gb=1024,b=2350
06-04 15:23:17.803   646 15419 E dcam_u_awbc: 42, dcam_u_awbc_block: awbc_thrd: r=1023,gr=1023,gb=1023,b=1023
06-04 15:23:17.803   646 15419 E dcam_u_awbc: 44, dcam_u_awbc_block: awbc_gain_offset: r=0,gr=0,gb=0,b=0
06-04 15:23:17.803   646 15441 I aft_sprd_lib: 1650, scene_change_judge: corr (1.000000, 1.000000, 1.000000) avg 1.000000 thr 0.970000
06-04 15:23:17.803   646 15441 I aft_sprd_lib: 3795, aft_proc_log_print: afm move diff : 746531,diff_thr :30272265,diff_cnt : 0,g_diff(x,y,z):(0.000000,0.038307,0.000000),aem move diff : (num : r,g,b,cnt) = (0,0,0,0), scene_change_flag 0
06-04 15:23:17.834  5565  5710 I NearbyDiscovery: (REDACTED) BloomFilterAdvManager: Detected bloom filter but too far away, ignoring. %sm, %s
06-04 15:23:17.836   646 15464 I android.hardware.camera.provider@2.4-service: 39, get_color_temp_data: X
06-04 15:23:17.836   646 15464 I android.hardware.camera.provider@2.4-service: 55, sensorhub_read_data: X
06-04 15:23:17.842   646 15419 I cmr_oem : 1899, camera_isp_evt_cb: FC set ae info cam_id:0, sof_id:3611, frm_id:3613, cur_ev:0.000000, bv 347, iso:889, cap_flag:0, long_exp_flag:0to_hal_end_cap_flag 0
06-04 15:23:17.842   646 15419 E camera_metadata: validate_camera_metadata_structure: metadata is null!
06-04 15:23:17.842   646 15419 E CamComm1.0-MD: acquire: Failed to validate metadata structure 0x0
06-04 15:23:17.843   646 15474 I awb_adpt: 2115, awb_sprd_ctrl_calculation_v4_x: AWB result : (1741,1024,2350) 4076K , fram_count : 3610 , camera_id : 0, wb mode : 0; bv : 347 ; AWB lib 64x64: (1741,1024,2350) 4076K; cmc_result: (1809 -884 99; -308 1360 -28; -122 -209 1355).
06-04 15:23:17.843   646 15419 I isp_alg_fw: 4107, ispalg_ai_pro_param_compatible: cam0 ai_pro, run_status 0,  last ai_scene 0, cur scene 0, ai_pro 1
06-04 15:23:17.843   646 15419 E dcam_u_awbc: 38, dcam_u_awbc_block: awb_blk_scene_id=0
06-04 15:23:17.843   646 15419 E dcam_u_awbc: 40, dcam_u_awbc_block: awbc_bypass=0, r=1741,gr=1024,gb=1024,b=2350
06-04 15:23:17.843   646 15419 E dcam_u_awbc: 42, dcam_u_awbc_block: awbc_thrd: r=1023,gr=1023,gb=1023,b=1023
06-04 15:23:17.843   646 15419 E dcam_u_awbc: 44, dcam_u_awbc_block: awbc_gain_offset: r=0,gr=0,gb=0,b=0
06-04 15:23:17.844   646 15441 I aft_sprd_lib: 1650, scene_change_judge: corr (1.000000, 1.000000, 1.000000) avg 1.000000 thr 0.970000
06-04 15:23:17.845   646 15441 I aft_sprd_lib: 3795, aft_proc_log_print: afm move diff : 259419,diff_thr :30272265,diff_cnt : 0,g_diff(x,y,z):(0.000000,0.038307,0.114922),aem move diff : (num : r,g,b,cnt) = (0,0,0,0), scene_change_flag 0
06-04 15:23:17.870  8153 17164 W adbd    : timed out while waiting for FUNCTIONFS_BIND, trying again
06-04 15:23:17.870  8153 17164 I adbd    : UsbFfs: connection terminated: monitor thread finished
06-04 15:23:17.870  8153  8153 I adbd    : UsbFfs: already offline
06-04 15:23:17.870  8153  8153 I adbd    : destroying transport UsbFfs
06-04 15:23:17.870  8153  8153 I adbd    : UsbFfsConnection being destroyed
06-04 15:23:17.876   646 15464 I android.hardware.camera.provider@2.4-service: 39, get_color_temp_data: X
06-04 15:23:17.876   646 15464 I android.hardware.camera.provider@2.4-service: 55, sensorhub_read_data: X
06-04 15:23:17.878   646 15459 I afl_ctrl: 637, aflctrl_process: afl ctrl process rtn:0, cur_flicker:0, flag:0
06-04 15:23:17.882   646 15419 I cmr_oem : 1899, camera_isp_evt_cb: FC set ae info cam_id:0, sof_id:3612, frm_id:3614, cur_ev:0.000000, bv 347, iso:889, cap_flag:0, long_exp_flag:0to_hal_end_cap_flag 0
06-04 15:23:17.882   646 15419 E camera_metadata: validate_camera_metadata_structure: metadata is null!
06-04 15:23:17.882   646 15419 E CamComm1.0-MD: acquire: Failed to validate metadata structure 0x0
06-04 15:23:17.883   646 15474 I awb_adpt: 2115, awb_sprd_ctrl_calculation_v4_x: AWB result : (1741,1024,2350) 4076K , fram_count : 3611 , camera_id : 0, wb mode : 0; bv : 347 ; AWB lib 64x64: (1741,1024,2350) 4076K; cmc_result: (1809 -884 99; -308 1360 -28; -122 -209 1355).
06-04 15:23:17.883   646 15419 I isp_alg_fw: 4107, ispalg_ai_pro_param_compatible: cam0 ai_pro, run_status 0,  last ai_scene 0, cur scene 0, ai_pro 1
06-04 15:23:17.883   646 15419 E dcam_u_awbc: 38, dcam_u_awbc_block: awb_blk_scene_id=0
06-04 15:23:17.883   646 15419 E dcam_u_awbc: 40, dcam_u_awbc_block: awbc_bypass=0, r=1741,gr=1024,gb=1024,b=2350
06-04 15:23:17.883   646 15419 E dcam_u_awbc: 42, dcam_u_awbc_block: awbc_thrd: r=1023,gr=1023,gb=1023,b=1023
06-04 15:23:17.883   646 15419 E dcam_u_awbc: 44, dcam_u_awbc_block: awbc_gain_offset: r=0,gr=0,gb=0,b=0
06-04 15:23:17.884   646 15441 I aft_sprd_lib: 1650, scene_change_judge: corr (1.000000, 1.000000, 1.000000) avg 1.000000 thr 0.970000
06-04 15:23:17.884   646 15441 I aft_sprd_lib: 3795, aft_proc_log_print: afm move diff : 1107366,diff_thr :30272265,diff_cnt : 0,g_diff(x,y,z):(0.000000,0.076614,0.076614),aem move diff : (num : r,g,b,cnt) = (0,0,0,0), scene_change_flag 0
06-04 15:23:17.894   656  1018 D SensorHub: SPRD[734]processTypeEvent::DBG_VERBOSE[Light Sensor] lux = [93.601204]
06-04 15:23:17.916   646 15464 I android.hardware.camera.provider@2.4-service: 39, get_color_temp_data: X
06-04 15:23:17.916   646 15464 I android.hardware.camera.provider@2.4-service: 55, sensorhub_read_data: X
06-04 15:23:17.916  8153  8157 I adbd    : opening control endpoint /dev/usb-ffs/adb/ep0
06-04 15:23:17.917  8153  8157 I adbd    : UsbFfsConnection constructed
06-04 15:23:17.918  8153 17166 I adbd    : UsbFfs-monitor thread spawned
06-04 15:23:17.922   646 15419 I cmr_oem : 1899, camera_isp_evt_cb: FC set ae info cam_id:0, sof_id:3613, frm_id:3615, cur_ev:0.000000, bv 347, iso:889, cap_flag:0, long_exp_flag:0to_hal_end_cap_flag 0
06-04 15:23:17.922   646 15419 E camera_metadata: validate_camera_metadata_structure: metadata is null!
06-04 15:23:17.922   646 15419 E CamComm1.0-MD: acquire: Failed to validate metadata structure 0x0
06-04 15:23:17.923   646 15474 I awb_adpt: 2115, awb_sprd_ctrl_calculation_v4_x: AWB result : (1746,1024,2332) 4097K , fram_count : 3612 , camera_id : 0, wb mode : 0; bv : 347 ; AWB lib 64x64: (1746,1024,2332) 4097K; cmc_result: (1814 -880 90; -302 1362 -36; -121 -214 1359).
06-04 15:23:17.923   646 15419 I isp_alg_fw: 4107, ispalg_ai_pro_param_compatible: cam0 ai_pro, run_status 0,  last ai_scene 0, cur scene 0, ai_pro 1
06-04 15:23:17.923   646 15419 E dcam_u_awbc: 38, dcam_u_awbc_block: awb_blk_scene_id=0
06-04 15:23:17.924   646 15419 E dcam_u_awbc: 40, dcam_u_awbc_block: awbc_bypass=0, r=1741,gr=1024,gb=1024,b=2350
06-04 15:23:17.924   646 15419 E dcam_u_awbc: 42, dcam_u_awbc_block: awbc_thrd: r=1023,gr=1023,gb=1023,b=1023
06-04 15:23:17.924   646 15419 E dcam_u_awbc: 44, dcam_u_awbc_block: awbc_gain_offset: r=0,gr=0,gb=0,b=0
06-04 15:23:17.924   646 15441 I aft_sprd_lib: 1650, scene_change_judge: corr (1.000000, 1.000000, 1.000000) avg 1.000000 thr 0.970000
06-04 15:23:17.924   646 15441 I aft_sprd_lib: 3795, aft_proc_log_print: afm move diff : 214714,diff_thr :30272265,diff_cnt : 0,g_diff(x,y,z):(0.000000,0.076614,0.038307),aem move diff : (num : r,g,b,cnt) = (0,0,0,0), scene_change_flag 0
06-04 15:23:17.934   656  1018 D SensorHub: SPRD[726]processTypeEvent::DBG_VERBOSE[Accelerometer Sensor] bias_x=[0.076683] bias_y=[6.849223] bias_z=[6.879413]
06-04 15:23:17.956   646 15464 I android.hardware.camera.provider@2.4-service: 39, get_color_temp_data: X
06-04 15:23:17.956   646 15464 I android.hardware.camera.provider@2.4-service: 55, sensorhub_read_data: X
06-04 15:23:17.962   646 15419 I cmr_oem : 1899, camera_isp_evt_cb: FC set ae info cam_id:0, sof_id:3614, frm_id:3616, cur_ev:0.000000, bv 347, iso:889, cap_flag:0, long_exp_flag:0to_hal_end_cap_flag 0
06-04 15:23:17.962   646 15419 E camera_metadata: validate_camera_metadata_structure: metadata is null!
06-04 15:23:17.962   646 15419 E CamComm1.0-MD: acquire: Failed to validate metadata structure 0x0
06-04 15:23:17.962   646 15474 I awb_adpt: 2115, awb_sprd_ctrl_calculation_v4_x: AWB result : (1741,1024,2350) 4076K , fram_count : 3613 , camera_id : 0, wb mode : 0; bv : 347 ; AWB lib 64x64: (1741,1024,2350) 4076K; cmc_result: (1809 -884 99; -308 1360 -28; -122 -209 1355).
06-04 15:23:17.963   646 15419 I isp_alg_fw: 4107, ispalg_ai_pro_param_compatible: cam0 ai_pro, run_status 0,  last ai_scene 0, cur scene 0, ai_pro 1
06-04 15:23:17.963   646 15419 E dcam_u_awbc: 38, dcam_u_awbc_block: awb_blk_scene_id=0
06-04 15:23:17.963   646 15419 E dcam_u_awbc: 40, dcam_u_awbc_block: awbc_bypass=0, r=1746,gr=1024,gb=1024,b=2332
06-04 15:23:17.963   646 15419 E dcam_u_awbc: 42, dcam_u_awbc_block: awbc_thrd: r=1023,gr=1023,gb=1023,b=1023
06-04 15:23:17.963   646 15419 E dcam_u_awbc: 44, dcam_u_awbc_block: awbc_gain_offset: r=0,gr=0,gb=0,b=0
06-04 15:23:17.964   646 15441 I aft_sprd_lib: 1650, scene_change_judge: corr (1.000000, 1.000000, 1.000000) avg 1.000000 thr 0.970000
06-04 15:23:17.964   646 15441 I aft_sprd_lib: 3795, aft_proc_log_print: afm move diff : 299976,diff_thr :30272265,diff_cnt : 0,g_diff(x,y,z):(0.000000,0.038307,0.076614),aem move diff : (num : r,g,b,cnt) = (0,0,0,0), scene_change_flag 0
06-04 15:23:17.996   646 15464 I android.hardware.camera.provider@2.4-service: 39, get_color_temp_data: X
06-04 15:23:17.996   646 15464 I android.hardware.camera.provider@2.4-service: 55, sensorhub_read_data: X
06-04 15:23:18.002   646 15419 I cmr_oem : 1899, camera_isp_evt_cb: FC set ae info cam_id:0, sof_id:3615, frm_id:3617, cur_ev:0.000000, bv 347, iso:889, cap_flag:0, long_exp_flag:0to_hal_end_cap_flag 0
06-04 15:23:18.002   646 15419 E camera_metadata: validate_camera_metadata_structure: metadata is null!
06-04 15:23:18.002   646 15419 E CamComm1.0-MD: acquire: Failed to validate metadata structure 0x0
06-04 15:23:18.003   646 15474 I awb_adpt: 2115, awb_sprd_ctrl_calculation_v4_x: AWB result : (1741,1024,2350) 4076K , fram_count : 3614 , camera_id : 0, wb mode : 0; bv : 347 ; AWB lib 64x64: (1741,1024,2350) 4076K; cmc_result: (1809 -884 99; -308 1360 -28; -122 -209 1355).
06-04 15:23:18.003   646 15419 I isp_alg_fw: 4107, ispalg_ai_pro_param_compatible: cam0 ai_pro, run_status 0,  last ai_scene 0, cur scene 0, ai_pro 1
06-04 15:23:18.003   646 15419 E dcam_u_awbc: 38, dcam_u_awbc_block: awb_blk_scene_id=0
06-04 15:23:18.003   646 15419 E dcam_u_awbc: 40, dcam_u_awbc_block: awbc_bypass=0, r=1741,gr=1024,gb=1024,b=2350
06-04 15:23:18.003   646 15419 E dcam_u_awbc: 42, dcam_u_awbc_block: awbc_thrd: r=1023,gr=1023,gb=1023,b=1023
06-04 15:23:18.003   646 15419 E dcam_u_awbc: 44, dcam_u_awbc_block: awbc_gain_offset: r=0,gr=0,gb=0,b=0
06-04 15:23:18.004   646 15441 I aft_sprd_lib: 1650, scene_change_judge: corr (1.000000, 1.000000, 1.000000) avg 1.000000 thr 0.970000
06-04 15:23:18.005   646 15441 I aft_sprd_lib: 3795, aft_proc_log_print: afm move diff : 970418,diff_thr :30272265,diff_cnt : 0,g_diff(x,y,z):(0.000000,0.038307,0.000000),aem move diff : (num : r,g,b,cnt) = (0,0,0,0), scene_change_flag 0
06-04 15:23:18.036   646 15464 I android.hardware.camera.provider@2.4-service: 39, get_color_temp_data: X
06-04 15:23:18.036   646 15464 I android.hardware.camera.provider@2.4-service: 55, sensorhub_read_data: X
06-04 15:23:18.037   646 15459 I afl_ctrl: 637, aflctrl_process: afl ctrl process rtn:0, cur_flicker:0, flag:0
06-04 15:23:18.042   646 15419 I cmr_oem : 1899, camera_isp_evt_cb: FC set ae info cam_id:0, sof_id:3616, frm_id:3618, cur_ev:0.000000, bv 347, iso:889, cap_flag:0, long_exp_flag:0to_hal_end_cap_flag 0
06-04 15:23:18.042   646 15474 I awb_adpt: 2115, awb_sprd_ctrl_calculation_v4_x: AWB result : (1741,1024,2350) 4076K , fram_count : 3615 , camera_id : 0, wb mode : 0; bv : 347 ; AWB lib 64x64: (1741,1024,2350) 4076K; cmc_result: (1809 -884 99; -308 1360 -28; -122 -209 1355).
06-04 15:23:18.042   646 15419 E camera_metadata: validate_camera_metadata_structure: metadata is null!
06-04 15:23:18.042   646 15419 E CamComm1.0-MD: acquire: Failed to validate metadata structure 0x0
06-04 15:23:18.043   646 15419 I isp_alg_fw: 4107, ispalg_ai_pro_param_compatible: cam0 ai_pro, run_status 0,  last ai_scene 0, cur scene 0, ai_pro 1
06-04 15:23:18.043   646 15419 E dcam_u_awbc: 38, dcam_u_awbc_block: awb_blk_scene_id=0
06-04 15:23:18.043   646 15419 E dcam_u_awbc: 40, dcam_u_awbc_block: awbc_bypass=0, r=1741,gr=1024,gb=1024,b=2350
06-04 15:23:18.043   646 15419 E dcam_u_awbc: 42, dcam_u_awbc_block: awbc_thrd: r=1023,gr=1023,gb=1023,b=1023
06-04 15:23:18.043   646 15419 E dcam_u_awbc: 44, dcam_u_awbc_block: awbc_gain_offset: r=0,gr=0,gb=0,b=0
06-04 15:23:18.043   646 15441 I aft_sprd_lib: 1650, scene_change_judge: corr (1.000000, 1.000000, 1.000000) avg 1.000000 thr 0.970000
06-04 15:23:18.043   646 15441 I aft_sprd_lib: 3795, aft_proc_log_print: afm move diff : 1493796,diff_thr :30272265,diff_cnt : 0,g_diff(x,y,z):(0.000000,0.076614,0.000000),aem move diff : (num : r,g,b,cnt) = (0,0,0,0), scene_change_flag 0
06-04 15:23:18.076   646 15464 I android.hardware.camera.provider@2.4-service: 39, get_color_temp_data: X
06-04 15:23:18.076   646 15464 I android.hardware.camera.provider@2.4-service: 55, sensorhub_read_data: X
06-04 15:23:18.082   646 15419 I cmr_oem : 1899, camera_isp_evt_cb: FC set ae info cam_id:0, sof_id:3617, frm_id:3619, cur_ev:0.000000, bv 347, iso:889, cap_flag:0, long_exp_flag:0to_hal_end_cap_flag 0
06-04 15:23:18.082   646 15419 E camera_metadata: validate_camera_metadata_structure: metadata is null!
06-04 15:23:18.082   646 15419 E CamComm1.0-MD: acquire: Failed to validate metadata structure 0x0
06-04 15:23:18.083   646 15474 I awb_adpt: 2115, awb_sprd_ctrl_calculation_v4_x: AWB result : (1741,1024,2350) 4076K , fram_count : 3616 , camera_id : 0, wb mode : 0; bv : 347 ; AWB lib 64x64: (1741,1024,2350) 4076K; cmc_result: (1809 -884 99; -308 1360 -28; -122 -209 1355).
06-04 15:23:18.084   646 15419 I isp_alg_fw: 4107, ispalg_ai_pro_param_compatible: cam0 ai_pro, run_status 0,  last ai_scene 0, cur scene 0, ai_pro 1
06-04 15:23:18.084   646 15419 E dcam_u_awbc: 38, dcam_u_awbc_block: awb_blk_scene_id=0
06-04 15:23:18.084   646 15419 E dcam_u_awbc: 40, dcam_u_awbc_block: awbc_bypass=0, r=1741,gr=1024,gb=1024,b=2350
06-04 15:23:18.084   646 15419 E dcam_u_awbc: 42, dcam_u_awbc_block: awbc_thrd: r=1023,gr=1023,gb=1023,b=1023
06-04 15:23:18.084   646 15419 E dcam_u_awbc: 44, dcam_u_awbc_block: awbc_gain_offset: r=0,gr=0,gb=0,b=0
06-04 15:23:18.084   646 15441 I aft_sprd_lib: 1650, scene_change_judge: corr (1.000000, 1.000000, 1.000000) avg 1.000000 thr 0.970000
06-04 15:23:18.085   646 15441 I aft_sprd_lib: 3795, aft_proc_log_print: afm move diff : 1063788,diff_thr :30272265,diff_cnt : 0,g_diff(x,y,z):(0.000000,0.038307,0.038307),aem move diff : (num : r,g,b,cnt) = (0,0,0,0), scene_change_flag 0
06-04 15:23:18.116   646 15464 I android.hardware.camera.provider@2.4-service: 39, get_color_temp_data: X
06-04 15:23:18.116   646 15464 I android.hardware.camera.provider@2.4-service: 55, sensorhub_read_data: X
06-04 15:23:18.123   646 15419 I cmr_oem : 1899, camera_isp_evt_cb: FC set ae info cam_id:0, sof_id:3618, frm_id:3620, cur_ev:0.000000, bv 347, iso:889, cap_flag:0, long_exp_flag:0to_hal_end_cap_flag 0
06-04 15:23:18.123   646 15419 E camera_metadata: validate_camera_metadata_structure: metadata is null!
06-04 15:23:18.123   646 15419 E CamComm1.0-MD: acquire: Failed to validate metadata structure 0x0
06-04 15:23:18.123   646 15474 I awb_adpt: 2115, awb_sprd_ctrl_calculation_v4_x: AWB result : (1741,1024,2350) 4076K , fram_count : 3617 , camera_id : 0, wb mode : 0; bv : 347 ; AWB lib 64x64: (1741,1024,2350) 4076K; cmc_result: (1809 -884 99; -308 1360 -28; -122 -209 1355).
06-04 15:23:18.123   646 15419 I isp_alg_fw: 4107, ispalg_ai_pro_param_compatible: cam0 ai_pro, run_status 0,  last ai_scene 0, cur scene 0, ai_pro 1
06-04 15:23:18.124   646 15419 E dcam_u_awbc: 38, dcam_u_awbc_block: awb_blk_scene_id=0
06-04 15:23:18.124   646 15419 E dcam_u_awbc: 40, dcam_u_awbc_block: awbc_bypass=0, r=1741,gr=1024,gb=1024,b=2350
06-04 15:23:18.124   646 15419 E dcam_u_awbc: 42, dcam_u_awbc_block: awbc_thrd: r=1023,gr=1023,gb=1023,b=1023
06-04 15:23:18.124   646 15419 E dcam_u_awbc: 44, dcam_u_awbc_block: awbc_gain_offset: r=0,gr=0,gb=0,b=0
06-04 15:23:18.124   646 15441 I aft_sprd_lib: 1650, scene_change_judge: corr (1.000000, 1.000000, 1.000000) avg 1.000000 thr 0.970000
06-04 15:23:18.124   646 15441 I aft_sprd_lib: 3795, aft_proc_log_print: afm move diff : 777389,diff_thr :30272265,diff_cnt : 0,g_diff(x,y,z):(0.000000,0.038307,0.038307),aem move diff : (num : r,g,b,cnt) = (0,0,0,0), scene_change_flag 0
06-04 15:23:18.135   656  1018 D SensorHub: SPRD[726]processTypeEvent::DBG_VERBOSE[Accelerometer Sensor] bias_x=[0.076683] bias_y=[6.849223] bias_z=[6.917740]
06-04 15:23:18.157   646 15464 I android.hardware.camera.provider@2.4-service: 39, get_color_temp_data: X
06-04 15:23:18.157   646 15464 I android.hardware.camera.provider@2.4-service: 55, sensorhub_read_data: X
06-04 15:23:18.160   646 15441 I aft_sprd_lib: 1650, scene_change_judge: corr (1.000000, 1.000000, 1.000000) avg 1.000000 thr 0.970000
06-04 15:23:18.160   646 15441 I aft_sprd_lib: 3795, aft_proc_log_print: afm move diff : 642099,diff_thr :30272265,diff_cnt : 0,g_diff(x,y,z):(0.000000,0.076614,0.076614),aem move diff : (num : r,g,b,cnt) = (0,0,0,0), scene_change_flag 0
06-04 15:23:18.162   646 15419 I isp_alg_fw: 4107, ispalg_ai_pro_param_compatible: cam0 ai_pro, run_status 0,  last ai_scene 0, cur scene 0, ai_pro 1
06-04 15:23:18.162   646 15419 E dcam_u_awbc: 38, dcam_u_awbc_block: awb_blk_scene_id=0
06-04 15:23:18.162   646 15419 E dcam_u_awbc: 40, dcam_u_awbc_block: awbc_bypass=0, r=1741,gr=1024,gb=1024,b=2350
06-04 15:23:18.162   646 15419 E dcam_u_awbc: 42, dcam_u_awbc_block: awbc_thrd: r=1023,gr=1023,gb=1023,b=1023
06-04 15:23:18.162   646 15419 E dcam_u_awbc: 44, dcam_u_awbc_block: awbc_gain_offset: r=0,gr=0,gb=0,b=0
06-04 15:23:18.163   646 15419 I cmr_oem : 1899, camera_isp_evt_cb: FC set ae info cam_id:0, sof_id:3619, frm_id:3621, cur_ev:0.000000, bv 347, iso:889, cap_flag:0, long_exp_flag:0to_hal_end_cap_flag 0
06-04 15:23:18.163   646 15419 E camera_metadata: validate_camera_metadata_structure: metadata is null!
06-04 15:23:18.163   646 15419 E CamComm1.0-MD: acquire: Failed to validate metadata structure 0x0
06-04 15:23:18.164   646 15474 I awb_adpt: 2115, awb_sprd_ctrl_calculation_v4_x: AWB result : (1741,1024,2350) 4076K , fram_count : 3618 , camera_id : 0, wb mode : 0; bv : 347 ; AWB lib 64x64: (1741,1024,2350) 4076K; cmc_result: (1809 -884 99; -308 1360 -28; -122 -209 1355).
06-04 15:23:18.197   646 15464 I android.hardware.camera.provider@2.4-service: 39, get_color_temp_data: X
06-04 15:23:18.197   646 15464 I android.hardware.camera.provider@2.4-service: 55, sensorhub_read_data: X
06-04 15:23:18.198   646 15459 I afl_ctrl: 637, aflctrl_process: afl ctrl process rtn:0, cur_flicker:0, flag:0
06-04 15:23:18.203   646 15419 I cmr_oem : 1899, camera_isp_evt_cb: FC set ae info cam_id:0, sof_id:3620, frm_id:3622, cur_ev:0.000000, bv 347, iso:889, cap_flag:0, long_exp_flag:0to_hal_end_cap_flag 0
06-04 15:23:18.203   646 15419 E camera_metadata: validate_camera_metadata_structure: metadata is null!
06-04 15:23:18.203   646 15419 E CamComm1.0-MD: acquire: Failed to validate metadata structure 0x0
06-04 15:23:18.203   646 15474 I awb_adpt: 2115, awb_sprd_ctrl_calculation_v4_x: AWB result : (1741,1024,2350) 4076K , fram_count : 3619 , camera_id : 0, wb mode : 0; bv : 347 ; AWB lib 64x64: (1741,1024,2350) 4076K; cmc_result: (1809 -884 99; -308 1360 -28; -122 -209 1355).
06-04 15:23:18.203   646 15419 I isp_alg_fw: 4107, ispalg_ai_pro_param_compatible: cam0 ai_pro, run_status 0,  last ai_scene 0, cur scene 0, ai_pro 1
06-04 15:23:18.203   646 15419 E dcam_u_awbc: 38, dcam_u_awbc_block: awb_blk_scene_id=0
06-04 15:23:18.203   646 15419 E dcam_u_awbc: 40, dcam_u_awbc_block: awbc_bypass=0, r=1741,gr=1024,gb=1024,b=2350
06-04 15:23:18.203   646 15419 E dcam_u_awbc: 42, dcam_u_awbc_block: awbc_thrd: r=1023,gr=1023,gb=1023,b=1023
06-04 15:23:18.203   646 15419 E dcam_u_awbc: 44, dcam_u_awbc_block: awbc_gain_offset: r=0,gr=0,gb=0,b=0
06-04 15:23:18.204   646 15441 I aft_sprd_lib: 1650, scene_change_judge: corr (1.000000, 1.000000, 1.000000) avg 1.000000 thr 0.970000
06-04 15:23:18.204   646 15441 I aft_sprd_lib: 3795, aft_proc_log_print: afm move diff : 905985,diff_thr :30272265,diff_cnt : 0,g_diff(x,y,z):(0.000000,0.038307,0.038307),aem move diff : (num : r,g,b,cnt) = (0,0,0,0), scene_change_flag 0
06-04 15:23:18.216   656  1018 D SensorHub: SPRD[734]processTypeEvent::DBG_VERBOSE[Light Sensor] lux = [95.424599]
06-04 15:23:18.236   646 15464 I android.hardware.camera.provider@2.4-service: 39, get_color_temp_data: X
06-04 15:23:18.236   646 15464 I android.hardware.camera.provider@2.4-service: 55, sensorhub_read_data: X
06-04 15:23:18.239   646 15441 I aft_sprd_lib: 1650, scene_change_judge: corr (1.000000, 1.000000, 1.000000) avg 1.000000 thr 0.970000
06-04 15:23:18.239   646 15441 I aft_sprd_lib: 3795, aft_proc_log_print: afm move diff : 846103,diff_thr :30272265,diff_cnt : 0,g_diff(x,y,z):(0.038307,0.038307,0.000000),aem move diff : (num : r,g,b,cnt) = (0,0,0,0), scene_change_flag 0
06-04 15:23:18.242   646 15419 I isp_alg_fw: 4107, ispalg_ai_pro_param_compatible: cam0 ai_pro, run_status 0,  last ai_scene 0, cur scene 0, ai_pro 1
06-04 15:23:18.243   646 15419 E dcam_u_awbc: 38, dcam_u_awbc_block: awb_blk_scene_id=0
06-04 15:23:18.243   646 15419 E dcam_u_awbc: 40, dcam_u_awbc_block: awbc_bypass=0, r=1741,gr=1024,gb=1024,b=2350
06-04 15:23:18.243   646 15419 E dcam_u_awbc: 42, dcam_u_awbc_block: awbc_thrd: r=1023,gr=1023,gb=1023,b=1023
06-04 15:23:18.243   646 15419 E dcam_u_awbc: 44, dcam_u_awbc_block: awbc_gain_offset: r=0,gr=0,gb=0,b=0
06-04 15:23:18.243   646 15419 I cmr_oem : 1899, camera_isp_evt_cb: FC set ae info cam_id:0, sof_id:3621, frm_id:3623, cur_ev:0.000000, bv 347, iso:889, cap_flag:0, long_exp_flag:0to_hal_end_cap_flag 0
06-04 15:23:18.243   646 15419 E camera_metadata: validate_camera_metadata_structure: metadata is null!
06-04 15:23:18.243   646 15419 E CamComm1.0-MD: acquire: Failed to validate metadata structure 0x0
06-04 15:23:18.243   646 15474 I awb_adpt: 2115, awb_sprd_ctrl_calculation_v4_x: AWB result : (1741,1024,2350) 4076K , fram_count : 3620 , camera_id : 0, wb mode : 0; bv : 347 ; AWB lib 64x64: (1741,1024,2350) 4076K; cmc_result: (1809 -884 99; -308 1360 -28; -122 -209 1355).
06-04 15:23:18.277   646 15464 I android.hardware.camera.provider@2.4-service: 39, get_color_temp_data: X
06-04 15:23:18.277   646 15464 I android.hardware.camera.provider@2.4-service: 55, sensorhub_read_data: X
06-04 15:23:18.282   646 15419 I cmr_oem : 1899, camera_isp_evt_cb: FC set ae info cam_id:0, sof_id:3622, frm_id:3624, cur_ev:0.000000, bv 347, iso:889, cap_flag:0, long_exp_flag:0to_hal_end_cap_flag 0
06-04 15:23:18.282   646 15419 E camera_metadata: validate_camera_metadata_structure: metadata is null!
06-04 15:23:18.282   646 15419 E CamComm1.0-MD: acquire: Failed to validate metadata structure 0x0
06-04 15:23:18.283   646 15474 I awb_adpt: 2115, awb_sprd_ctrl_calculation_v4_x: AWB result : (1741,1024,2350) 4076K , fram_count : 3621 , camera_id : 0, wb mode : 0; bv : 347 ; AWB lib 64x64: (1741,1024,2350) 4076K; cmc_result: (1809 -884 99; -308 1360 -28; -122 -209 1355).
06-04 15:23:18.284   646 15419 I isp_alg_fw: 4107, ispalg_ai_pro_param_compatible: cam0 ai_pro, run_status 0,  last ai_scene 0, cur scene 0, ai_pro 1
06-04 15:23:18.284   646 15419 E dcam_u_awbc: 38, dcam_u_awbc_block: awb_blk_scene_id=0
06-04 15:23:18.284   646 15419 E dcam_u_awbc: 40, dcam_u_awbc_block: awbc_bypass=0, r=1741,gr=1024,gb=1024,b=2350
06-04 15:23:18.284   646 15419 E dcam_u_awbc: 42, dcam_u_awbc_block: awbc_thrd: r=1023,gr=1023,gb=1023,b=1023
06-04 15:23:18.284   646 15419 E dcam_u_awbc: 44, dcam_u_awbc_block: awbc_gain_offset: r=0,gr=0,gb=0,b=0
06-04 15:23:18.284   646 15441 I aft_sprd_lib: 1650, scene_change_judge: corr (1.000000, 1.000000, 1.000000) avg 1.000000 thr 0.970000
06-04 15:23:18.285   646 15441 I aft_sprd_lib: 3795, aft_proc_log_print: afm move diff : 611287,diff_thr :30272265,diff_cnt : 0,g_diff(x,y,z):(0.038307,0.076614,0.000000),aem move diff : (num : r,g,b,cnt) = (0,0,0,0), scene_change_flag 0
06-04 15:23:18.317   646 15464 I android.hardware.camera.provider@2.4-service: 39, get_color_temp_data: X
06-04 15:23:18.317   646 15464 I android.hardware.camera.provider@2.4-service: 55, sensorhub_read_data: X
06-04 15:23:18.322   646 15419 I cmr_oem : 1899, camera_isp_evt_cb: FC set ae info cam_id:0, sof_id:3623, frm_id:3625, cur_ev:0.000000, bv 347, iso:889, cap_flag:0, long_exp_flag:0to_hal_end_cap_flag 0
06-04 15:23:18.322   646 15419 E camera_metadata: validate_camera_metadata_structure: metadata is null!
06-04 15:23:18.322   646 15419 E CamComm1.0-MD: acquire: Failed to validate metadata structure 0x0
06-04 15:23:18.323   646 15474 I awb_adpt: 2115, awb_sprd_ctrl_calculation_v4_x: AWB result : (1741,1024,2350) 4076K , fram_count : 3622 , camera_id : 0, wb mode : 0; bv : 347 ; AWB lib 64x64: (1741,1024,2350) 4076K; cmc_result: (1809 -884 99; -308 1360 -28; -122 -209 1355).
06-04 15:23:18.324   646 15419 I isp_alg_fw: 4107, ispalg_ai_pro_param_compatible: cam0 ai_pro, run_status 0,  last ai_scene 0, cur scene 0, ai_pro 1
06-04 15:23:18.324   646 15419 E dcam_u_awbc: 38, dcam_u_awbc_block: awb_blk_scene_id=0
06-04 15:23:18.324   646 15419 E dcam_u_awbc: 40, dcam_u_awbc_block: awbc_bypass=0, r=1741,gr=1024,gb=1024,b=2350
06-04 15:23:18.324   646 15419 E dcam_u_awbc: 42, dcam_u_awbc_block: awbc_thrd: r=1023,gr=1023,gb=1023,b=1023
06-04 15:23:18.324   646 15419 E dcam_u_awbc: 44, dcam_u_awbc_block: awbc_gain_offset: r=0,gr=0,gb=0,b=0
06-04 15:23:18.324   646 15441 I aft_sprd_lib: 1650, scene_change_judge: corr (1.000000, 1.000000, 1.000000) avg 1.000000 thr 0.970000
06-04 15:23:18.325   646 15441 I aft_sprd_lib: 3795, aft_proc_log_print: afm move diff : 1343354,diff_thr :30272265,diff_cnt : 0,g_diff(x,y,z):(0.000000,0.076614,0.076614),aem move diff : (num : r,g,b,cnt) = (0,0,0,0), scene_change_flag 0
06-04 15:23:18.357   646 15464 I android.hardware.camera.provider@2.4-service: 39, get_color_temp_data: X
06-04 15:23:18.357   646 15464 I android.hardware.camera.provider@2.4-service: 55, sensorhub_read_data: X
06-04 15:23:18.358   646 15459 I afl_ctrl: 637, aflctrl_process: afl ctrl process rtn:0, cur_flicker:0, flag:0
06-04 15:23:18.359   646 15441 I aft_sprd_lib: 1650, scene_change_judge: corr (1.000000, 1.000000, 1.000000) avg 1.000000 thr 0.970000
06-04 15:23:18.359   646 15441 I aft_sprd_lib: 3795, aft_proc_log_print: afm move diff : 1373840,diff_thr :30272265,diff_cnt : 0,g_diff(x,y,z):(0.000000,0.000000,0.076614),aem move diff : (num : r,g,b,cnt) = (0,0,0,0), scene_change_flag 0
06-04 15:23:18.362   646 15419 I isp_alg_fw: 4107, ispalg_ai_pro_param_compatible: cam0 ai_pro, run_status 0,  last ai_scene 0, cur scene 0, ai_pro 1
06-04 15:23:18.362   646 15419 E dcam_u_awbc: 38, dcam_u_awbc_block: awb_blk_scene_id=0
06-04 15:23:18.362   646 15419 E dcam_u_awbc: 40, dcam_u_awbc_block: awbc_bypass=0, r=1741,gr=1024,gb=1024,b=2350
06-04 15:23:18.362   646 15419 E dcam_u_awbc: 42, dcam_u_awbc_block: awbc_thrd: r=1023,gr=1023,gb=1023,b=1023
06-04 15:23:18.362   646 15419 E dcam_u_awbc: 44, dcam_u_awbc_block: awbc_gain_offset: r=0,gr=0,gb=0,b=0
06-04 15:23:18.363   646 15419 I cmr_oem : 1899, camera_isp_evt_cb: FC set ae info cam_id:0, sof_id:3624, frm_id:3626, cur_ev:0.000000, bv 347, iso:889, cap_flag:0, long_exp_flag:0to_hal_end_cap_flag 0
06-04 15:23:18.363   646 15419 E camera_metadata: validate_camera_metadata_structure: metadata is null!
06-04 15:23:18.363   646 15419 E CamComm1.0-MD: acquire: Failed to validate metadata structure 0x0
06-04 15:23:18.364   646 15474 I awb_adpt: 2115, awb_sprd_ctrl_calculation_v4_x: AWB result : (1741,1024,2350) 4076K , fram_count : 3623 , camera_id : 0, wb mode : 0; bv : 347 ; AWB lib 64x64: (1741,1024,2350) 4076K; cmc_result: (1809 -884 99; -308 1360 -28; -122 -209 1355).
06-04 15:23:18.377   656  1018 D SensorHub: SPRD[726]processTypeEvent::DBG_VERBOSE[Accelerometer Sensor] bias_x=[0.115010] bias_y=[6.849223] bias_z=[6.917740]
06-04 15:23:18.397   646 15464 I android.hardware.camera.provider@2.4-service: 39, get_color_temp_data: X
06-04 15:23:18.397   646 15464 I android.hardware.camera.provider@2.4-service: 55, sensorhub_read_data: X
06-04 15:23:18.402   646 15419 I cmr_oem : 1899, camera_isp_evt_cb: FC set ae info cam_id:0, sof_id:3625, frm_id:3627, cur_ev:0.000000, bv 347, iso:889, cap_flag:0, long_exp_flag:0to_hal_end_cap_flag 0
06-04 15:23:18.403   646 15419 E camera_metadata: validate_camera_metadata_structure: metadata is null!
06-04 15:23:18.403   646 15419 E CamComm1.0-MD: acquire: Failed to validate metadata structure 0x0
06-04 15:23:18.403   646 15474 I awb_adpt: 2115, awb_sprd_ctrl_calculation_v4_x: AWB result : (1741,1024,2350) 4076K , fram_count : 3624 , camera_id : 0, wb mode : 0; bv : 347 ; AWB lib 64x64: (1741,1024,2350) 4076K; cmc_result: (1809 -884 99; -308 1360 -28; -122 -209 1355).
06-04 15:23:18.404   646 15419 I isp_alg_fw: 4107, ispalg_ai_pro_param_compatible: cam0 ai_pro, run_status 0,  last ai_scene 0, cur scene 0, ai_pro 1
06-04 15:23:18.404   646 15419 E dcam_u_awbc: 38, dcam_u_awbc_block: awb_blk_scene_id=0
06-04 15:23:18.404   646 15419 E dcam_u_awbc: 40, dcam_u_awbc_block: awbc_bypass=0, r=1741,gr=1024,gb=1024,b=2350
06-04 15:23:18.404   646 15419 E dcam_u_awbc: 42, dcam_u_awbc_block: awbc_thrd: r=1023,gr=1023,gb=1023,b=1023
06-04 15:23:18.404   646 15419 E dcam_u_awbc: 44, dcam_u_awbc_block: awbc_gain_offset: r=0,gr=0,gb=0,b=0
06-04 15:23:18.405   646 15441 I aft_sprd_lib: 1650, scene_change_judge: corr (1.000000, 1.000000, 1.000000) avg 1.000000 thr 0.970000
06-04 15:23:18.405   646 15441 I aft_sprd_lib: 3795, aft_proc_log_print: afm move diff : 901596,diff_thr :30272265,diff_cnt : 0,g_diff(x,y,z):(0.000000,0.038307,0.076614),aem move diff : (num : r,g,b,cnt) = (0,0,0,0), scene_change_flag 0
06-04 15:23:18.407   823   853 E SLOGCP  : data_rate_stat: agdsp rate: total size(MB)=0.000000; per second(bytes)=0.000000, drop_cnt_=0, drop_data_size_=0
06-04 15:23:18.437   646 15464 I android.hardware.camera.provider@2.4-service: 39, get_color_temp_data: X
06-04 15:23:18.437   646 15464 I android.hardware.camera.provider@2.4-service: 55, sensorhub_read_data: X
06-04 15:23:18.442   646 15419 I cmr_oem : 1899, camera_isp_evt_cb: FC set ae info cam_id:0, sof_id:3626, frm_id:3628, cur_ev:0.000000, bv 347, iso:889, cap_flag:0, long_exp_flag:0to_hal_end_cap_flag 0
06-04 15:23:18.443   646 15419 E camera_metadata: validate_camera_metadata_structure: metadata is null!
06-04 15:23:18.443   646 15419 E CamComm1.0-MD: acquire: Failed to validate metadata structure 0x0
06-04 15:23:18.443   646 15474 I awb_adpt: 2115, awb_sprd_ctrl_calculation_v4_x: AWB result : (1741,1024,2350) 4076K , fram_count : 3625 , camera_id : 0, wb mode : 0; bv : 347 ; AWB lib 64x64: (1741,1024,2350) 4076K; cmc_result: (1809 -884 99; -308 1360 -28; -122 -209 1355).
06-04 15:23:18.444   646 15419 I isp_alg_fw: 4107, ispalg_ai_pro_param_compatible: cam0 ai_pro, run_status 0,  last ai_scene 0, cur scene 0, ai_pro 1
06-04 15:23:18.444   646 15419 E dcam_u_awbc: 38, dcam_u_awbc_block: awb_blk_scene_id=0
06-04 15:23:18.444   646 15419 E dcam_u_awbc: 40, dcam_u_awbc_block: awbc_bypass=0, r=1741,gr=1024,gb=1024,b=2350
06-04 15:23:18.444   646 15419 E dcam_u_awbc: 42, dcam_u_awbc_block: awbc_thrd: r=1023,gr=1023,gb=1023,b=1023
06-04 15:23:18.444   646 15419 E dcam_u_awbc: 44, dcam_u_awbc_block: awbc_gain_offset: r=0,gr=0,gb=0,b=0
06-04 15:23:18.445   646 15441 I aft_sprd_lib: 1650, scene_change_judge: corr (1.000000, 1.000000, 1.000000) avg 1.000000 thr 0.970000
06-04 15:23:18.445   646 15441 I aft_sprd_lib: 3795, aft_proc_log_print: afm move diff : 946452,diff_thr :30272265,diff_cnt : 0,g_diff(x,y,z):(0.000000,0.076614,0.038307),aem move diff : (num : r,g,b,cnt) = (0,0,0,0), scene_change_flag 0
06-04 15:23:18.476   646 15464 I android.hardware.camera.provider@2.4-service: 39, get_color_temp_data: X
06-04 15:23:18.476   646 15464 I android.hardware.camera.provider@2.4-service: 55, sensorhub_read_data: X
06-04 15:23:18.478   646 15441 I aft_sprd_lib: 1650, scene_change_judge: corr (1.000000, 1.000000, 1.000000) avg 1.000000 thr 0.970000
06-04 15:23:18.479   646 15441 I aft_sprd_lib: 3795, aft_proc_log_print: afm move diff : 783132,diff_thr :30272265,diff_cnt : 0,g_diff(x,y,z):(0.000000,0.038307,0.076614),aem move diff : (num : r,g,b,cnt) = (0,0,0,0), scene_change_flag 0
06-04 15:23:18.482   646 15419 I isp_alg_fw: 4107, ispalg_ai_pro_param_compatible: cam0 ai_pro, run_status 0,  last ai_scene 0, cur scene 0, ai_pro 1
06-04 15:23:18.482   646 15419 E dcam_u_awbc: 38, dcam_u_awbc_block: awb_blk_scene_id=0
06-04 15:23:18.482   646 15419 E dcam_u_awbc: 40, dcam_u_awbc_block: awbc_bypass=0, r=1741,gr=1024,gb=1024,b=2350
06-04 15:23:18.482   646 15419 E dcam_u_awbc: 42, dcam_u_awbc_block: awbc_thrd: r=1023,gr=1023,gb=1023,b=1023
06-04 15:23:18.482   646 15419 E dcam_u_awbc: 44, dcam_u_awbc_block: awbc_gain_offset: r=0,gr=0,gb=0,b=0
06-04 15:23:18.483   646 15419 I cmr_oem : 1899, camera_isp_evt_cb: FC set ae info cam_id:0, sof_id:3627, frm_id:3629, cur_ev:0.000000, bv 347, iso:889, cap_flag:0, long_exp_flag:0to_hal_end_cap_flag 0
06-04 15:23:18.483   646 15419 E camera_metadata: validate_camera_metadata_structure: metadata is null!
06-04 15:23:18.483   646 15419 E CamComm1.0-MD: acquire: Failed to validate metadata structure 0x0
06-04 15:23:18.484   646 15474 I awb_adpt: 2115, awb_sprd_ctrl_calculation_v4_x: AWB result : (1741,1024,2350) 4076K , fram_count : 3626 , camera_id : 0, wb mode : 0; bv : 347 ; AWB lib 64x64: (1741,1024,2350) 4076K; cmc_result: (1809 -884 99; -308 1360 -28; -122 -209 1355).
06-04 15:23:18.517   646 15464 I android.hardware.camera.provider@2.4-service: 39, get_color_temp_data: X
06-04 15:23:18.517   646 15464 I android.hardware.camera.provider@2.4-service: 55, sensorhub_read_data: X
06-04 15:23:18.519   646 15459 I afl_ctrl: 637, aflctrl_process: afl ctrl process rtn:0, cur_flicker:0, flag:0
06-04 15:23:18.523   646 15419 I cmr_oem : 1899, camera_isp_evt_cb: FC set ae info cam_id:0, sof_id:3628, frm_id:3630, cur_ev:0.000000, bv 347, iso:889, cap_flag:0, long_exp_flag:0to_hal_end_cap_flag 0
06-04 15:23:18.523   646 15419 E camera_metadata: validate_camera_metadata_structure: metadata is null!
06-04 15:23:18.523   646 15419 E CamComm1.0-MD: acquire: Failed to validate metadata structure 0x0
06-04 15:23:18.523   646 15474 I awb_adpt: 2115, awb_sprd_ctrl_calculation_v4_x: AWB result : (1741,1024,2350) 4076K , fram_count : 3627 , camera_id : 0, wb mode : 0; bv : 347 ; AWB lib 64x64: (1741,1024,2350) 4076K; cmc_result: (1809 -884 99; -308 1360 -28; -122 -209 1355).
06-04 15:23:18.524   646 15419 I isp_alg_fw: 4107, ispalg_ai_pro_param_compatible: cam0 ai_pro, run_status 0,  last ai_scene 0, cur scene 0, ai_pro 1
06-04 15:23:18.524   646 15419 E dcam_u_awbc: 38, dcam_u_awbc_block: awb_blk_scene_id=0
06-04 15:23:18.524   646 15419 E dcam_u_awbc: 40, dcam_u_awbc_block: awbc_bypass=0, r=1741,gr=1024,gb=1024,b=2350
06-04 15:23:18.524   646 15419 E dcam_u_awbc: 42, dcam_u_awbc_block: awbc_thrd: r=1023,gr=1023,gb=1023,b=1023
06-04 15:23:18.524   646 15419 E dcam_u_awbc: 44, dcam_u_awbc_block: awbc_gain_offset: r=0,gr=0,gb=0,b=0
06-04 15:23:18.524   646 15441 I aft_sprd_lib: 1650, scene_change_judge: corr (1.000000, 1.000000, 1.000000) avg 1.000000 thr 0.970000
06-04 15:23:18.524   646 15441 I aft_sprd_lib: 3795, aft_proc_log_print: afm move diff : 972342,diff_thr :30272265,diff_cnt : 0,g_diff(x,y,z):(0.000000,0.076614,0.076614),aem move diff : (num : r,g,b,cnt) = (0,0,0,0), scene_change_flag 0
06-04 15:23:18.539   656  1018 D SensorHub: SPRD[734]processTypeEvent::DBG_VERBOSE[Light Sensor] lux = [96.640198]
06-04 15:23:18.557   646 15464 I android.hardware.camera.provider@2.4-service: 39, get_color_temp_data: X
06-04 15:23:18.557   646 15464 I android.hardware.camera.provider@2.4-service: 55, sensorhub_read_data: X
06-04 15:23:18.563   646 15419 I cmr_oem : 1899, camera_isp_evt_cb: FC set ae info cam_id:0, sof_id:3629, frm_id:3631, cur_ev:0.000000, bv 347, iso:889, cap_flag:0, long_exp_flag:0to_hal_end_cap_flag 0
06-04 15:23:18.563   646 15419 E camera_metadata: validate_camera_metadata_structure: metadata is null!
06-04 15:23:18.563   646 15419 E CamComm1.0-MD: acquire: Failed to validate metadata structure 0x0
06-04 15:23:18.564   646 15474 I awb_adpt: 2115, awb_sprd_ctrl_calculation_v4_x: AWB result : (1741,1024,2350) 4076K , fram_count : 3628 , camera_id : 0, wb mode : 0; bv : 347 ; AWB lib 64x64: (1741,1024,2350) 4076K; cmc_result: (1809 -884 99; -308 1360 -28; -122 -209 1355).
06-04 15:23:18.564   646 15419 I isp_alg_fw: 4107, ispalg_ai_pro_param_compatible: cam0 ai_pro, run_status 0,  last ai_scene 0, cur scene 0, ai_pro 1
06-04 15:23:18.564   646 15419 E dcam_u_awbc: 38, dcam_u_awbc_block: awb_blk_scene_id=0
06-04 15:23:18.564   646 15419 E dcam_u_awbc: 40, dcam_u_awbc_block: awbc_bypass=0, r=1741,gr=1024,gb=1024,b=2350
06-04 15:23:18.564   646 15419 E dcam_u_awbc: 42, dcam_u_awbc_block: awbc_thrd: r=1023,gr=1023,gb=1023,b=1023
06-04 15:23:18.564   646 15419 E dcam_u_awbc: 44, dcam_u_awbc_block: awbc_gain_offset: r=0,gr=0,gb=0,b=0
06-04 15:23:18.565   646 15441 I aft_sprd_lib: 1650, scene_change_judge: corr (1.000000, 0.994885, 1.000000) avg 0.998295 thr 0.970000
06-04 15:23:18.566   646 15441 I aft_sprd_lib: 3795, aft_proc_log_print: afm move diff : 1764594,diff_thr :30272265,diff_cnt : 0,g_diff(x,y,z):(0.000000,0.038307,0.038307),aem move diff : (num : r,g,b,cnt) = (0,0,0,0), scene_change_flag 0
06-04 15:23:18.597   646 15464 I android.hardware.camera.provider@2.4-service: 39, get_color_temp_data: X
06-04 15:23:18.597   646 15464 I android.hardware.camera.provider@2.4-service: 55, sensorhub_read_data: X
06-04 15:23:18.598   656  1018 D SensorHub: SPRD[726]processTypeEvent::DBG_VERBOSE[Accelerometer Sensor (WAKE_UP)] bias_x=[0.115010] bias_y=[6.849223] bias_z=[6.879413]
06-04 15:23:18.603   646 15419 I cmr_oem : 1899, camera_isp_evt_cb: FC set ae info cam_id:0, sof_id:3630, frm_id:3632, cur_ev:0.000000, bv 347, iso:889, cap_flag:0, long_exp_flag:0to_hal_end_cap_flag 0
06-04 15:23:18.603   646 15419 E camera_metadata: validate_camera_metadata_structure: metadata is null!
06-04 15:23:18.603   646 15419 E CamComm1.0-MD: acquire: Failed to validate metadata structure 0x0
06-04 15:23:18.604   646 15474 I awb_adpt: 2115, awb_sprd_ctrl_calculation_v4_x: AWB result : (1741,1024,2350) 4076K , fram_count : 3629 , camera_id : 0, wb mode : 0; bv : 347 ; AWB lib 64x64: (1741,1024,2350) 4076K; cmc_result: (1809 -884 99; -308 1360 -28; -122 -209 1355).
06-04 15:23:18.604   646 15419 I isp_alg_fw: 4107, ispalg_ai_pro_param_compatible: cam0 ai_pro, run_status 0,  last ai_scene 0, cur scene 0, ai_pro 1
06-04 15:23:18.605   646 15419 E dcam_u_awbc: 38, dcam_u_awbc_block: awb_blk_scene_id=0
06-04 15:23:18.605   646 15419 E dcam_u_awbc: 40, dcam_u_awbc_block: awbc_bypass=0, r=1741,gr=1024,gb=1024,b=2350
06-04 15:23:18.605   646 15419 E dcam_u_awbc: 42, dcam_u_awbc_block: awbc_thrd: r=1023,gr=1023,gb=1023,b=1023
06-04 15:23:18.605   646 15419 E dcam_u_awbc: 44, dcam_u_awbc_block: awbc_gain_offset: r=0,gr=0,gb=0,b=0
06-04 15:23:18.605   646 15441 I aft_sprd_lib: 1650, scene_change_judge: corr (1.000000, 1.000000, 1.000000) avg 1.000000 thr 0.970000
06-04 15:23:18.605   646 15441 I aft_sprd_lib: 3795, aft_proc_log_print: afm move diff : 1260262,diff_thr :30272265,diff_cnt : 0,g_diff(x,y,z):(0.000000,0.000000,0.076614),aem move diff : (num : r,g,b,cnt) = (0,0,0,0), scene_change_flag 0
06-04 15:23:18.637   646 15464 I android.hardware.camera.provider@2.4-service: 39, get_color_temp_data: X
06-04 15:23:18.637   646 15464 I android.hardware.camera.provider@2.4-service: 55, sensorhub_read_data: X
06-04 15:23:18.643   646 15419 I cmr_oem : 1899, camera_isp_evt_cb: FC set ae info cam_id:0, sof_id:3631, frm_id:3633, cur_ev:0.000000, bv 348, iso:889, cap_flag:0, long_exp_flag:0to_hal_end_cap_flag 0
06-04 15:23:18.643   646 15419 E camera_metadata: validate_camera_metadata_structure: metadata is null!
06-04 15:23:18.643   646 15419 E CamComm1.0-MD: acquire: Failed to validate metadata structure 0x0
06-04 15:23:18.643   646 15474 I awb_adpt: 2115, awb_sprd_ctrl_calculation_v4_x: AWB result : (1741,1024,2350) 4076K , fram_count : 3630 , camera_id : 0, wb mode : 0; bv : 347 ; AWB lib 64x64: (1741,1024,2350) 4076K; cmc_result: (1809 -884 99; -308 1360 -28; -122 -209 1355).
06-04 15:23:18.644   646 15419 I isp_alg_fw: 4107, ispalg_ai_pro_param_compatible: cam0 ai_pro, run_status 0,  last ai_scene 0, cur scene 0, ai_pro 1
06-04 15:23:18.644   646 15419 E dcam_u_awbc: 38, dcam_u_awbc_block: awb_blk_scene_id=0
06-04 15:23:18.644   646 15419 E dcam_u_awbc: 40, dcam_u_awbc_block: awbc_bypass=0, r=1741,gr=1024,gb=1024,b=2350
06-04 15:23:18.644   646 15419 E dcam_u_awbc: 42, dcam_u_awbc_block: awbc_thrd: r=1023,gr=1023,gb=1023,b=1023
06-04 15:23:18.644   646 15419 E dcam_u_awbc: 44, dcam_u_awbc_block: awbc_gain_offset: r=0,gr=0,gb=0,b=0
06-04 15:23:18.644   646 15441 I aft_sprd_lib: 1650, scene_change_judge: corr (1.000000, 1.000000, 1.000000) avg 1.000000 thr 0.970000
06-04 15:23:18.645   646 15441 I aft_sprd_lib: 3795, aft_proc_log_print: afm move diff : 786939,diff_thr :30272265,diff_cnt : 0,g_diff(x,y,z):(0.000000,0.038307,0.038307),aem move diff : (num : r,g,b,cnt) = (0,0,0,0), scene_change_flag 0
06-04 15:23:18.677   646 15464 I android.hardware.camera.provider@2.4-service: 39, get_color_temp_data: X
06-04 15:23:18.677   646 15464 I android.hardware.camera.provider@2.4-service: 55, sensorhub_read_data: X
06-04 15:23:18.678   646 15459 I afl_ctrl: 637, aflctrl_process: afl ctrl process rtn:0, cur_flicker:0, flag:0
06-04 15:23:18.683   646 15419 I cmr_oem : 1899, camera_isp_evt_cb: FC set ae info cam_id:0, sof_id:3632, frm_id:3634, cur_ev:0.000000, bv 347, iso:889, cap_flag:0, long_exp_flag:0to_hal_end_cap_flag 0
06-04 15:23:18.683   646 15419 E camera_metadata: validate_camera_metadata_structure: metadata is null!
06-04 15:23:18.683   646 15419 E CamComm1.0-MD: acquire: Failed to validate metadata structure 0x0
06-04 15:23:18.683   646 15474 I awb_adpt: 2115, awb_sprd_ctrl_calculation_v4_x: AWB result : (1741,1024,2350) 4076K , fram_count : 3631 , camera_id : 0, wb mode : 0; bv : 348 ; AWB lib 64x64: (1741,1024,2350) 4076K; cmc_result: (1811 -886 99; -308 1360 -28; -122 -209 1355).
06-04 15:23:18.683   646 15419 I isp_alg_fw: 4107, ispalg_ai_pro_param_compatible: cam0 ai_pro, run_status 0,  last ai_scene 0, cur scene 0, ai_pro 1
06-04 15:23:18.683   646 15419 E dcam_u_awbc: 38, dcam_u_awbc_block: awb_blk_scene_id=0
06-04 15:23:18.684   646 15419 E dcam_u_awbc: 40, dcam_u_awbc_block: awbc_bypass=0, r=1741,gr=1024,gb=1024,b=2350
06-04 15:23:18.684   646 15419 E dcam_u_awbc: 42, dcam_u_awbc_block: awbc_thrd: r=1023,gr=1023,gb=1023,b=1023
06-04 15:23:18.684   646 15419 E dcam_u_awbc: 44, dcam_u_awbc_block: awbc_gain_offset: r=0,gr=0,gb=0,b=0
06-04 15:23:18.684   646 15441 I aft_sprd_lib: 1650, scene_change_judge: corr (1.000000, 1.000000, 1.000000) avg 1.000000 thr 0.970000
06-04 15:23:18.684   646 15441 I aft_sprd_lib: 3795, aft_proc_log_print: afm move diff : 1413826,diff_thr :30272265,diff_cnt : 0,g_diff(x,y,z):(0.000000,0.114922,0.038307),aem move diff : (num : r,g,b,cnt) = (0,0,0,0), scene_change_flag 0
06-04 15:23:18.717   646 15464 I android.hardware.camera.provider@2.4-service: 39, get_color_temp_data: X
06-04 15:23:18.717   646 15464 I android.hardware.camera.provider@2.4-service: 55, sensorhub_read_data: X
06-04 15:23:18.723   646 15419 I cmr_oem : 1899, camera_isp_evt_cb: FC set ae info cam_id:0, sof_id:3633, frm_id:3635, cur_ev:0.000000, bv 348, iso:889, cap_flag:0, long_exp_flag:0to_hal_end_cap_flag 0
06-04 15:23:18.723   646 15419 E camera_metadata: validate_camera_metadata_structure: metadata is null!
06-04 15:23:18.723   646 15419 E CamComm1.0-MD: acquire: Failed to validate metadata structure 0x0
06-04 15:23:18.723   646 15474 I awb_adpt: 2115, awb_sprd_ctrl_calculation_v4_x: AWB result : (1741,1024,2350) 4076K , fram_count : 3632 , camera_id : 0, wb mode : 0; bv : 347 ; AWB lib 64x64: (1741,1024,2350) 4076K; cmc_result: (1809 -884 99; -308 1360 -28; -122 -209 1355).
06-04 15:23:18.724   646 15419 I isp_alg_fw: 4107, ispalg_ai_pro_param_compatible: cam0 ai_pro, run_status 0,  last ai_scene 0, cur scene 0, ai_pro 1
06-04 15:23:18.724   646 15419 E dcam_u_awbc: 38, dcam_u_awbc_block: awb_blk_scene_id=0
06-04 15:23:18.724   646 15419 E dcam_u_awbc: 40, dcam_u_awbc_block: awbc_bypass=0, r=1741,gr=1024,gb=1024,b=2350
06-04 15:23:18.724   646 15419 E dcam_u_awbc: 42, dcam_u_awbc_block: awbc_thrd: r=1023,gr=1023,gb=1023,b=1023
06-04 15:23:18.724   646 15419 E dcam_u_awbc: 44, dcam_u_awbc_block: awbc_gain_offset: r=0,gr=0,gb=0,b=0
06-04 15:23:18.724   646 15441 I aft_sprd_lib: 1650, scene_change_judge: corr (1.000000, 1.000000, 1.000000) avg 1.000000 thr 0.970000
06-04 15:23:18.725   646 15441 I aft_sprd_lib: 3795, aft_proc_log_print: afm move diff : 1005018,diff_thr :30272265,diff_cnt : 0,g_diff(x,y,z):(0.000000,0.076614,0.076614),aem move diff : (num : r,g,b,cnt) = (0,0,0,0), scene_change_flag 0
06-04 15:23:18.757   646 15464 I android.hardware.camera.provider@2.4-service: 39, get_color_temp_data: X
06-04 15:23:18.757   646 15464 I android.hardware.camera.provider@2.4-service: 55, sensorhub_read_data: X
06-04 15:23:18.763   646 15419 I cmr_oem : 1899, camera_isp_evt_cb: FC set ae info cam_id:0, sof_id:3634, frm_id:3636, cur_ev:0.000000, bv 348, iso:889, cap_flag:0, long_exp_flag:0to_hal_end_cap_flag 0
06-04 15:23:18.763   646 15419 E camera_metadata: validate_camera_metadata_structure: metadata is null!
06-04 15:23:18.763   646 15419 E CamComm1.0-MD: acquire: Failed to validate metadata structure 0x0
06-04 15:23:18.764   646 15474 I awb_adpt: 2115, awb_sprd_ctrl_calculation_v4_x: AWB result : (1741,1024,2350) 4076K , fram_count : 3633 , camera_id : 0, wb mode : 0; bv : 348 ; AWB lib 64x64: (1741,1024,2350) 4076K; cmc_result: (1811 -886 99; -308 1360 -28; -122 -209 1355).
06-04 15:23:18.765   646 15419 I isp_alg_fw: 4107, ispalg_ai_pro_param_compatible: cam0 ai_pro, run_status 0,  last ai_scene 0, cur scene 0, ai_pro 1
06-04 15:23:18.765   646 15419 E dcam_u_awbc: 38, dcam_u_awbc_block: awb_blk_scene_id=0
06-04 15:23:18.765   646 15419 E dcam_u_awbc: 40, dcam_u_awbc_block: awbc_bypass=0, r=1741,gr=1024,gb=1024,b=2350
06-04 15:23:18.765   646 15419 E dcam_u_awbc: 42, dcam_u_awbc_block: awbc_thrd: r=1023,gr=1023,gb=1023,b=1023
06-04 15:23:18.765   646 15419 E dcam_u_awbc: 44, dcam_u_awbc_block: awbc_gain_offset: r=0,gr=0,gb=0,b=0
06-04 15:23:18.766   646 15441 I aft_sprd_lib: 1650, scene_change_judge: corr (1.000000, 1.000000, 1.000000) avg 1.000000 thr 0.970000
06-04 15:23:18.766   646 15441 I aft_sprd_lib: 3795, aft_proc_log_print: afm move diff : 1389047,diff_thr :30272265,diff_cnt : 0,g_diff(x,y,z):(0.000000,0.076614,0.076614),aem move diff : (num : r,g,b,cnt) = (0,0,0,0), scene_change_flag 0
06-04 15:23:18.797   646 15464 I android.hardware.camera.provider@2.4-service: 39, get_color_temp_data: X
06-04 15:23:18.797   646 15464 I android.hardware.camera.provider@2.4-service: 55, sensorhub_read_data: X
06-04 15:23:18.803   646 15419 I cmr_oem : 1899, camera_isp_evt_cb: FC set ae info cam_id:0, sof_id:3635, frm_id:3637, cur_ev:0.000000, bv 348, iso:889, cap_flag:0, long_exp_flag:0to_hal_end_cap_flag 0
06-04 15:23:18.803   646 15419 E camera_metadata: validate_camera_metadata_structure: metadata is null!
06-04 15:23:18.803   646 15419 E CamComm1.0-MD: acquire: Failed to validate metadata structure 0x0
