06-04 15:21:00.576  1098  5438 D CompatibilityChangeReporter: Compat change id reported: 168419799; UID 10193; state: DISABLED
06-04 15:21:00.577  1098  1098 E JobScheduler.Quota: <0>com.google.android.apps.magazines has 0 EJ quota without running anything
06-04 15:21:00.578  1098  1140 I DropBoxManagerService: add tag=system_server_wtf isTagEnabled=true flags=0x2
06-04 15:21:00.594  1098  1116 I RescueParty: Starting to observe: [android], updated namespace: app_standby
06-04 15:21:00.594  1098  1139 I PackageWatchdog: Syncing state, reason: observing new packages
06-04 15:21:00.594  1098  1139 D PackageWatchdog: rescue-party-observer added the following packages to monitor [android]
06-04 15:21:00.595  1098  1139 I PackageWatchdog: Syncing state, reason: updated observers
06-04 15:21:00.595  1098  1139 I PackageWatchdog: Not pruning observers, elapsed time: 0ms
06-04 15:21:00.595  1098  1139 I PackageWatchdog: Saving observer state to file
06-04 15:21:00.599  1098  1098 I PackageWatchdog: Syncing health check requests for packages: {}
06-04 15:21:00.599  1098  1098 I ExplicitHealthCheckController: Service not ready to get health check supported packages. Binding...
06-04 15:21:00.604  1098  1098 I ExplicitHealthCheckController: Explicit health check service is bound
06-04 15:21:00.605  1098  1098 I ExplicitHealthCheckController: Explicit health check service is connected ComponentInfo{com.google.android.ext.services/android.ext.services.watchdog.ExplicitHealthCheckServiceImpl}
06-04 15:21:00.606  1098  1098 I ExplicitHealthCheckController: Service initialized, syncing requests
06-04 15:21:00.606  1098  1098 I PackageWatchdog: Syncing health check requests for packages: {}
06-04 15:21:00.606  1098  1098 D ExplicitHealthCheckController: Getting health check supported packages
06-04 15:21:00.608  1098  5438 I ExplicitHealthCheckController: Explicit health check supported packages [PackageConfig{com.google.android.go.networkstack, 86400000}]
06-04 15:21:00.608  1098  5438 D PackageWatchdog: Received supported packages [PackageConfig{com.google.android.go.networkstack, 86400000}]
06-04 15:21:00.608  1098  5438 D ExplicitHealthCheckController: Getting health check requested packages
06-04 15:21:00.609  1098  5438 I ExplicitHealthCheckController: Explicit health check requested packages []
06-04 15:21:00.609  1098  5438 I ExplicitHealthCheckController: No more health check requests, unbinding...
06-04 15:21:00.613  1098  5438 I ExplicitHealthCheckController: Explicit health check service is unbound
06-04 15:21:00.619  1098  1116 I RescueParty: Starting to observe: [com.motorola.launcher3], updated namespace: launcher
06-04 15:21:00.620  1098  1139 I PackageWatchdog: Syncing state, reason: observing new packages
06-04 15:21:00.620  1098  1139 D PackageWatchdog: rescue-party-observer added the following packages to monitor [com.motorola.launcher3]
06-04 15:21:00.620  1098  1139 I PackageWatchdog: Syncing state, reason: updated observers
06-04 15:21:00.620  1098  1139 I PackageWatchdog: Not pruning observers, elapsed time: 0ms
06-04 15:21:00.620  1098  1139 I PackageWatchdog: Saving observer state to file
06-04 15:21:00.623  1098  1098 I PackageWatchdog: Syncing health check requests for packages: {}
06-04 15:21:00.623  1098  1098 I ExplicitHealthCheckController: Service not ready to get health check supported packages. Binding...
06-04 15:21:00.628  1098  1098 I ExplicitHealthCheckController: Explicit health check service is bound
06-04 15:21:00.630  1098  1098 I ExplicitHealthCheckController: Explicit health check service is connected ComponentInfo{com.google.android.ext.services/android.ext.services.watchdog.ExplicitHealthCheckServiceImpl}
06-04 15:21:00.630  1098  1098 I ExplicitHealthCheckController: Service initialized, syncing requests
06-04 15:21:00.630  1098  1098 I PackageWatchdog: Syncing health check requests for packages: {}
06-04 15:21:00.630  1098  1098 D ExplicitHealthCheckController: Getting health check supported packages
06-04 15:21:00.633  1098  1201 D CompatibilityChangeReporter: Compat change id reported: 218533173; UID 10052; state: ENABLED
06-04 15:21:00.633  1098  1116 I ExplicitHealthCheckController: Explicit health check supported packages [PackageConfig{com.google.android.go.networkstack, 86400000}]
06-04 15:21:00.633  1098  1116 D PackageWatchdog: Received supported packages [PackageConfig{com.google.android.go.networkstack, 86400000}]
06-04 15:21:00.633  1098  1116 D ExplicitHealthCheckController: Getting health check requested packages
06-04 15:21:00.634  1098  1201 D CompatibilityChangeReporter: Compat change id reported: 171306433; UID 10113; state: ENABLED
06-04 15:21:00.634  1098  1201 D CompatibilityChangeReporter: Compat change id reported: 226439802; UID 10113; state: DISABLED
06-04 15:21:00.634  1098  5438 I ExplicitHealthCheckController: Explicit health check requested packages []
06-04 15:21:00.634  1098  5438 I ExplicitHealthCheckController: No more health check requests, unbinding...
06-04 15:21:00.636  1098  1201 D CompatibilityChangeReporter: Compat change id reported: 218533173; UID 10132; state: ENABLED
06-04 15:21:00.636  1098  1201 D CompatibilityChangeReporter: Compat change id reported: 218533173; UID 10154; state: ENABLED
06-04 15:21:00.636  1098  5438 I ExplicitHealthCheckController: Explicit health check service is unbound
06-04 15:21:00.636  1098  1201 D CompatibilityChangeReporter: Compat change id reported: 218533173; UID 10109; state: ENABLED
06-04 15:21:00.637  1098  1201 D CompatibilityChangeReporter: Compat change id reported: 218533173; UID 10104; state: ENABLED
06-04 15:21:00.637  1098  1201 D CompatibilityChangeReporter: Compat change id reported: 171306433; UID 10134; state: ENABLED
06-04 15:21:00.637  1098  1201 D CompatibilityChangeReporter: Compat change id reported: 226439802; UID 10134; state: DISABLED
06-04 15:21:00.637  1098  1201 D CompatibilityChangeReporter: Compat change id reported: 218533173; UID 10127; state: ENABLED
06-04 15:21:00.638  1098  1201 D CompatibilityChangeReporter: Compat change id reported: 218533173; UID 10122; state: ENABLED
06-04 15:21:00.638  1098  1201 D CompatibilityChangeReporter: Compat change id reported: 218533173; UID 10123; state: ENABLED
06-04 15:21:00.638  1098  1201 D CompatibilityChangeReporter: Compat change id reported: 218533173; UID 10111; state: ENABLED
06-04 15:21:00.638  1098  1201 D CompatibilityChangeReporter: Compat change id reported: 218533173; UID 10050; state: ENABLED
06-04 15:21:00.638  1098  1201 D CompatibilityChangeReporter: Compat change id reported: 218533173; UID 10101; state: ENABLED
06-04 15:21:00.640  1098  1201 D CompatibilityChangeReporter: Compat change id reported: 171306433; UID 10165; state: ENABLED
06-04 15:21:00.640  1098  1201 D CompatibilityChangeReporter: Compat change id reported: 226439802; UID 10165; state: DISABLED
06-04 15:21:00.641  1098  1201 D CompatibilityChangeReporter: Compat change id reported: 218533173; UID 10159; state: ENABLED
06-04 15:21:00.641  1098  1201 D CompatibilityChangeReporter: Compat change id reported: 218533173; UID 10155; state: ENABLED
06-04 15:21:00.642  1098  1201 D CompatibilityChangeReporter: Compat change id reported: 218533173; UID 10131; state: ENABLED
06-04 15:21:00.642  1098  1201 D CompatibilityChangeReporter: Compat change id reported: 218533173; UID 10193; state: ENABLED
06-04 15:21:00.643  1098  1201 D CompatibilityChangeReporter: Compat change id reported: 218533173; UID 10105; state: ENABLED
06-04 15:21:00.659  1098  5322 I RescueParty: Starting to observe: [android], updated namespace: configuration
06-04 15:21:00.659  1098  1139 I PackageWatchdog: Syncing state, reason: observing new packages
06-04 15:21:00.659  1098  1139 D PackageWatchdog: rescue-party-observer added the following packages to monitor [android]
06-04 15:21:00.659  1098  1139 I PackageWatchdog: Syncing state, reason: updated observers
06-04 15:21:00.659  1098  1139 I PackageWatchdog: Not pruning observers, elapsed time: 0ms
06-04 15:21:00.659  1098  1139 I PackageWatchdog: Saving observer state to file
06-04 15:21:00.661  1098  1098 I PackageWatchdog: Syncing health check requests for packages: {}
06-04 15:21:00.661  1098  1098 I ExplicitHealthCheckController: Service not ready to get health check supported packages. Binding...
06-04 15:21:00.664  1098  1098 I ExplicitHealthCheckController: Explicit health check service is bound
06-04 15:21:00.665  1098  1098 I ExplicitHealthCheckController: Explicit health check service is connected ComponentInfo{com.google.android.ext.services/android.ext.services.watchdog.ExplicitHealthCheckServiceImpl}
06-04 15:21:00.666  1098  1098 I ExplicitHealthCheckController: Service initialized, syncing requests
06-04 15:21:00.666  1098  1098 I PackageWatchdog: Syncing health check requests for packages: {}
06-04 15:21:00.666  1098  1098 D ExplicitHealthCheckController: Getting health check supported packages
06-04 15:21:00.667  1098  5322 I ExplicitHealthCheckController: Explicit health check supported packages [PackageConfig{com.google.android.go.networkstack, 86400000}]
06-04 15:21:00.667  1098  5322 D PackageWatchdog: Received supported packages [PackageConfig{com.google.android.go.networkstack, 86400000}]
06-04 15:21:00.667  1098  5322 D ExplicitHealthCheckController: Getting health check requested packages
06-04 15:21:00.669  1098  5322 I ExplicitHealthCheckController: Explicit health check requested packages []
06-04 15:21:00.669  1098  5322 I ExplicitHealthCheckController: No more health check requests, unbinding...
06-04 15:21:00.670  1098  5322 I ExplicitHealthCheckController: Explicit health check service is unbound
06-04 15:21:00.675  1098 16135 E SettingsToPropertiesMapper: adservices/disable_sdk_sandbox,adservices/enforce_broadcast_receiver_restrictions,adservices/fledge_ad_selection_enforce_foreground_status_custom_audience,adservices/fledge_custom_audience_max_count,adservices/fledge_custom_audience_max_num_ads,adservices/fledge_custom_audience_max_owner_count,adservices/fledge_custom_audience_per_app_max_count,adservices/fledge_js_isolate_enforce_max_heap_size,adservices/fledge_js_isolate_max_heap_size_bytes,adservices/sdk_request_permits_per_second,adservices/sdksandbox_customized_sdk_context_enabled,configuration/namespace_to_package_mapping,constrain_display_apis/always_constrain_display_apis,constrain_display_apis/never_constrain_display_apis,constrain_display_apis/never_constrain_display_apis_all_packages,device_policy_manager/disable_resources_updatability,flipendo/default_savings_mode_launch,flipendo/essential_apps,flipendo/flipendo_enabled_launch,flipendo/grayscale_enabled_launch,flipendo/lever_ble_scanning_enabled_launch,flipendo/lever_hotspot_enabled_launch,flipendo/lever_work_profile_enabled_launch,flipendo/resuspend_delay_minutes,namespace/key,namespace1/key1,namespace1/key2,namespace2/key1,namespace2/key2,package_manager_service/incfs_default_timeouts,package_manager_service/known_digesters_list,privacy/location_access_check_periodic_interval_millis,rollback/enable_rollback_timeout,rollback/watchdog_explicit_health_check_enabled,rollback/watchdog_request_timeout_millis,rollback/watchdog_trigger_failure_count,rollback/watchdog_trigger_failure_duration_millis,rollback_boot/rollback_lifetime_in_millis,systemui/nas_generate_actions,systemui/nas_generate_replies,systemui/nas_max_messages_to_extract,systemui/nas_max_suggestions,testspace/another,testspace/flagname,textclassifier/config_updater_model_enabled,textclassifier/key,textclassifier/key2,textclassifier/manifest_url_annotator_en,textclassifier/manifest_url_annotator_ru,textclassifier/model_download_backoff_delay_in_millis,textclassifier/model_download_manager_enabled,textclassifier/multi_language_support_enabled,textclassifier/testing_locale_list_override,textclassifier/textclassifier_service_package_override,window_manager/enable_default_rescind_bal_privileges_from_pending_intent_sender,wrong/nas_generate_replies, exceeds system property max length.
06-04 15:21:00.687  1098  5322 I RescueParty: Starting to observe: [com.google.android.cellbroadcastservice, com.sprd.omacp, com.google.android.providers.media.module, com.android.vending, android, com.android.settings.intelligence, com.google.android.permissioncontroller, com.spreadtrum.ims, com.google.android.gms, com.google.android.gsf, com.android.settings, com.motorola.launcher3, com.android.phone, com.android.providers.blockednumber, com.android.providers.userdictionary, com.android.systemui, com.android.bluetooth, com.android.providers.contacts], updated namespace: privacy
06-04 15:21:00.687  1098  1139 I PackageWatchdog: Syncing state, reason: observing new packages
06-04 15:21:00.687  1098  1139 D PackageWatchdog: rescue-party-observer added the following packages to monitor [com.google.android.cellbroadcastservice, com.sprd.omacp, com.google.android.providers.media.module, com.android.vending, android, com.android.settings.intelligence, com.google.android.permissioncontroller, com.spreadtrum.ims, com.google.android.gms, com.google.android.gsf, com.android.settings, com.motorola.launcher3, com.android.phone, com.android.providers.blockednumber, com.android.providers.userdictionary, com.android.systemui, com.android.bluetooth, com.android.providers.contacts]
06-04 15:21:00.688  1098  1139 I PackageWatchdog: Syncing state, reason: updated observers
06-04 15:21:00.688  1098  1139 I PackageWatchdog: Not pruning observers, elapsed time: 0ms
06-04 15:21:00.688  1098  1139 I PackageWatchdog: Saving observer state to file
06-04 15:21:00.693  1098  1098 I PackageWatchdog: Syncing health check requests for packages: {com.sprd.omacp, com.android.vending, com.android.settings.intelligence, com.google.android.gsf, com.android.providers.userdictionary}
06-04 15:21:00.693  1098  1098 I ExplicitHealthCheckController: Service not ready to get health check supported packages. Binding...
06-04 15:21:00.700  1098  1098 I ExplicitHealthCheckController: Explicit health check service is bound
06-04 15:21:00.702  1098  1098 I ExplicitHealthCheckController: Explicit health check service is connected ComponentInfo{com.google.android.ext.services/android.ext.services.watchdog.ExplicitHealthCheckServiceImpl}
06-04 15:21:00.702  1098  1098 I ExplicitHealthCheckController: Service initialized, syncing requests
06-04 15:21:00.702  1098  1098 I PackageWatchdog: Syncing health check requests for packages: {com.sprd.omacp, com.android.vending, com.android.settings.intelligence, com.google.android.gsf, com.android.providers.userdictionary}
06-04 15:21:00.702  1098  1098 D ExplicitHealthCheckController: Getting health check supported packages
06-04 15:21:00.705  1098  5438 I ExplicitHealthCheckController: Explicit health check supported packages [PackageConfig{com.google.android.go.networkstack, 86400000}]
06-04 15:21:00.705  1098  5438 D PackageWatchdog: Received supported packages [PackageConfig{com.google.android.go.networkstack, 86400000}]
06-04 15:21:00.705  1098  5438 I PackageWatchdog: Updated health check state for package com.sprd.omacp: INACTIVE -> PASSED
06-04 15:21:00.705  1098  5438 I PackageWatchdog: Updated health check state for package com.android.vending: INACTIVE -> PASSED
06-04 15:21:00.705  1098  5438 I PackageWatchdog: Updated health check state for package com.android.settings.intelligence: INACTIVE -> PASSED
06-04 15:21:00.705  1098  5438 I PackageWatchdog: Updated health check state for package com.google.android.gsf: INACTIVE -> PASSED
06-04 15:21:00.705  1098  5438 I PackageWatchdog: Updated health check state for package com.android.providers.userdictionary: INACTIVE -> PASSED
06-04 15:21:00.705  1098  5438 I PackageWatchdog: Syncing state, reason: updated health check supported packages [PackageConfig{com.google.android.go.networkstack, 86400000}]
06-04 15:21:00.705  1098  5438 D ExplicitHealthCheckController: Getting health check requested packages
06-04 15:21:00.705  1098  1098 I PackageWatchdog: Syncing health check requests for packages: {}
06-04 15:21:00.705  1098  1098 D ExplicitHealthCheckController: Getting health check supported packages
06-04 15:21:00.706  1098  1139 I PackageWatchdog: Saving observer state to file
06-04 15:21:00.706  1098  1317 I ExplicitHealthCheckController: Explicit health check requested packages []
06-04 15:21:00.706  1098  1317 I ExplicitHealthCheckController: No more health check requests, unbinding...
06-04 15:21:00.707  1098  2326 I ExplicitHealthCheckController: Explicit health check supported packages [PackageConfig{com.google.android.go.networkstack, 86400000}]
06-04 15:21:00.707  1098  1317 I ExplicitHealthCheckController: Explicit health check service is unbound
06-04 15:21:00.708  1098  2326 D PackageWatchdog: Received supported packages [PackageConfig{com.google.android.go.networkstack, 86400000}]
06-04 15:21:00.708  1098  2326 I ExplicitHealthCheckController: Service not ready to get health check requested packages. Binding...
06-04 15:21:00.708  1098  1317 I RescueParty: Starting to observe: [com.google.android.ext.services, android, com.android.systemui], updated namespace: systemui
06-04 15:21:00.709  1098  1139 I PackageWatchdog: Syncing state, reason: observing new packages
06-04 15:21:00.709  1098  1139 D PackageWatchdog: rescue-party-observer added the following packages to monitor [com.google.android.ext.services, android, com.android.systemui]
06-04 15:21:00.709  1098  1139 I PackageWatchdog: Syncing state, reason: updated observers
06-04 15:21:00.709  1098  1139 I PackageWatchdog: Not pruning observers, elapsed time: 0ms
06-04 15:21:00.709  1098  1139 I PackageWatchdog: Saving observer state to file
06-04 15:21:00.714  1098  2326 I ExplicitHealthCheckController: Explicit health check service is bound
06-04 15:21:00.714  1098  1098 I PackageWatchdog: Syncing health check requests for packages: {}
06-04 15:21:00.714  1098  1098 I ExplicitHealthCheckController: Service not ready to get health check supported packages. Binding...
06-04 15:21:00.714  1098  1098 I ExplicitHealthCheckController: Not binding to service, service already connecting
06-04 15:21:00.715  1098  1317 D PackageManager: Considering set com.google.android.gms/com.google.android.gms.mlkit.barcode.ui.PlatformBarcodeScanningActivityProxy's state as 1 with userId = 0, callingPackage = null
06-04 15:21:00.717  1098  1098 I ExplicitHealthCheckController: Explicit health check service is connected ComponentInfo{com.google.android.ext.services/android.ext.services.watchdog.ExplicitHealthCheckServiceImpl}
06-04 15:21:00.717  1098  1098 I ExplicitHealthCheckController: Service initialized, syncing requests
06-04 15:21:00.717  1098  1098 I PackageWatchdog: Syncing health check requests for packages: {}
06-04 15:21:00.717  1098  1098 D ExplicitHealthCheckController: Getting health check supported packages
06-04 15:21:00.719  1098  5280 I ExplicitHealthCheckController: Explicit health check supported packages [PackageConfig{com.google.android.go.networkstack, 86400000}]
06-04 15:21:00.719  1098  5280 D PackageWatchdog: Received supported packages [PackageConfig{com.google.android.go.networkstack, 86400000}]
06-04 15:21:00.719  1098  5280 D ExplicitHealthCheckController: Getting health check requested packages
06-04 15:21:00.720  1098  5280 I ExplicitHealthCheckController: Explicit health check requested packages []
06-04 15:21:00.720  1098  5280 I ExplicitHealthCheckController: No more health check requests, unbinding...
06-04 15:21:00.721  1098  5280 I ExplicitHealthCheckController: Explicit health check service is unbound
06-04 15:21:00.722  1098  2329 I RescueParty: Starting to observe: [android], updated namespace: media
06-04 15:21:00.722  1098  1139 I PackageWatchdog: Syncing state, reason: observing new packages
06-04 15:21:00.722  1098  1139 D PackageWatchdog: rescue-party-observer added the following packages to monitor [android]
06-04 15:21:00.723  1098  1139 I PackageWatchdog: Syncing state, reason: updated observers
06-04 15:21:00.723  1098  1139 I PackageWatchdog: Not pruning observers, elapsed time: 0ms
06-04 15:21:00.723  1098  1139 I PackageWatchdog: Saving observer state to file
06-04 15:21:00.725  1098  1098 I PackageWatchdog: Syncing health check requests for packages: {}
06-04 15:21:00.725  1098  1098 I ExplicitHealthCheckController: Service not ready to get health check supported packages. Binding...
06-04 15:21:00.727  1098  1098 I ExplicitHealthCheckController: Explicit health check service is bound
06-04 15:21:00.728  1098  1098 I ExplicitHealthCheckController: Explicit health check service is connected ComponentInfo{com.google.android.ext.services/android.ext.services.watchdog.ExplicitHealthCheckServiceImpl}
06-04 15:21:00.728  1098  1098 I ExplicitHealthCheckController: Service initialized, syncing requests
06-04 15:21:00.729  1098  1098 I PackageWatchdog: Syncing health check requests for packages: {}
06-04 15:21:00.729  1098  1098 D ExplicitHealthCheckController: Getting health check supported packages
06-04 15:21:00.731  1098  5280 I ExplicitHealthCheckController: Explicit health check supported packages [PackageConfig{com.google.android.go.networkstack, 86400000}]
06-04 15:21:00.731  1098  5280 D PackageWatchdog: Received supported packages [PackageConfig{com.google.android.go.networkstack, 86400000}]
06-04 15:21:00.732  1098  5280 D ExplicitHealthCheckController: Getting health check requested packages
06-04 15:21:00.732  1098  5280 I ExplicitHealthCheckController: Explicit health check requested packages []
06-04 15:21:00.732  1098  5280 I ExplicitHealthCheckController: No more health check requests, unbinding...
06-04 15:21:00.734  1098  5280 I ExplicitHealthCheckController: Explicit health check service is unbound
06-04 15:21:00.757  1098  5280 I RescueParty: Starting to observe: [android], updated namespace: alarm_manager
06-04 15:21:00.757  1098  1139 I PackageWatchdog: Syncing state, reason: observing new packages
06-04 15:21:00.757  1098  1139 D PackageWatchdog: rescue-party-observer added the following packages to monitor [android]
06-04 15:21:00.757  1098  1139 I PackageWatchdog: Syncing state, reason: updated observers
06-04 15:21:00.757  1098  1139 I PackageWatchdog: Not pruning observers, elapsed time: 0ms
06-04 15:21:00.757  1098  1098 I PackageWatchdog: Syncing health check requests for packages: {}
06-04 15:21:00.757  1098  1139 I PackageWatchdog: Saving observer state to file
06-04 15:21:00.757  1098  1098 I ExplicitHealthCheckController: Service not ready to get health check supported packages. Binding...
06-04 15:21:00.761  1098  1098 I ExplicitHealthCheckController: Explicit health check service is bound
06-04 15:21:00.763  1098  1098 I PackageWatchdog: Syncing health check requests for packages: {}
06-04 15:21:00.763  1098  1098 I ExplicitHealthCheckController: Service not ready to get health check supported packages. Binding...
06-04 15:21:00.763  1098  1098 I ExplicitHealthCheckController: Not binding to service, service already connecting
06-04 15:21:00.763  1098  1098 I ExplicitHealthCheckController: Explicit health check service is connected ComponentInfo{com.google.android.ext.services/android.ext.services.watchdog.ExplicitHealthCheckServiceImpl}
06-04 15:21:00.763  1098  1098 I ExplicitHealthCheckController: Service initialized, syncing requests
06-04 15:21:00.763  1098  1098 I PackageWatchdog: Syncing health check requests for packages: {}
06-04 15:21:00.764  1098  1098 D ExplicitHealthCheckController: Getting health check supported packages
06-04 15:21:00.765  1098  5280 I ExplicitHealthCheckController: Explicit health check supported packages [PackageConfig{com.google.android.go.networkstack, 86400000}]
06-04 15:21:00.765  1098  5280 D PackageWatchdog: Received supported packages [PackageConfig{com.google.android.go.networkstack, 86400000}]
06-04 15:21:00.765  1098  5280 D ExplicitHealthCheckController: Getting health check requested packages
06-04 15:21:00.766  1098  5280 I ExplicitHealthCheckController: Explicit health check requested packages []
06-04 15:21:00.766  1098  5280 I ExplicitHealthCheckController: No more health check requests, unbinding...
06-04 15:21:00.768  1098  5280 I ExplicitHealthCheckController: Explicit health check service is unbound
06-04 15:21:00.798  1098  5280 I RescueParty: Starting to observe: [android, com.google.android.permissioncontroller, com.android.settings], updated namespace: app_hibernation
06-04 15:21:00.798  1098  1139 I PackageWatchdog: Syncing state, reason: observing new packages
06-04 15:21:00.798  1098  1139 D PackageWatchdog: rescue-party-observer added the following packages to monitor [android, com.google.android.permissioncontroller, com.android.settings]
06-04 15:21:00.799  1098  1139 I PackageWatchdog: Syncing state, reason: updated observers
06-04 15:21:00.799  1098  1139 I PackageWatchdog: Not pruning observers, elapsed time: 0ms
06-04 15:21:00.799  1098  1139 I PackageWatchdog: Saving observer state to file
06-04 15:21:00.801  1098  1098 I PackageWatchdog: Syncing health check requests for packages: {}
06-04 15:21:00.801  1098  1098 I ExplicitHealthCheckController: Service not ready to get health check supported packages. Binding...
06-04 15:21:00.806  1098  1098 I ExplicitHealthCheckController: Explicit health check service is bound
06-04 15:21:00.807  1098  1098 D AppHibernationService: App hibernation changed to enabled=true
06-04 15:21:00.808  1098  1098 I ExplicitHealthCheckController: Explicit health check service is connected ComponentInfo{com.google.android.ext.services/android.ext.services.watchdog.ExplicitHealthCheckServiceImpl}
06-04 15:21:00.808  1098  1098 I ExplicitHealthCheckController: Service initialized, syncing requests
06-04 15:21:00.808  1098  1098 I PackageWatchdog: Syncing health check requests for packages: {}
06-04 15:21:00.808  1098  1098 D ExplicitHealthCheckController: Getting health check supported packages
06-04 15:21:00.810  1098  5280 I ExplicitHealthCheckController: Explicit health check supported packages [PackageConfig{com.google.android.go.networkstack, 86400000}]
06-04 15:21:00.811  1098  5280 D PackageWatchdog: Received supported packages [PackageConfig{com.google.android.go.networkstack, 86400000}]
06-04 15:21:00.811  1098  5280 D ExplicitHealthCheckController: Getting health check requested packages
06-04 15:21:00.812  1098  5280 I ExplicitHealthCheckController: Explicit health check requested packages []
06-04 15:21:00.814  1098  5280 I ExplicitHealthCheckController: No more health check requests, unbinding...
06-04 15:21:00.815  1098  5280 I ExplicitHealthCheckController: Explicit health check service is unbound
06-04 15:21:00.828  1098  1116 I RescueParty: Starting to observe: [android], updated namespace: window_manager
06-04 15:21:00.828  1098  1139 I PackageWatchdog: Syncing state, reason: observing new packages
06-04 15:21:00.828  1098  1139 D PackageWatchdog: rescue-party-observer added the following packages to monitor [android]
06-04 15:21:00.828  1098  1139 I PackageWatchdog: Syncing state, reason: updated observers
06-04 15:21:00.828  1098  1139 I PackageWatchdog: Not pruning observers, elapsed time: 0ms
06-04 15:21:00.828  1098  1139 I PackageWatchdog: Saving observer state to file
06-04 15:21:00.830  1098  1098 I PackageWatchdog: Syncing health check requests for packages: {}
06-04 15:21:00.831  1098  1098 I ExplicitHealthCheckController: Service not ready to get health check supported packages. Binding...
06-04 15:21:00.834  1098  1098 I ExplicitHealthCheckController: Explicit health check service is bound
06-04 15:21:00.837  1098  1098 I ExplicitHealthCheckController: Explicit health check service is connected ComponentInfo{com.google.android.ext.services/android.ext.services.watchdog.ExplicitHealthCheckServiceImpl}
06-04 15:21:00.838  1098  1098 I ExplicitHealthCheckController: Service initialized, syncing requests
06-04 15:21:00.838  1098  1098 I PackageWatchdog: Syncing health check requests for packages: {}
06-04 15:21:00.838  1098  1098 D ExplicitHealthCheckController: Getting health check supported packages
06-04 15:21:00.841  1098  1116 I ExplicitHealthCheckController: Explicit health check supported packages [PackageConfig{com.google.android.go.networkstack, 86400000}]
06-04 15:21:00.841  1098  1116 D PackageWatchdog: Received supported packages [PackageConfig{com.google.android.go.networkstack, 86400000}]
06-04 15:21:00.841  1098  1116 D ExplicitHealthCheckController: Getting health check requested packages
06-04 15:21:00.841  1098  5280 I ExplicitHealthCheckController: Explicit health check requested packages []
06-04 15:21:00.842  1098  5280 I ExplicitHealthCheckController: No more health check requests, unbinding...
06-04 15:21:00.843  1098  5280 I ExplicitHealthCheckController: Explicit health check service is unbound
06-04 15:21:00.894  1098  5280 I RescueParty: Starting to observe: [android, com.android.bluetooth], updated namespace: bluetooth
06-04 15:21:00.895  1098  1139 I PackageWatchdog: Syncing state, reason: observing new packages
06-04 15:21:00.895  1098  1139 D PackageWatchdog: rescue-party-observer added the following packages to monitor [android, com.android.bluetooth]
06-04 15:21:00.895  1098  1139 I PackageWatchdog: Syncing state, reason: updated observers
06-04 15:21:00.895  1098  1139 I PackageWatchdog: Not pruning observers, elapsed time: 0ms
06-04 15:21:00.895  1098  1139 I PackageWatchdog: Saving observer state to file
06-04 15:21:00.902  1098  1098 I PackageWatchdog: Syncing health check requests for packages: {}
06-04 15:21:00.902  1098  1098 I ExplicitHealthCheckController: Service not ready to get health check supported packages. Binding...
06-04 15:21:00.904  1098  1098 I ExplicitHealthCheckController: Explicit health check service is bound
06-04 15:21:00.905  1098  1098 I ExplicitHealthCheckController: Explicit health check service is connected ComponentInfo{com.google.android.ext.services/android.ext.services.watchdog.ExplicitHealthCheckServiceImpl}
06-04 15:21:00.906  1098  1098 I ExplicitHealthCheckController: Service initialized, syncing requests
06-04 15:21:00.906  1098  1098 I PackageWatchdog: Syncing health check requests for packages: {}
06-04 15:21:00.906  1098  1098 D ExplicitHealthCheckController: Getting health check supported packages
06-04 15:21:00.907  1098  1569 I ExplicitHealthCheckController: Explicit health check supported packages [PackageConfig{com.google.android.go.networkstack, 86400000}]
06-04 15:21:00.907  1098  1569 D PackageWatchdog: Received supported packages [PackageConfig{com.google.android.go.networkstack, 86400000}]
06-04 15:21:00.907  1098  1569 D ExplicitHealthCheckController: Getting health check requested packages
06-04 15:21:00.908  1098  1569 I ExplicitHealthCheckController: Explicit health check requested packages []
06-04 15:21:00.908  1098  1569 I ExplicitHealthCheckController: No more health check requests, unbinding...
06-04 15:21:00.911  1098  1569 I ExplicitHealthCheckController: Explicit health check service is unbound
06-04 15:21:00.913  1098  1569 I RescueParty: Starting to observe: [android, com.motorola.launcher3, com.android.systemui], updated namespace: latency_tracker
06-04 15:21:00.913  1098  1139 I PackageWatchdog: Syncing state, reason: observing new packages
06-04 15:21:00.913  1098  1139 D PackageWatchdog: rescue-party-observer added the following packages to monitor [android, com.motorola.launcher3, com.android.systemui]
06-04 15:21:00.913  1098  1139 I PackageWatchdog: Syncing state, reason: updated observers
06-04 15:21:00.913  1098  1139 I PackageWatchdog: Not pruning observers, elapsed time: 0ms
06-04 15:21:00.913  1098  1139 I PackageWatchdog: Saving observer state to file
06-04 15:21:00.916  1098  1098 I PackageWatchdog: Syncing health check requests for packages: {}
06-04 15:21:00.916  1098  1098 I ExplicitHealthCheckController: Service not ready to get health check supported packages. Binding...
06-04 15:21:00.919  1098  1098 I ExplicitHealthCheckController: Explicit health check service is bound
06-04 15:21:00.920  1098  1098 I ExplicitHealthCheckController: Explicit health check service is connected ComponentInfo{com.google.android.ext.services/android.ext.services.watchdog.ExplicitHealthCheckServiceImpl}
06-04 15:21:00.920  1098  1098 I ExplicitHealthCheckController: Service initialized, syncing requests
06-04 15:21:00.920  1098  1098 I PackageWatchdog: Syncing health check requests for packages: {}
06-04 15:21:00.920  1098  1098 D ExplicitHealthCheckController: Getting health check supported packages
06-04 15:21:00.921  1098  1569 I RescueParty: Starting to observe: [android], updated namespace: battery_saver
06-04 15:21:00.921  1098  1139 I PackageWatchdog: Syncing state, reason: observing new packages
06-04 15:21:00.921  1098  1139 D PackageWatchdog: rescue-party-observer added the following packages to monitor [android]
06-04 15:21:00.921  1098  1139 I PackageWatchdog: Syncing state, reason: updated observers
06-04 15:21:00.921  1098  1139 I PackageWatchdog: Not pruning observers, elapsed time: 0ms
06-04 15:21:00.921  1098  1139 I PackageWatchdog: Saving observer state to file
06-04 15:21:00.922  1098  5280 I ExplicitHealthCheckController: Explicit health check supported packages [PackageConfig{com.google.android.go.networkstack, 86400000}]
06-04 15:21:00.923  1098  5280 D PackageWatchdog: Received supported packages [PackageConfig{com.google.android.go.networkstack, 86400000}]
06-04 15:21:00.923  1098  5280 D ExplicitHealthCheckController: Getting health check requested packages
06-04 15:21:00.923  1098  1098 I PackageWatchdog: Syncing health check requests for packages: {}
06-04 15:21:00.924  1098  1098 D ExplicitHealthCheckController: Getting health check supported packages
06-04 15:21:00.924  1098  5280 I ExplicitHealthCheckController: Explicit health check requested packages []
06-04 15:21:00.924  1098  5280 I ExplicitHealthCheckController: No more health check requests, unbinding...
06-04 15:21:00.925  1098  5280 I ExplicitHealthCheckController: Explicit health check service is unbound
06-04 15:21:00.926  1098  1116 I ExplicitHealthCheckController: Explicit health check supported packages [PackageConfig{com.google.android.go.networkstack, 86400000}]
06-04 15:21:00.926  1098  1116 D PackageWatchdog: Received supported packages [PackageConfig{com.google.android.go.networkstack, 86400000}]
06-04 15:21:00.926  1098  1116 I ExplicitHealthCheckController: Service not ready to get health check requested packages. Binding...
06-04 15:21:00.930  1098  1116 I ExplicitHealthCheckController: Explicit health check service is bound
06-04 15:21:00.930  1098  5280 I RescueParty: Starting to observe: [android], updated namespace: constrain_display_apis
06-04 15:21:00.930  1098  1098 I ExplicitHealthCheckController: Explicit health check service is connected ComponentInfo{com.google.android.ext.services/android.ext.services.watchdog.ExplicitHealthCheckServiceImpl}
06-04 15:21:00.930  1098  1139 I PackageWatchdog: Syncing state, reason: observing new packages
06-04 15:21:00.930  1098  1139 D PackageWatchdog: rescue-party-observer added the following packages to monitor [android]
06-04 15:21:00.930  1098  1139 I PackageWatchdog: Syncing state, reason: updated observers
06-04 15:21:00.930  1098  1098 I ExplicitHealthCheckController: Service initialized, syncing requests
06-04 15:21:00.931  1098  1139 I PackageWatchdog: Not pruning observers, elapsed time: 0ms
06-04 15:21:00.931  1098  1139 I PackageWatchdog: Saving observer state to file
06-04 15:21:00.933  1098  1098 I PackageWatchdog: Syncing health check requests for packages: {}
06-04 15:21:00.933  1098  1098 D ExplicitHealthCheckController: Getting health check supported packages
06-04 15:21:00.935  1098  5280 I ExplicitHealthCheckController: Explicit health check supported packages [PackageConfig{com.google.android.go.networkstack, 86400000}]
06-04 15:21:00.935  1098  5280 D PackageWatchdog: Received supported packages [PackageConfig{com.google.android.go.networkstack, 86400000}]
06-04 15:21:00.935  1098  5280 D ExplicitHealthCheckController: Getting health check requested packages
06-04 15:21:00.936  1098  1569 I ExplicitHealthCheckController: Explicit health check requested packages []
06-04 15:21:00.936  1098  1569 I ExplicitHealthCheckController: No more health check requests, unbinding...
06-04 15:21:00.938  1098  1569 I ExplicitHealthCheckController: Explicit health check service is unbound
06-04 15:21:00.943  1098  1116 D CompatibilityChangeReporter: Compat change id reported: 161145287; UID 10193; state: DISABLED
06-04 15:21:00.953  1098  1116 I RescueParty: Starting to observe: [android], updated namespace: nnapi_native
06-04 15:21:00.953  1098  1139 I PackageWatchdog: Syncing state, reason: observing new packages
06-04 15:21:00.953  1098  1139 D PackageWatchdog: rescue-party-observer added the following packages to monitor [android]
06-04 15:21:00.953  1098  1139 I PackageWatchdog: Syncing state, reason: updated observers
06-04 15:21:00.953  1098  1139 I PackageWatchdog: Not pruning observers, elapsed time: 0ms
06-04 15:21:00.953  1098  1139 I PackageWatchdog: Saving observer state to file
06-04 15:21:00.955  1098  1098 I PackageWatchdog: Syncing health check requests for packages: {}
06-04 15:21:00.955  1098  1098 I ExplicitHealthCheckController: Service not ready to get health check supported packages. Binding...
06-04 15:21:00.959  1098  1098 I ExplicitHealthCheckController: Explicit health check service is bound
06-04 15:21:00.959  1098  5280 I RescueParty: Starting to observe: [com.google.android.cellbroadcastservice, android], updated namespace: tethering
06-04 15:21:00.959  1098  1139 I PackageWatchdog: Syncing state, reason: observing new packages
06-04 15:21:00.959  1098  1139 D PackageWatchdog: rescue-party-observer added the following packages to monitor [com.google.android.cellbroadcastservice, android]
06-04 15:21:00.959  1098  1139 I PackageWatchdog: Syncing state, reason: updated observers
06-04 15:21:00.959  1098  1139 I PackageWatchdog: Not pruning observers, elapsed time: 0ms
06-04 15:21:00.959  1098  1139 I PackageWatchdog: Saving observer state to file
06-04 15:21:00.965  1098  1098 I PackageWatchdog: Syncing health check requests for packages: {}
06-04 15:21:00.965  1098  1098 I ExplicitHealthCheckController: Service not ready to get health check supported packages. Binding...
06-04 15:21:00.965  1098  1098 I ExplicitHealthCheckController: Not binding to service, service already connecting
06-04 15:21:00.965  1098  1098 I ExplicitHealthCheckController: Explicit health check service is connected ComponentInfo{com.google.android.ext.services/android.ext.services.watchdog.ExplicitHealthCheckServiceImpl}
06-04 15:21:00.966  1098  1098 I ExplicitHealthCheckController: Service initialized, syncing requests
06-04 15:21:00.966  1098  1098 I PackageWatchdog: Syncing health check requests for packages: {}
06-04 15:21:00.966  1098  1098 D ExplicitHealthCheckController: Getting health check supported packages
06-04 15:21:00.968  1098  5322 I ExplicitHealthCheckController: Explicit health check supported packages [PackageConfig{com.google.android.go.networkstack, 86400000}]
06-04 15:21:00.968  1098  5322 D PackageWatchdog: Received supported packages [PackageConfig{com.google.android.go.networkstack, 86400000}]
06-04 15:21:00.968  1098  5322 D ExplicitHealthCheckController: Getting health check requested packages
06-04 15:21:00.969  1098  5322 I ExplicitHealthCheckController: Explicit health check requested packages []
06-04 15:21:00.969  1098  5322 I ExplicitHealthCheckController: No more health check requests, unbinding...
06-04 15:21:00.971  1098  5280 I RescueParty: Starting to observe: [android], updated namespace: location
06-04 15:21:00.971  1098  1139 I PackageWatchdog: Syncing state, reason: observing new packages
06-04 15:21:00.971  1098  1139 D PackageWatchdog: rescue-party-observer added the following packages to monitor [android]
06-04 15:21:00.971  1098  1139 I PackageWatchdog: Syncing state, reason: updated observers
06-04 15:21:00.971  1098  1139 I PackageWatchdog: Not pruning observers, elapsed time: 0ms
06-04 15:21:00.971  1098  1139 I PackageWatchdog: Saving observer state to file
06-04 15:21:00.972  1098  5322 I ExplicitHealthCheckController: Explicit health check service is unbound
06-04 15:21:00.972  1098 28583 E SettingsToPropertiesMapper: Unable to set property persist.device_config.tethering.ingress_to_vpn_address_filtering value '0'
06-04 15:21:00.972  1098 28583 E SettingsToPropertiesMapper: java.lang.RuntimeException: failed to set system property (check logcat for reason)
06-04 15:21:00.972  1098 28583 E SettingsToPropertiesMapper: 	at android.os.SystemProperties.native_set(Native Method)
06-04 15:21:00.972  1098 28583 E SettingsToPropertiesMapper: 	at android.os.SystemProperties.set(SystemProperties.java:235)
06-04 15:21:00.972  1098 28583 E SettingsToPropertiesMapper: 	at com.android.server.am.SettingsToPropertiesMapper.setProperty(SettingsToPropertiesMapper.java:248)
06-04 15:21:00.972  1098 28583 E SettingsToPropertiesMapper: 	at com.android.server.am.SettingsToPropertiesMapper.lambda$updatePropertiesFromSettings$0$com-android-server-am-SettingsToPropertiesMapper(SettingsToPropertiesMapper.java:162)
06-04 15:21:00.972  1098 28583 E SettingsToPropertiesMapper: 	at com.android.server.am.SettingsToPropertiesMapper$$ExternalSyntheticLambda0.onPropertiesChanged(Unknown Source:2)
06-04 15:21:00.972  1098 28583 E SettingsToPropertiesMapper: 	at android.provider.DeviceConfig.lambda$handleChange$0(DeviceConfig.java:1190)
06-04 15:21:00.972  1098 28583 E SettingsToPropertiesMapper: 	at android.provider.DeviceConfig$$ExternalSyntheticLambda0.run(Unknown Source:4)
06-04 15:21:00.972  1098 28583 E SettingsToPropertiesMapper: 	at java.util.concurrent.ThreadPoolExecutor.runWorker(ThreadPoolExecutor.java:1154)
06-04 15:21:00.972  1098 28583 E SettingsToPropertiesMapper: 	at java.util.concurrent.ThreadPoolExecutor$Worker.run(ThreadPoolExecutor.java:652)
06-04 15:21:00.972  1098 28583 E SettingsToPropertiesMapper: 	at java.lang.Thread.run(Thread.java:1564)
06-04 15:21:00.975  1098 28583 E SettingsToPropertiesMapper: Unable to set property persist.device_config.tethering.bpf_net_maps_enable_java_bpf_map value '0'
06-04 15:21:00.975  1098 28583 E SettingsToPropertiesMapper: java.lang.RuntimeException: failed to set system property (check logcat for reason)
06-04 15:21:00.975  1098 28583 E SettingsToPropertiesMapper: 	at android.os.SystemProperties.native_set(Native Method)
06-04 15:21:00.975  1098 28583 E SettingsToPropertiesMapper: 	at android.os.SystemProperties.set(SystemProperties.java:235)
06-04 15:21:00.975  1098 28583 E SettingsToPropertiesMapper: 	at com.android.server.am.SettingsToPropertiesMapper.setProperty(SettingsToPropertiesMapper.java:248)
06-04 15:21:00.975  1098 28583 E SettingsToPropertiesMapper: 	at com.android.server.am.SettingsToPropertiesMapper.lambda$updatePropertiesFromSettings$0$com-android-server-am-SettingsToPropertiesMapper(SettingsToPropertiesMapper.java:162)
06-04 15:21:00.975  1098 28583 E SettingsToPropertiesMapper: 	at com.android.server.am.SettingsToPropertiesMapper$$ExternalSyntheticLambda0.onPropertiesChanged(Unknown Source:2)
06-04 15:21:00.975  1098 28583 E SettingsToPropertiesMapper: 	at android.provider.DeviceConfig.lambda$handleChange$0(DeviceConfig.java:1190)
06-04 15:21:00.975  1098 28583 E SettingsToPropertiesMapper: 	at android.provider.DeviceConfig$$ExternalSyntheticLambda0.run(Unknown Source:4)
06-04 15:21:00.975  1098 28583 E SettingsToPropertiesMapper: 	at java.util.concurrent.ThreadPoolExecutor.runWorker(ThreadPoolExecutor.java:1154)
06-04 15:21:00.975  1098 28583 E SettingsToPropertiesMapper: 	at java.util.concurrent.ThreadPoolExecutor$Worker.run(ThreadPoolExecutor.java:652)
06-04 15:21:00.975  1098 28583 E SettingsToPropertiesMapper: 	at java.lang.Thread.run(Thread.java:1564)
06-04 15:21:00.975  1098  1098 I PackageWatchdog: Syncing health check requests for packages: {}
06-04 15:21:00.975  1098  1098 I ExplicitHealthCheckController: Service not ready to get health check supported packages. Binding...
06-04 15:21:00.977  1098  1098 I ExplicitHealthCheckController: Explicit health check service is bound
06-04 15:21:00.979  1098  1098 I ExplicitHealthCheckController: Explicit health check service is connected ComponentInfo{com.google.android.ext.services/android.ext.services.watchdog.ExplicitHealthCheckServiceImpl}
06-04 15:21:00.979  1098  1098 I ExplicitHealthCheckController: Service initialized, syncing requests
06-04 15:21:00.979  1098  1098 I PackageWatchdog: Syncing health check requests for packages: {}
06-04 15:21:00.980  1098  1098 D ExplicitHealthCheckController: Getting health check supported packages
06-04 15:21:00.982  1098  1116 I ExplicitHealthCheckController: Explicit health check supported packages [PackageConfig{com.google.android.go.networkstack, 86400000}]
06-04 15:21:00.982  1098  1116 D PackageWatchdog: Received supported packages [PackageConfig{com.google.android.go.networkstack, 86400000}]
06-04 15:21:00.982  1098  1116 D ExplicitHealthCheckController: Getting health check requested packages
06-04 15:21:00.983  1098  1116 I ExplicitHealthCheckController: Explicit health check requested packages []
06-04 15:21:00.983  1098  1116 I ExplicitHealthCheckController: No more health check requests, unbinding...
06-04 15:21:00.984  1098  1116 I ExplicitHealthCheckController: Explicit health check service is unbound
06-04 15:21:01.024  1098  1116 D BroadcastQueue: Add broadcast <BroadcastRecord{3e81acd u-1 android.intent.action.BATTERY_CHANGED}> into [parallel | background], pending size 0
06-04 15:21:01.024  1098  5322 W ActivityManager: stopServiceToken startId 54 is last, but have 1 remaining args
06-04 15:21:01.025  1098  1140 W BroadcastQueue: Exported Denial: sending Intent { act=android.intent.action.BATTERY_CHANGED flg=0x60000010 (has extras) }, action: android.intent.action.BATTERY_CHANGED from null (uid=-1) due to receiver ProcessRecord{429342 16219:com.google.android.apps.magazines/u0a193} (uid 10193) not specifying RECEIVER_EXPORTED
06-04 15:21:01.025  1098  1140 D BroadcastQueue: Done with parallel broadcast [background] [BroadcastRecord{3e81acd u-1 android.intent.action.BATTERY_CHANGED}]
06-04 15:21:01.079  1098  1116 D BroadcastQueue: Finished with ordered broadcast BroadcastRecord{b2c11c0 u0 com.google.android.gms.phenotype.UPDATE} receivers:([ResolveInfo{ab87fe8 com.google.android.apps.magazines/com.google.android.libraries.phenotype.client.stable.PhenotypeUpdateBackgroundBroadcastReceiver m=0x108000}]) take 556ms in [background], remains 9
06-04 15:21:01.080  1098  1116 D CompatibilityChangeReporter: Compat change id reported: 168419799; UID 10193; state: DISABLED
06-04 15:21:01.082  1098  5322 D BroadcastQueue: Finished with ordered broadcast BroadcastRecord{4f5b49f u0 com.google.android.gms.phenotype.UPDATE} receivers:([ResolveInfo{cf75601 com.google.android.apps.magazines/com.google.android.libraries.phenotype.client.stable.PhenotypeUpdateBackgroundBroadcastReceiver m=0x108000}]) take 3ms in [background], remains 8
06-04 15:21:01.086  1098  5322 D BroadcastQueue: Finished with ordered broadcast BroadcastRecord{ba089ec u0 com.google.android.gms.phenotype.UPDATE} receivers:([ResolveInfo{74a1ca6 com.google.android.apps.magazines/com.google.android.libraries.phenotype.client.stable.PhenotypeUpdateBackgroundBroadcastReceiver m=0x108000}]) take 2ms in [background], remains 7
06-04 15:21:01.089  1098  5322 D BroadcastQueue: Finished with ordered broadcast BroadcastRecord{5e8d1b5 u0 com.google.android.gms.phenotype.UPDATE} receivers:([ResolveInfo{dacf6e7 com.google.android.apps.magazines/com.google.android.libraries.phenotype.client.stable.PhenotypeUpdateBackgroundBroadcastReceiver m=0x108000}]) take 2ms in [background], remains 6
06-04 15:21:01.090  1098  5322 D CompatibilityChangeReporter: Compat change id reported: 135634846; UID 10102; state: DISABLED
06-04 15:21:01.090  1098  5322 D CompatibilityChangeReporter: Compat change id reported: 177438394; UID 10102; state: DISABLED
06-04 15:21:01.090  1098  5322 D CompatibilityChangeReporter: Compat change id reported: 135772972; UID 10102; state: DISABLED
06-04 15:21:01.090  1098  5322 D CompatibilityChangeReporter: Compat change id reported: 135754954; UID 10102; state: ENABLED
06-04 15:21:01.090  1098  1141 D ActivityManager: asking zygote to start proc:ProcessRecord{389b294 0:com.google.android.apps.assistant/u0a102}
06-04 15:21:01.090  1098  1141 D CompatibilityChangeReporter: Compat change id reported: 143937733; UID 10102; state: ENABLED
06-04 15:21:01.090  1098  1141 D PreforkProcessScene: execution function name:handlePreforkStartProcess
