06-04 15:23:19.839   646 15464 I android.hardware.camera.provider@2.4-service: 55, sensorhub_read_data: X
06-04 15:23:19.844   646 15419 I cmr_oem : 1899, camera_isp_evt_cb: FC set ae info cam_id:0, sof_id:3661, frm_id:3663, cur_ev:0.000000, bv 347, iso:889, cap_flag:0, long_exp_flag:0to_hal_end_cap_flag 0
06-04 15:23:19.844   646 15419 E camera_metadata: validate_camera_metadata_structure: metadata is null!
06-04 15:23:19.844   646 15419 E CamComm1.0-MD: acquire: Failed to validate metadata structure 0x0
06-04 15:23:19.845   646 15474 I awb_adpt: 2115, awb_sprd_ctrl_calculation_v4_x: AWB result : (1741,1024,2350) 4076K , fram_count : 3660 , camera_id : 0, wb mode : 0; bv : 347 ; AWB lib 64x64: (1741,1024,2350) 4076K; cmc_result: (1809 -884 99; -308 1360 -28; -122 -209 1355).
06-04 15:23:19.846   646 15419 I isp_alg_fw: 4107, ispalg_ai_pro_param_compatible: cam0 ai_pro, run_status 0,  last ai_scene 0, cur scene 0, ai_pro 1
06-04 15:23:19.846   646 15419 E dcam_u_awbc: 38, dcam_u_awbc_block: awb_blk_scene_id=0
06-04 15:23:19.846   646 15419 E dcam_u_awbc: 40, dcam_u_awbc_block: awbc_bypass=0, r=1741,gr=1024,gb=1024,b=2350
06-04 15:23:19.846   646 15419 E dcam_u_awbc: 42, dcam_u_awbc_block: awbc_thrd: r=1023,gr=1023,gb=1023,b=1023
06-04 15:23:19.846   646 15419 E dcam_u_awbc: 44, dcam_u_awbc_block: awbc_gain_offset: r=0,gr=0,gb=0,b=0
06-04 15:23:19.846   646 15441 I aft_sprd_lib: 1650, scene_change_judge: corr (1.000000, 1.000000, 1.000000) avg 1.000000 thr 0.970000
06-04 15:23:19.847   646 15441 I aft_sprd_lib: 3795, aft_proc_log_print: afm move diff : 884882,diff_thr :30272265,diff_cnt : 0,g_diff(x,y,z):(0.000000,0.000000,0.038307),aem move diff : (num : r,g,b,cnt) = (0,0,0,0), scene_change_flag 0
06-04 15:23:19.879   646 15464 I android.hardware.camera.provider@2.4-service: 39, get_color_temp_data: X
06-04 15:23:19.879   646 15464 I android.hardware.camera.provider@2.4-service: 55, sensorhub_read_data: X
06-04 15:23:19.885   646 15419 I cmr_oem : 1899, camera_isp_evt_cb: FC set ae info cam_id:0, sof_id:3662, frm_id:3664, cur_ev:0.000000, bv 347, iso:889, cap_flag:0, long_exp_flag:0to_hal_end_cap_flag 0
06-04 15:23:19.885   646 15419 E camera_metadata: validate_camera_metadata_structure: metadata is null!
06-04 15:23:19.885   646 15419 E CamComm1.0-MD: acquire: Failed to validate metadata structure 0x0
06-04 15:23:19.885   646 15474 I awb_adpt: 2115, awb_sprd_ctrl_calculation_v4_x: AWB result : (1741,1024,2350) 4076K , fram_count : 3661 , camera_id : 0, wb mode : 0; bv : 347 ; AWB lib 64x64: (1741,1024,2350) 4076K; cmc_result: (1809 -884 99; -308 1360 -28; -122 -209 1355).
06-04 15:23:19.886   646 15419 I isp_alg_fw: 4107, ispalg_ai_pro_param_compatible: cam0 ai_pro, run_status 0,  last ai_scene 0, cur scene 0, ai_pro 1
06-04 15:23:19.886   646 15419 E dcam_u_awbc: 38, dcam_u_awbc_block: awb_blk_scene_id=0
06-04 15:23:19.886   646 15419 E dcam_u_awbc: 40, dcam_u_awbc_block: awbc_bypass=0, r=1741,gr=1024,gb=1024,b=2350
06-04 15:23:19.886   646 15419 E dcam_u_awbc: 42, dcam_u_awbc_block: awbc_thrd: r=1023,gr=1023,gb=1023,b=1023
06-04 15:23:19.886   646 15419 E dcam_u_awbc: 44, dcam_u_awbc_block: awbc_gain_offset: r=0,gr=0,gb=0,b=0
06-04 15:23:19.887   646 15441 I aft_sprd_lib: 1650, scene_change_judge: corr (1.000000, 1.000000, 1.000000) avg 1.000000 thr 0.970000
06-04 15:23:19.887   646 15441 I aft_sprd_lib: 3795, aft_proc_log_print: afm move diff : 588936,diff_thr :30272265,diff_cnt : 0,g_diff(x,y,z):(0.000000,0.076614,0.038307),aem move diff : (num : r,g,b,cnt) = (0,0,0,0), scene_change_flag 0
06-04 15:23:19.919   646 15464 I android.hardware.camera.provider@2.4-service: 39, get_color_temp_data: X
06-04 15:23:19.919   646 15464 I android.hardware.camera.provider@2.4-service: 55, sensorhub_read_data: X
06-04 15:23:19.924   646 15419 I cmr_oem : 1899, camera_isp_evt_cb: FC set ae info cam_id:0, sof_id:3663, frm_id:3665, cur_ev:0.000000, bv 347, iso:889, cap_flag:0, long_exp_flag:0to_hal_end_cap_flag 0
06-04 15:23:19.924   646 15419 E camera_metadata: validate_camera_metadata_structure: metadata is null!
06-04 15:23:19.925   646 15419 E CamComm1.0-MD: acquire: Failed to validate metadata structure 0x0
06-04 15:23:19.925   646 15474 I awb_adpt: 2115, awb_sprd_ctrl_calculation_v4_x: AWB result : (1741,1024,2350) 4076K , fram_count : 3662 , camera_id : 0, wb mode : 0; bv : 347 ; AWB lib 64x64: (1741,1024,2350) 4076K; cmc_result: (1809 -884 99; -308 1360 -28; -122 -209 1355).
06-04 15:23:19.925   646 15419 I isp_alg_fw: 4107, ispalg_ai_pro_param_compatible: cam0 ai_pro, run_status 0,  last ai_scene 0, cur scene 0, ai_pro 1
06-04 15:23:19.925   646 15419 E dcam_u_awbc: 38, dcam_u_awbc_block: awb_blk_scene_id=0
06-04 15:23:19.925   646 15419 E dcam_u_awbc: 40, dcam_u_awbc_block: awbc_bypass=0, r=1741,gr=1024,gb=1024,b=2350
06-04 15:23:19.925   646 15419 E dcam_u_awbc: 42, dcam_u_awbc_block: awbc_thrd: r=1023,gr=1023,gb=1023,b=1023
06-04 15:23:19.925   646 15419 E dcam_u_awbc: 44, dcam_u_awbc_block: awbc_gain_offset: r=0,gr=0,gb=0,b=0
06-04 15:23:19.926   646 15441 I aft_sprd_lib: 1650, scene_change_judge: corr (1.000000, 1.000000, 1.000000) avg 1.000000 thr 0.970000
06-04 15:23:19.926   646 15441 I aft_sprd_lib: 3795, aft_proc_log_print: afm move diff : 928042,diff_thr :30272265,diff_cnt : 0,g_diff(x,y,z):(0.000000,0.076614,0.000000),aem move diff : (num : r,g,b,cnt) = (0,0,0,0), scene_change_flag 0
06-04 15:23:19.948   656  1018 D SensorHub: SPRD[726]processTypeEvent::DBG_VERBOSE[Accelerometer Sensor] bias_x=[0.076683] bias_y=[6.849223] bias_z=[6.956068]
06-04 15:23:19.959   646 15464 I android.hardware.camera.provider@2.4-service: 39, get_color_temp_data: X
06-04 15:23:19.959   646 15464 I android.hardware.camera.provider@2.4-service: 55, sensorhub_read_data: X
06-04 15:23:19.960   646 15459 I afl_ctrl: 637, aflctrl_process: afl ctrl process rtn:0, cur_flicker:0, flag:0
06-04 15:23:19.964   646 15419 I cmr_oem : 1899, camera_isp_evt_cb: FC set ae info cam_id:0, sof_id:3664, frm_id:3666, cur_ev:0.000000, bv 347, iso:889, cap_flag:0, long_exp_flag:0to_hal_end_cap_flag 0
06-04 15:23:19.964   646 15419 E camera_metadata: validate_camera_metadata_structure: metadata is null!
06-04 15:23:19.964   646 15419 E CamComm1.0-MD: acquire: Failed to validate metadata structure 0x0
06-04 15:23:19.965   646 15474 I awb_adpt: 2115, awb_sprd_ctrl_calculation_v4_x: AWB result : (1741,1024,2350) 4076K , fram_count : 3663 , camera_id : 0, wb mode : 0; bv : 347 ; AWB lib 64x64: (1741,1024,2350) 4076K; cmc_result: (1809 -884 99; -308 1360 -28; -122 -209 1355).
06-04 15:23:19.966   646 15419 I isp_alg_fw: 4107, ispalg_ai_pro_param_compatible: cam0 ai_pro, run_status 0,  last ai_scene 0, cur scene 0, ai_pro 1
06-04 15:23:19.966   646 15419 E dcam_u_awbc: 38, dcam_u_awbc_block: awb_blk_scene_id=0
06-04 15:23:19.966   646 15419 E dcam_u_awbc: 40, dcam_u_awbc_block: awbc_bypass=0, r=1741,gr=1024,gb=1024,b=2350
06-04 15:23:19.966   646 15419 E dcam_u_awbc: 42, dcam_u_awbc_block: awbc_thrd: r=1023,gr=1023,gb=1023,b=1023
06-04 15:23:19.966   646 15419 E dcam_u_awbc: 44, dcam_u_awbc_block: awbc_gain_offset: r=0,gr=0,gb=0,b=0
06-04 15:23:19.966   646 15441 I aft_sprd_lib: 1650, scene_change_judge: corr (1.000000, 1.000000, 1.000000) avg 1.000000 thr 0.970000
06-04 15:23:19.966   646 15441 I aft_sprd_lib: 3795, aft_proc_log_print: afm move diff : 953717,diff_thr :30272265,diff_cnt : 0,g_diff(x,y,z):(0.000000,0.076614,0.076614),aem move diff : (num : r,g,b,cnt) = (0,0,0,0), scene_change_flag 0
06-04 15:23:19.967  8153 17167 W adbd    : timed out while waiting for FUNCTIONFS_BIND, trying again
06-04 15:23:19.967  8153 17167 I adbd    : UsbFfs: connection terminated: monitor thread finished
06-04 15:23:19.967  8153  8153 I adbd    : UsbFfs: already offline
06-04 15:23:19.967  8153  8153 I adbd    : destroying transport UsbFfs
06-04 15:23:19.967  8153  8153 I adbd    : UsbFfsConnection being destroyed
06-04 15:23:19.999   646 15464 I android.hardware.camera.provider@2.4-service: 39, get_color_temp_data: X
06-04 15:23:19.999   646 15464 I android.hardware.camera.provider@2.4-service: 55, sensorhub_read_data: X
06-04 15:23:20.004   646 15419 I cmr_oem : 1899, camera_isp_evt_cb: FC set ae info cam_id:0, sof_id:3665, frm_id:3667, cur_ev:0.000000, bv 347, iso:889, cap_flag:0, long_exp_flag:0to_hal_end_cap_flag 0
06-04 15:23:20.004   646 15419 E camera_metadata: validate_camera_metadata_structure: metadata is null!
06-04 15:23:20.004   646 15419 E CamComm1.0-MD: acquire: Failed to validate metadata structure 0x0
06-04 15:23:20.005   646 15474 I awb_adpt: 2115, awb_sprd_ctrl_calculation_v4_x: AWB result : (1741,1024,2350) 4076K , fram_count : 3664 , camera_id : 0, wb mode : 0; bv : 347 ; AWB lib 64x64: (1741,1024,2350) 4076K; cmc_result: (1809 -884 99; -308 1360 -28; -122 -209 1355).
06-04 15:23:20.006   646 15419 I isp_alg_fw: 4107, ispalg_ai_pro_param_compatible: cam0 ai_pro, run_status 0,  last ai_scene 0, cur scene 0, ai_pro 1
06-04 15:23:20.006   646 15419 E dcam_u_awbc: 38, dcam_u_awbc_block: awb_blk_scene_id=0
06-04 15:23:20.006   646 15419 E dcam_u_awbc: 40, dcam_u_awbc_block: awbc_bypass=0, r=1741,gr=1024,gb=1024,b=2350
06-04 15:23:20.006   646 15419 E dcam_u_awbc: 42, dcam_u_awbc_block: awbc_thrd: r=1023,gr=1023,gb=1023,b=1023
06-04 15:23:20.006   646 15419 E dcam_u_awbc: 44, dcam_u_awbc_block: awbc_gain_offset: r=0,gr=0,gb=0,b=0
06-04 15:23:20.006   646 15441 I aft_sprd_lib: 1650, scene_change_judge: corr (1.000000, 1.000000, 1.000000) avg 1.000000 thr 0.970000
06-04 15:23:20.006   646 15441 I aft_sprd_lib: 3795, aft_proc_log_print: afm move diff : 1207002,diff_thr :30272265,diff_cnt : 0,g_diff(x,y,z):(0.000000,0.038307,0.076614),aem move diff : (num : r,g,b,cnt) = (0,0,0,0), scene_change_flag 0
06-04 15:23:20.013  8153  8157 I adbd    : opening control endpoint /dev/usb-ffs/adb/ep0
06-04 15:23:20.014  8153  8157 I adbd    : UsbFfsConnection constructed
06-04 15:23:20.015  8153 17169 I adbd    : UsbFfs-monitor thread spawned
06-04 15:23:20.039   646 15464 I android.hardware.camera.provider@2.4-service: 39, get_color_temp_data: X
06-04 15:23:20.039   646 15464 I android.hardware.camera.provider@2.4-service: 55, sensorhub_read_data: X
06-04 15:23:20.045   646 15419 I cmr_oem : 1899, camera_isp_evt_cb: FC set ae info cam_id:0, sof_id:3666, frm_id:3668, cur_ev:0.000000, bv 347, iso:889, cap_flag:0, long_exp_flag:0to_hal_end_cap_flag 0
06-04 15:23:20.045   646 15419 E camera_metadata: validate_camera_metadata_structure: metadata is null!
06-04 15:23:20.045   646 15419 E CamComm1.0-MD: acquire: Failed to validate metadata structure 0x0
06-04 15:23:20.045   646 15474 I awb_adpt: 2115, awb_sprd_ctrl_calculation_v4_x: AWB result : (1741,1024,2350) 4076K , fram_count : 3665 , camera_id : 0, wb mode : 0; bv : 347 ; AWB lib 64x64: (1741,1024,2350) 4076K; cmc_result: (1809 -884 99; -308 1360 -28; -122 -209 1355).
06-04 15:23:20.046   646 15419 I isp_alg_fw: 4107, ispalg_ai_pro_param_compatible: cam0 ai_pro, run_status 0,  last ai_scene 0, cur scene 0, ai_pro 1
06-04 15:23:20.046   646 15419 E dcam_u_awbc: 38, dcam_u_awbc_block: awb_blk_scene_id=0
06-04 15:23:20.046   646 15419 E dcam_u_awbc: 40, dcam_u_awbc_block: awbc_bypass=0, r=1741,gr=1024,gb=1024,b=2350
06-04 15:23:20.046   646 15419 E dcam_u_awbc: 42, dcam_u_awbc_block: awbc_thrd: r=1023,gr=1023,gb=1023,b=1023
06-04 15:23:20.046   646 15419 E dcam_u_awbc: 44, dcam_u_awbc_block: awbc_gain_offset: r=0,gr=0,gb=0,b=0
06-04 15:23:20.046   646 15441 I aft_sprd_lib: 1650, scene_change_judge: corr (1.000000, 1.000000, 1.000000) avg 1.000000 thr 0.970000
06-04 15:23:20.046   646 15441 I aft_sprd_lib: 3795, aft_proc_log_print: afm move diff : 300789,diff_thr :30272265,diff_cnt : 0,g_diff(x,y,z):(0.000000,0.038307,0.076614),aem move diff : (num : r,g,b,cnt) = (0,0,0,0), scene_change_flag 0
06-04 15:23:20.079   646 15464 I android.hardware.camera.provider@2.4-service: 39, get_color_temp_data: X
06-04 15:23:20.079   646 15464 I android.hardware.camera.provider@2.4-service: 55, sensorhub_read_data: X
06-04 15:23:20.085   646 15419 I cmr_oem : 1899, camera_isp_evt_cb: FC set ae info cam_id:0, sof_id:3667, frm_id:3669, cur_ev:0.000000, bv 347, iso:889, cap_flag:0, long_exp_flag:0to_hal_end_cap_flag 0
06-04 15:23:20.085   646 15419 E camera_metadata: validate_camera_metadata_structure: metadata is null!
06-04 15:23:20.085   646 15419 E CamComm1.0-MD: acquire: Failed to validate metadata structure 0x0
06-04 15:23:20.085   646 15474 I awb_adpt: 2115, awb_sprd_ctrl_calculation_v4_x: AWB result : (1741,1024,2350) 4076K , fram_count : 3666 , camera_id : 0, wb mode : 0; bv : 347 ; AWB lib 64x64: (1741,1024,2350) 4076K; cmc_result: (1809 -884 99; -308 1360 -28; -122 -209 1355).
06-04 15:23:20.086   646 15419 I isp_alg_fw: 4107, ispalg_ai_pro_param_compatible: cam0 ai_pro, run_status 0,  last ai_scene 0, cur scene 0, ai_pro 1
06-04 15:23:20.086   646 15419 E dcam_u_awbc: 38, dcam_u_awbc_block: awb_blk_scene_id=0
06-04 15:23:20.086   646 15419 E dcam_u_awbc: 40, dcam_u_awbc_block: awbc_bypass=0, r=1741,gr=1024,gb=1024,b=2350
06-04 15:23:20.086   646 15419 E dcam_u_awbc: 42, dcam_u_awbc_block: awbc_thrd: r=1023,gr=1023,gb=1023,b=1023
06-04 15:23:20.086   646 15419 E dcam_u_awbc: 44, dcam_u_awbc_block: awbc_gain_offset: r=0,gr=0,gb=0,b=0
06-04 15:23:20.086   646 15441 I aft_sprd_lib: 1650, scene_change_judge: corr (1.000000, 1.000000, 1.000000) avg 1.000000 thr 0.970000
06-04 15:23:20.087   646 15441 I aft_sprd_lib: 3795, aft_proc_log_print: afm move diff : 1364539,diff_thr :30272265,diff_cnt : 0,g_diff(x,y,z):(0.000000,0.038307,0.076614),aem move diff : (num : r,g,b,cnt) = (0,0,0,0), scene_change_flag 0
06-04 15:23:20.118   646 15464 I android.hardware.camera.provider@2.4-service: 39, get_color_temp_data: X
06-04 15:23:20.118   646 15464 I android.hardware.camera.provider@2.4-service: 55, sensorhub_read_data: X
06-04 15:23:20.120   646 15459 I afl_ctrl: 637, aflctrl_process: afl ctrl process rtn:0, cur_flicker:0, flag:0
06-04 15:23:20.125   646 15419 I cmr_oem : 1899, camera_isp_evt_cb: FC set ae info cam_id:0, sof_id:3668, frm_id:3670, cur_ev:0.000000, bv 347, iso:889, cap_flag:0, long_exp_flag:0to_hal_end_cap_flag 0
06-04 15:23:20.125   646 15419 E camera_metadata: validate_camera_metadata_structure: metadata is null!
06-04 15:23:20.125   646 15419 E CamComm1.0-MD: acquire: Failed to validate metadata structure 0x0
06-04 15:23:20.125   646 15474 I awb_adpt: 2115, awb_sprd_ctrl_calculation_v4_x: AWB result : (1741,1024,2350) 4076K , fram_count : 3667 , camera_id : 0, wb mode : 0; bv : 347 ; AWB lib 64x64: (1741,1024,2350) 4076K; cmc_result: (1809 -884 99; -308 1360 -28; -122 -209 1355).
06-04 15:23:20.125   646 15419 I isp_alg_fw: 4107, ispalg_ai_pro_param_compatible: cam0 ai_pro, run_status 0,  last ai_scene 0, cur scene 0, ai_pro 1
06-04 15:23:20.125   646 15419 E dcam_u_awbc: 38, dcam_u_awbc_block: awb_blk_scene_id=0
06-04 15:23:20.125   646 15419 E dcam_u_awbc: 40, dcam_u_awbc_block: awbc_bypass=0, r=1741,gr=1024,gb=1024,b=2350
06-04 15:23:20.125   646 15419 E dcam_u_awbc: 42, dcam_u_awbc_block: awbc_thrd: r=1023,gr=1023,gb=1023,b=1023
06-04 15:23:20.125   646 15419 E dcam_u_awbc: 44, dcam_u_awbc_block: awbc_gain_offset: r=0,gr=0,gb=0,b=0
06-04 15:23:20.127   646 15441 I aft_sprd_lib: 1650, scene_change_judge: corr (1.000000, 1.000000, 1.000000) avg 1.000000 thr 0.970000
06-04 15:23:20.127   646 15441 I aft_sprd_lib: 3795, aft_proc_log_print: afm move diff : 523110,diff_thr :30272265,diff_cnt : 0,g_diff(x,y,z):(0.000000,0.038307,0.038307),aem move diff : (num : r,g,b,cnt) = (0,0,0,0), scene_change_flag 0
06-04 15:23:20.150   656  1018 D SensorHub: SPRD[734]processTypeEvent::DBG_VERBOSE[Light Sensor] lux = [94.816803]
06-04 15:23:20.159   646 15464 I android.hardware.camera.provider@2.4-service: 39, get_color_temp_data: X
06-04 15:23:20.159   646 15464 I android.hardware.camera.provider@2.4-service: 55, sensorhub_read_data: X
06-04 15:23:20.165   646 15419 I cmr_oem : 1899, camera_isp_evt_cb: FC set ae info cam_id:0, sof_id:3669, frm_id:3671, cur_ev:0.000000, bv 347, iso:889, cap_flag:0, long_exp_flag:0to_hal_end_cap_flag 0
06-04 15:23:20.165   646 15419 E camera_metadata: validate_camera_metadata_structure: metadata is null!
06-04 15:23:20.165   646 15419 E CamComm1.0-MD: acquire: Failed to validate metadata structure 0x0
06-04 15:23:20.165   646 15474 I awb_adpt: 2115, awb_sprd_ctrl_calculation_v4_x: AWB result : (1741,1024,2350) 4076K , fram_count : 3668 , camera_id : 0, wb mode : 0; bv : 347 ; AWB lib 64x64: (1741,1024,2350) 4076K; cmc_result: (1809 -884 99; -308 1360 -28; -122 -209 1355).
06-04 15:23:20.166   646 15419 I isp_alg_fw: 4107, ispalg_ai_pro_param_compatible: cam0 ai_pro, run_status 0,  last ai_scene 0, cur scene 0, ai_pro 1
06-04 15:23:20.166   646 15419 E dcam_u_awbc: 38, dcam_u_awbc_block: awb_blk_scene_id=0
06-04 15:23:20.166   646 15419 E dcam_u_awbc: 40, dcam_u_awbc_block: awbc_bypass=0, r=1741,gr=1024,gb=1024,b=2350
06-04 15:23:20.166   646 15419 E dcam_u_awbc: 42, dcam_u_awbc_block: awbc_thrd: r=1023,gr=1023,gb=1023,b=1023
06-04 15:23:20.166   646 15419 E dcam_u_awbc: 44, dcam_u_awbc_block: awbc_gain_offset: r=0,gr=0,gb=0,b=0
06-04 15:23:20.166   646 15441 I aft_sprd_lib: 1650, scene_change_judge: corr (1.000000, 1.000000, 1.000000) avg 1.000000 thr 0.970000
06-04 15:23:20.166   646 15441 I aft_sprd_lib: 3795, aft_proc_log_print: afm move diff : 1029620,diff_thr :30272265,diff_cnt : 0,g_diff(x,y,z):(0.000000,0.076614,0.000000),aem move diff : (num : r,g,b,cnt) = (0,0,0,0), scene_change_flag 0
06-04 15:23:20.189   656  1018 D SensorHub: SPRD[726]processTypeEvent::DBG_VERBOSE[Accelerometer Sensor] bias_x=[0.038355] bias_y=[6.849223] bias_z=[6.956068]
06-04 15:23:20.199   646 15464 I android.hardware.camera.provider@2.4-service: 39, get_color_temp_data: X
06-04 15:23:20.199   646 15464 I android.hardware.camera.provider@2.4-service: 55, sensorhub_read_data: X
06-04 15:23:20.205   646 15419 I cmr_oem : 1899, camera_isp_evt_cb: FC set ae info cam_id:0, sof_id:3670, frm_id:3672, cur_ev:0.000000, bv 347, iso:889, cap_flag:0, long_exp_flag:0to_hal_end_cap_flag 0
06-04 15:23:20.205   646 15419 E camera_metadata: validate_camera_metadata_structure: metadata is null!
06-04 15:23:20.205   646 15419 E CamComm1.0-MD: acquire: Failed to validate metadata structure 0x0
06-04 15:23:20.206   646 15474 I awb_adpt: 2115, awb_sprd_ctrl_calculation_v4_x: AWB result : (1741,1024,2350) 4076K , fram_count : 3669 , camera_id : 0, wb mode : 0; bv : 347 ; AWB lib 64x64: (1741,1024,2350) 4076K; cmc_result: (1809 -884 99; -308 1360 -28; -122 -209 1355).
06-04 15:23:20.206   646 15419 I isp_alg_fw: 4107, ispalg_ai_pro_param_compatible: cam0 ai_pro, run_status 0,  last ai_scene 0, cur scene 0, ai_pro 1
06-04 15:23:20.206   646 15419 E dcam_u_awbc: 38, dcam_u_awbc_block: awb_blk_scene_id=0
06-04 15:23:20.206   646 15419 E dcam_u_awbc: 40, dcam_u_awbc_block: awbc_bypass=0, r=1741,gr=1024,gb=1024,b=2350
06-04 15:23:20.206   646 15419 E dcam_u_awbc: 42, dcam_u_awbc_block: awbc_thrd: r=1023,gr=1023,gb=1023,b=1023
06-04 15:23:20.206   646 15419 E dcam_u_awbc: 44, dcam_u_awbc_block: awbc_gain_offset: r=0,gr=0,gb=0,b=0
06-04 15:23:20.207   646 15441 I aft_sprd_lib: 1650, scene_change_judge: corr (1.000000, 1.000000, 1.000000) avg 1.000000 thr 0.970000
06-04 15:23:20.207   646 15441 I aft_sprd_lib: 3795, aft_proc_log_print: afm move diff : 1254489,diff_thr :30272265,diff_cnt : 0,g_diff(x,y,z):(0.000000,0.114922,0.076614),aem move diff : (num : r,g,b,cnt) = (0,0,0,0), scene_change_flag 0
06-04 15:23:20.239   646 15464 I android.hardware.camera.provider@2.4-service: 39, get_color_temp_data: X
06-04 15:23:20.239   646 15464 I android.hardware.camera.provider@2.4-service: 55, sensorhub_read_data: X
06-04 15:23:20.245   646 15419 I cmr_oem : 1899, camera_isp_evt_cb: FC set ae info cam_id:0, sof_id:3671, frm_id:3673, cur_ev:0.000000, bv 347, iso:889, cap_flag:0, long_exp_flag:0to_hal_end_cap_flag 0
06-04 15:23:20.245   646 15419 E camera_metadata: validate_camera_metadata_structure: metadata is null!
06-04 15:23:20.245   646 15419 E CamComm1.0-MD: acquire: Failed to validate metadata structure 0x0
06-04 15:23:20.245   646 15474 I awb_adpt: 2115, awb_sprd_ctrl_calculation_v4_x: AWB result : (1741,1024,2350) 4076K , fram_count : 3670 , camera_id : 0, wb mode : 0; bv : 347 ; AWB lib 64x64: (1741,1024,2350) 4076K; cmc_result: (1809 -884 99; -308 1360 -28; -122 -209 1355).
06-04 15:23:20.246   646 15419 I isp_alg_fw: 4107, ispalg_ai_pro_param_compatible: cam0 ai_pro, run_status 0,  last ai_scene 0, cur scene 0, ai_pro 1
06-04 15:23:20.246   646 15419 E dcam_u_awbc: 38, dcam_u_awbc_block: awb_blk_scene_id=0
06-04 15:23:20.246   646 15419 E dcam_u_awbc: 40, dcam_u_awbc_block: awbc_bypass=0, r=1741,gr=1024,gb=1024,b=2350
06-04 15:23:20.246   646 15419 E dcam_u_awbc: 42, dcam_u_awbc_block: awbc_thrd: r=1023,gr=1023,gb=1023,b=1023
06-04 15:23:20.246   646 15419 E dcam_u_awbc: 44, dcam_u_awbc_block: awbc_gain_offset: r=0,gr=0,gb=0,b=0
06-04 15:23:20.247   646 15441 I aft_sprd_lib: 1650, scene_change_judge: corr (1.000000, 1.000000, 1.000000) avg 1.000000 thr 0.970000
06-04 15:23:20.247   646 15441 I aft_sprd_lib: 3795, aft_proc_log_print: afm move diff : 1014471,diff_thr :30272265,diff_cnt : 0,g_diff(x,y,z):(0.000000,0.000000,0.076614),aem move diff : (num : r,g,b,cnt) = (0,0,0,0), scene_change_flag 0
06-04 15:23:20.279   646 15464 I android.hardware.camera.provider@2.4-service: 39, get_color_temp_data: X
06-04 15:23:20.279   646 15464 I android.hardware.camera.provider@2.4-service: 55, sensorhub_read_data: X
06-04 15:23:20.280   646 15459 I afl_ctrl: 637, aflctrl_process: afl ctrl process rtn:0, cur_flicker:0, flag:0
06-04 15:23:20.285   646 15419 I cmr_oem : 1899, camera_isp_evt_cb: FC set ae info cam_id:0, sof_id:3672, frm_id:3674, cur_ev:0.000000, bv 347, iso:889, cap_flag:0, long_exp_flag:0to_hal_end_cap_flag 0
06-04 15:23:20.285   646 15419 E camera_metadata: validate_camera_metadata_structure: metadata is null!
06-04 15:23:20.285   646 15419 E CamComm1.0-MD: acquire: Failed to validate metadata structure 0x0
06-04 15:23:20.286   646 15474 I awb_adpt: 2115, awb_sprd_ctrl_calculation_v4_x: AWB result : (1741,1024,2350) 4076K , fram_count : 3671 , camera_id : 0, wb mode : 0; bv : 347 ; AWB lib 64x64: (1741,1024,2350) 4076K; cmc_result: (1809 -884 99; -308 1360 -28; -122 -209 1355).
06-04 15:23:20.287   646 15419 I isp_alg_fw: 4107, ispalg_ai_pro_param_compatible: cam0 ai_pro, run_status 0,  last ai_scene 0, cur scene 0, ai_pro 1
06-04 15:23:20.287   646 15419 E dcam_u_awbc: 38, dcam_u_awbc_block: awb_blk_scene_id=0
06-04 15:23:20.287   646 15419 E dcam_u_awbc: 40, dcam_u_awbc_block: awbc_bypass=0, r=1741,gr=1024,gb=1024,b=2350
06-04 15:23:20.287   646 15419 E dcam_u_awbc: 42, dcam_u_awbc_block: awbc_thrd: r=1023,gr=1023,gb=1023,b=1023
06-04 15:23:20.287   646 15419 E dcam_u_awbc: 44, dcam_u_awbc_block: awbc_gain_offset: r=0,gr=0,gb=0,b=0
06-04 15:23:20.287   646 15441 I aft_sprd_lib: 1650, scene_change_judge: corr (1.000000, 1.000000, 1.000000) avg 1.000000 thr 0.970000
06-04 15:23:20.287   646 15441 I aft_sprd_lib: 3795, aft_proc_log_print: afm move diff : 68638,diff_thr :30272265,diff_cnt : 0,g_diff(x,y,z):(0.000000,0.038307,0.038307),aem move diff : (num : r,g,b,cnt) = (0,0,0,0), scene_change_flag 0
06-04 15:23:20.319   646 15464 I android.hardware.camera.provider@2.4-service: 39, get_color_temp_data: X
06-04 15:23:20.319   646 15464 I android.hardware.camera.provider@2.4-service: 55, sensorhub_read_data: X
06-04 15:23:20.325   646 15419 I cmr_oem : 1899, camera_isp_evt_cb: FC set ae info cam_id:0, sof_id:3673, frm_id:3675, cur_ev:0.000000, bv 347, iso:889, cap_flag:0, long_exp_flag:0to_hal_end_cap_flag 0
06-04 15:23:20.325   646 15419 E camera_metadata: validate_camera_metadata_structure: metadata is null!
06-04 15:23:20.325   646 15419 E CamComm1.0-MD: acquire: Failed to validate metadata structure 0x0
06-04 15:23:20.325   646 15474 I awb_adpt: 2115, awb_sprd_ctrl_calculation_v4_x: AWB result : (1741,1024,2350) 4076K , fram_count : 3672 , camera_id : 0, wb mode : 0; bv : 347 ; AWB lib 64x64: (1741,1024,2350) 4076K; cmc_result: (1809 -884 99; -308 1360 -28; -122 -209 1355).
06-04 15:23:20.326   646 15419 I isp_alg_fw: 4107, ispalg_ai_pro_param_compatible: cam0 ai_pro, run_status 0,  last ai_scene 0, cur scene 0, ai_pro 1
06-04 15:23:20.326   646 15419 E dcam_u_awbc: 38, dcam_u_awbc_block: awb_blk_scene_id=0
06-04 15:23:20.326   646 15419 E dcam_u_awbc: 40, dcam_u_awbc_block: awbc_bypass=0, r=1741,gr=1024,gb=1024,b=2350
06-04 15:23:20.326   646 15419 E dcam_u_awbc: 42, dcam_u_awbc_block: awbc_thrd: r=1023,gr=1023,gb=1023,b=1023
06-04 15:23:20.326   646 15419 E dcam_u_awbc: 44, dcam_u_awbc_block: awbc_gain_offset: r=0,gr=0,gb=0,b=0
06-04 15:23:20.327   646 15441 I aft_sprd_lib: 1650, scene_change_judge: corr (1.000000, 1.000000, 1.000000) avg 1.000000 thr 0.970000
06-04 15:23:20.327   646 15441 I aft_sprd_lib: 3795, aft_proc_log_print: afm move diff : 1295260,diff_thr :30272265,diff_cnt : 0,g_diff(x,y,z):(0.038307,0.114922,0.038307),aem move diff : (num : r,g,b,cnt) = (0,0,0,0), scene_change_flag 0
06-04 15:23:20.359   646 15464 I android.hardware.camera.provider@2.4-service: 39, get_color_temp_data: X
06-04 15:23:20.359   646 15464 I android.hardware.camera.provider@2.4-service: 55, sensorhub_read_data: X
06-04 15:23:20.365   646 15419 I cmr_oem : 1899, camera_isp_evt_cb: FC set ae info cam_id:0, sof_id:3674, frm_id:3676, cur_ev:0.000000, bv 347, iso:889, cap_flag:0, long_exp_flag:0to_hal_end_cap_flag 0
06-04 15:23:20.365   646 15419 E camera_metadata: validate_camera_metadata_structure: metadata is null!
06-04 15:23:20.365   646 15419 E CamComm1.0-MD: acquire: Failed to validate metadata structure 0x0
06-04 15:23:20.366   646 15474 I awb_adpt: 2115, awb_sprd_ctrl_calculation_v4_x: AWB result : (1741,1024,2350) 4076K , fram_count : 3673 , camera_id : 0, wb mode : 0; bv : 347 ; AWB lib 64x64: (1741,1024,2350) 4076K; cmc_result: (1809 -884 99; -308 1360 -28; -122 -209 1355).
06-04 15:23:20.367   646 15419 I isp_alg_fw: 4107, ispalg_ai_pro_param_compatible: cam0 ai_pro, run_status 0,  last ai_scene 0, cur scene 0, ai_pro 1
06-04 15:23:20.367   646 15419 E dcam_u_awbc: 38, dcam_u_awbc_block: awb_blk_scene_id=0
06-04 15:23:20.367   646 15419 E dcam_u_awbc: 40, dcam_u_awbc_block: awbc_bypass=0, r=1741,gr=1024,gb=1024,b=2350
06-04 15:23:20.367   646 15419 E dcam_u_awbc: 42, dcam_u_awbc_block: awbc_thrd: r=1023,gr=1023,gb=1023,b=1023
06-04 15:23:20.367   646 15419 E dcam_u_awbc: 44, dcam_u_awbc_block: awbc_gain_offset: r=0,gr=0,gb=0,b=0
06-04 15:23:20.367   646 15441 I aft_sprd_lib: 1650, scene_change_judge: corr (1.000000, 1.000000, 1.000000) avg 1.000000 thr 0.970000
06-04 15:23:20.367   646 15441 I aft_sprd_lib: 3795, aft_proc_log_print: afm move diff : 879836,diff_thr :30272265,diff_cnt : 0,g_diff(x,y,z):(0.000000,0.038307,0.076614),aem move diff : (num : r,g,b,cnt) = (0,0,0,0), scene_change_flag 0
06-04 15:23:20.390  5565  5710 I NearbyDiscovery: (REDACTED) BloomFilterAdvManager: Detected bloom filter but too far away, ignoring. %sm, %s
06-04 15:23:20.391   656  1018 D SensorHub: SPRD[726]processTypeEvent::DBG_VERBOSE[Accelerometer Sensor] bias_x=[0.115010] bias_y=[6.849223] bias_z=[6.994396]
06-04 15:23:20.399   646 15464 I android.hardware.camera.provider@2.4-service: 39, get_color_temp_data: X
06-04 15:23:20.399   646 15464 I android.hardware.camera.provider@2.4-service: 55, sensorhub_read_data: X
06-04 15:23:20.405   646 15419 I cmr_oem : 1899, camera_isp_evt_cb: FC set ae info cam_id:0, sof_id:3675, frm_id:3677, cur_ev:0.000000, bv 347, iso:889, cap_flag:0, long_exp_flag:0to_hal_end_cap_flag 0
06-04 15:23:20.405   646 15419 E camera_metadata: validate_camera_metadata_structure: metadata is null!
06-04 15:23:20.405   646 15419 E CamComm1.0-MD: acquire: Failed to validate metadata structure 0x0
06-04 15:23:20.406   646 15474 I awb_adpt: 2115, awb_sprd_ctrl_calculation_v4_x: AWB result : (1741,1024,2350) 4076K , fram_count : 3674 , camera_id : 0, wb mode : 0; bv : 347 ; AWB lib 64x64: (1741,1024,2350) 4076K; cmc_result: (1809 -884 99; -308 1360 -28; -122 -209 1355).
06-04 15:23:20.406   646 15419 I isp_alg_fw: 4107, ispalg_ai_pro_param_compatible: cam0 ai_pro, run_status 0,  last ai_scene 0, cur scene 0, ai_pro 1
06-04 15:23:20.406   646 15419 E dcam_u_awbc: 38, dcam_u_awbc_block: awb_blk_scene_id=0
06-04 15:23:20.406   646 15419 E dcam_u_awbc: 40, dcam_u_awbc_block: awbc_bypass=0, r=1741,gr=1024,gb=1024,b=2350
06-04 15:23:20.406   646 15419 E dcam_u_awbc: 42, dcam_u_awbc_block: awbc_thrd: r=1023,gr=1023,gb=1023,b=1023
06-04 15:23:20.406   646 15419 E dcam_u_awbc: 44, dcam_u_awbc_block: awbc_gain_offset: r=0,gr=0,gb=0,b=0
06-04 15:23:20.407   646 15441 I aft_sprd_lib: 1650, scene_change_judge: corr (1.000000, 1.000000, 1.000000) avg 1.000000 thr 0.970000
06-04 15:23:20.407   646 15441 I aft_sprd_lib: 3795, aft_proc_log_print: afm move diff : 447023,diff_thr :30272265,diff_cnt : 0,g_diff(x,y,z):(0.000000,0.076614,0.114922),aem move diff : (num : r,g,b,cnt) = (0,0,0,0), scene_change_flag 0
06-04 15:23:20.439   646 15464 I android.hardware.camera.provider@2.4-service: 39, get_color_temp_data: X
06-04 15:23:20.439   646 15464 I android.hardware.camera.provider@2.4-service: 55, sensorhub_read_data: X
06-04 15:23:20.441   646 15459 I afl_ctrl: 637, aflctrl_process: afl ctrl process rtn:0, cur_flicker:0, flag:0
06-04 15:23:20.445   646 15419 I cmr_oem : 1899, camera_isp_evt_cb: FC set ae info cam_id:0, sof_id:3676, frm_id:3678, cur_ev:0.000000, bv 347, iso:889, cap_flag:0, long_exp_flag:0to_hal_end_cap_flag 0
06-04 15:23:20.445   646 15419 E camera_metadata: validate_camera_metadata_structure: metadata is null!
06-04 15:23:20.445   646 15419 E CamComm1.0-MD: acquire: Failed to validate metadata structure 0x0
06-04 15:23:20.446   646 15474 I awb_adpt: 2115, awb_sprd_ctrl_calculation_v4_x: AWB result : (1741,1024,2350) 4076K , fram_count : 3675 , camera_id : 0, wb mode : 0; bv : 347 ; AWB lib 64x64: (1741,1024,2350) 4076K; cmc_result: (1809 -884 99; -308 1360 -28; -122 -209 1355).
06-04 15:23:20.446   646 15419 I isp_alg_fw: 4107, ispalg_ai_pro_param_compatible: cam0 ai_pro, run_status 0,  last ai_scene 0, cur scene 0, ai_pro 1
06-04 15:23:20.446   646 15419 E dcam_u_awbc: 38, dcam_u_awbc_block: awb_blk_scene_id=0
06-04 15:23:20.446   646 15419 E dcam_u_awbc: 40, dcam_u_awbc_block: awbc_bypass=0, r=1741,gr=1024,gb=1024,b=2350
06-04 15:23:20.446   646 15419 E dcam_u_awbc: 42, dcam_u_awbc_block: awbc_thrd: r=1023,gr=1023,gb=1023,b=1023
06-04 15:23:20.446   646 15419 E dcam_u_awbc: 44, dcam_u_awbc_block: awbc_gain_offset: r=0,gr=0,gb=0,b=0
06-04 15:23:20.447   646 15441 I aft_sprd_lib: 1650, scene_change_judge: corr (1.000000, 1.000000, 1.000000) avg 1.000000 thr 0.970000
06-04 15:23:20.447   646 15441 I aft_sprd_lib: 3795, aft_proc_log_print: afm move diff : 728742,diff_thr :30272265,diff_cnt : 0,g_diff(x,y,z):(0.000000,0.076614,0.114922),aem move diff : (num : r,g,b,cnt) = (0,0,0,0), scene_change_flag 0
06-04 15:23:20.472   656  1018 D SensorHub: SPRD[734]processTypeEvent::DBG_VERBOSE[Light Sensor] lux = [94.209000]
06-04 15:23:20.479   646 15464 I android.hardware.camera.provider@2.4-service: 39, get_color_temp_data: X
06-04 15:23:20.479   646 15464 I android.hardware.camera.provider@2.4-service: 55, sensorhub_read_data: X
06-04 15:23:20.485   646 15419 I cmr_oem : 1899, camera_isp_evt_cb: FC set ae info cam_id:0, sof_id:3677, frm_id:3679, cur_ev:0.000000, bv 347, iso:889, cap_flag:0, long_exp_flag:0to_hal_end_cap_flag 0
06-04 15:23:20.485   646 15419 E camera_metadata: validate_camera_metadata_structure: metadata is null!
06-04 15:23:20.485   646 15419 E CamComm1.0-MD: acquire: Failed to validate metadata structure 0x0
06-04 15:23:20.486   646 15474 I awb_adpt: 2115, awb_sprd_ctrl_calculation_v4_x: AWB result : (1741,1024,2350) 4076K , fram_count : 3676 , camera_id : 0, wb mode : 0; bv : 347 ; AWB lib 64x64: (1741,1024,2350) 4076K; cmc_result: (1809 -884 99; -308 1360 -28; -122 -209 1355).
06-04 15:23:20.486   646 15419 I isp_alg_fw: 4107, ispalg_ai_pro_param_compatible: cam0 ai_pro, run_status 0,  last ai_scene 0, cur scene 0, ai_pro 1
06-04 15:23:20.486   646 15419 E dcam_u_awbc: 38, dcam_u_awbc_block: awb_blk_scene_id=0
06-04 15:23:20.486   646 15419 E dcam_u_awbc: 40, dcam_u_awbc_block: awbc_bypass=0, r=1741,gr=1024,gb=1024,b=2350
06-04 15:23:20.487   646 15419 E dcam_u_awbc: 42, dcam_u_awbc_block: awbc_thrd: r=1023,gr=1023,gb=1023,b=1023
06-04 15:23:20.487   646 15419 E dcam_u_awbc: 44, dcam_u_awbc_block: awbc_gain_offset: r=0,gr=0,gb=0,b=0
06-04 15:23:20.487   646 15441 I aft_sprd_lib: 1650, scene_change_judge: corr (1.000000, 1.000000, 1.000000) avg 1.000000 thr 0.970000
06-04 15:23:20.487   646 15441 I aft_sprd_lib: 3795, aft_proc_log_print: afm move diff : 97212,diff_thr :30272265,diff_cnt : 0,g_diff(x,y,z):(0.000000,0.000000,0.191536),aem move diff : (num : r,g,b,cnt) = (0,0,0,0), scene_change_flag 0
06-04 15:23:20.519   646 15464 I android.hardware.camera.provider@2.4-service: 39, get_color_temp_data: X
06-04 15:23:20.519   646 15464 I android.hardware.camera.provider@2.4-service: 55, sensorhub_read_data: X
06-04 15:23:20.525   646 15419 I cmr_oem : 1899, camera_isp_evt_cb: FC set ae info cam_id:0, sof_id:3678, frm_id:3680, cur_ev:0.000000, bv 347, iso:889, cap_flag:0, long_exp_flag:0to_hal_end_cap_flag 0
06-04 15:23:20.525   646 15419 E camera_metadata: validate_camera_metadata_structure: metadata is null!
06-04 15:23:20.525   646 15419 E CamComm1.0-MD: acquire: Failed to validate metadata structure 0x0
06-04 15:23:20.526   646 15474 I awb_adpt: 2115, awb_sprd_ctrl_calculation_v4_x: AWB result : (1741,1024,2350) 4076K , fram_count : 3677 , camera_id : 0, wb mode : 0; bv : 347 ; AWB lib 64x64: (1741,1024,2350) 4076K; cmc_result: (1809 -884 99; -308 1360 -28; -122 -209 1355).
06-04 15:23:20.526   646 15419 I isp_alg_fw: 4107, ispalg_ai_pro_param_compatible: cam0 ai_pro, run_status 0,  last ai_scene 0, cur scene 0, ai_pro 1
06-04 15:23:20.526   646 15419 E dcam_u_awbc: 38, dcam_u_awbc_block: awb_blk_scene_id=0
06-04 15:23:20.526   646 15419 E dcam_u_awbc: 40, dcam_u_awbc_block: awbc_bypass=0, r=1741,gr=1024,gb=1024,b=2350
06-04 15:23:20.526   646 15419 E dcam_u_awbc: 42, dcam_u_awbc_block: awbc_thrd: r=1023,gr=1023,gb=1023,b=1023
06-04 15:23:20.526   646 15419 E dcam_u_awbc: 44, dcam_u_awbc_block: awbc_gain_offset: r=0,gr=0,gb=0,b=0
06-04 15:23:20.528   646 15441 I aft_sprd_lib: 1650, scene_change_judge: corr (1.000000, 1.000000, 1.000000) avg 1.000000 thr 0.970000
06-04 15:23:20.528   646 15441 I aft_sprd_lib: 3795, aft_proc_log_print: afm move diff : 215489,diff_thr :30272265,diff_cnt : 0,g_diff(x,y,z):(0.000000,0.038307,0.038307),aem move diff : (num : r,g,b,cnt) = (0,0,0,0), scene_change_flag 0
06-04 15:23:20.559   646 15464 I android.hardware.camera.provider@2.4-service: 39, get_color_temp_data: X
06-04 15:23:20.559   646 15464 I android.hardware.camera.provider@2.4-service: 55, sensorhub_read_data: X
06-04 15:23:20.565   646 15419 I cmr_oem : 1899, camera_isp_evt_cb: FC set ae info cam_id:0, sof_id:3679, frm_id:3681, cur_ev:0.000000, bv 347, iso:889, cap_flag:0, long_exp_flag:0to_hal_end_cap_flag 0
06-04 15:23:20.565   646 15419 E camera_metadata: validate_camera_metadata_structure: metadata is null!
06-04 15:23:20.565   646 15419 E CamComm1.0-MD: acquire: Failed to validate metadata structure 0x0
06-04 15:23:20.566   646 15474 I awb_adpt: 2115, awb_sprd_ctrl_calculation_v4_x: AWB result : (1741,1024,2350) 4076K , fram_count : 3678 , camera_id : 0, wb mode : 0; bv : 347 ; AWB lib 64x64: (1741,1024,2350) 4076K; cmc_result: (1809 -884 99; -308 1360 -28; -122 -209 1355).
06-04 15:23:20.566   646 15419 I isp_alg_fw: 4107, ispalg_ai_pro_param_compatible: cam0 ai_pro, run_status 0,  last ai_scene 0, cur scene 0, ai_pro 1
06-04 15:23:20.566   646 15419 E dcam_u_awbc: 38, dcam_u_awbc_block: awb_blk_scene_id=0
06-04 15:23:20.566   646 15419 E dcam_u_awbc: 40, dcam_u_awbc_block: awbc_bypass=0, r=1741,gr=1024,gb=1024,b=2350
06-04 15:23:20.566   646 15419 E dcam_u_awbc: 42, dcam_u_awbc_block: awbc_thrd: r=1023,gr=1023,gb=1023,b=1023
06-04 15:23:20.566   646 15419 E dcam_u_awbc: 44, dcam_u_awbc_block: awbc_gain_offset: r=0,gr=0,gb=0,b=0
06-04 15:23:20.567   646 15441 I aft_sprd_lib: 1650, scene_change_judge: corr (1.000000, 1.000000, 1.000000) avg 1.000000 thr 0.970000
06-04 15:23:20.567   646 15441 I aft_sprd_lib: 3795, aft_proc_log_print: afm move diff : 7805849,diff_thr :30272265,diff_cnt : 0,g_diff(x,y,z):(0.000000,0.076614,0.038307),aem move diff : (num : r,g,b,cnt) = (0,0,0,0), scene_change_flag 0
06-04 15:23:20.599   646 15464 I android.hardware.camera.provider@2.4-service: 39, get_color_temp_data: X
06-04 15:23:20.599   646 15464 I android.hardware.camera.provider@2.4-service: 55, sensorhub_read_data: X
06-04 15:23:20.601   646 15459 I afl_ctrl: 637, aflctrl_process: afl ctrl process rtn:0, cur_flicker:0, flag:0
06-04 15:23:20.605   646 15419 I cmr_oem : 1899, camera_isp_evt_cb: FC set ae info cam_id:0, sof_id:3680, frm_id:3682, cur_ev:0.000000, bv 347, iso:889, cap_flag:0, long_exp_flag:0to_hal_end_cap_flag 0
06-04 15:23:20.605   646 15419 E camera_metadata: validate_camera_metadata_structure: metadata is null!
06-04 15:23:20.605   646 15419 E CamComm1.0-MD: acquire: Failed to validate metadata structure 0x0
06-04 15:23:20.606   646 15474 I awb_adpt: 2115, awb_sprd_ctrl_calculation_v4_x: AWB result : (1741,1024,2350) 4076K , fram_count : 3679 , camera_id : 0, wb mode : 0; bv : 347 ; AWB lib 64x64: (1741,1024,2350) 4076K; cmc_result: (1809 -884 99; -308 1360 -28; -122 -209 1355).
06-04 15:23:20.606   646 15419 I isp_alg_fw: 4107, ispalg_ai_pro_param_compatible: cam0 ai_pro, run_status 0,  last ai_scene 0, cur scene 0, ai_pro 1
06-04 15:23:20.606   646 15419 E dcam_u_awbc: 38, dcam_u_awbc_block: awb_blk_scene_id=0
06-04 15:23:20.606   646 15419 E dcam_u_awbc: 40, dcam_u_awbc_block: awbc_bypass=0, r=1741,gr=1024,gb=1024,b=2350
06-04 15:23:20.606   646 15419 E dcam_u_awbc: 42, dcam_u_awbc_block: awbc_thrd: r=1023,gr=1023,gb=1023,b=1023
06-04 15:23:20.606   646 15419 E dcam_u_awbc: 44, dcam_u_awbc_block: awbc_gain_offset: r=0,gr=0,gb=0,b=0
06-04 15:23:20.606   646 15441 I aft_sprd_lib: 1650, scene_change_judge: corr (1.000000, 1.000000, 1.000000) avg 1.000000 thr 0.970000
06-04 15:23:20.607   646 15441 I aft_sprd_lib: 3795, aft_proc_log_print: afm move diff : 11405031,diff_thr :30272265,diff_cnt : 0,g_diff(x,y,z):(0.038307,0.038307,0.076614),aem move diff : (num : r,g,b,cnt) = (0,0,0,0), scene_change_flag 0
06-04 15:23:20.632   656  1018 D SensorHub: SPRD[726]processTypeEvent::DBG_VERBOSE[Accelerometer Sensor] bias_x=[0.115010] bias_y=[6.964206] bias_z=[6.841085]
06-04 15:23:20.639   646 15464 I android.hardware.camera.provider@2.4-service: 39, get_color_temp_data: X
06-04 15:23:20.639   646 15464 I android.hardware.camera.provider@2.4-service: 55, sensorhub_read_data: X
06-04 15:23:20.645   646 15419 I cmr_oem : 1899, camera_isp_evt_cb: FC set ae info cam_id:0, sof_id:3681, frm_id:3683, cur_ev:0.000000, bv 347, iso:889, cap_flag:0, long_exp_flag:0to_hal_end_cap_flag 0
06-04 15:23:20.645   646 15419 E camera_metadata: validate_camera_metadata_structure: metadata is null!
06-04 15:23:20.645   646 15419 E CamComm1.0-MD: acquire: Failed to validate metadata structure 0x0
06-04 15:23:20.646   646 15474 I awb_adpt: 2115, awb_sprd_ctrl_calculation_v4_x: AWB result : (1741,1024,2350) 4076K , fram_count : 3680 , camera_id : 0, wb mode : 0; bv : 347 ; AWB lib 64x64: (1741,1024,2350) 4076K; cmc_result: (1809 -884 99; -308 1360 -28; -122 -209 1355).
06-04 15:23:20.646   646 15419 I isp_alg_fw: 4107, ispalg_ai_pro_param_compatible: cam0 ai_pro, run_status 0,  last ai_scene 0, cur scene 0, ai_pro 1
06-04 15:23:20.647   646 15419 E dcam_u_awbc: 38, dcam_u_awbc_block: awb_blk_scene_id=0
06-04 15:23:20.647   646 15419 E dcam_u_awbc: 40, dcam_u_awbc_block: awbc_bypass=0, r=1741,gr=1024,gb=1024,b=2350
06-04 15:23:20.647   646 15419 E dcam_u_awbc: 42, dcam_u_awbc_block: awbc_thrd: r=1023,gr=1023,gb=1023,b=1023
06-04 15:23:20.647   646 15419 E dcam_u_awbc: 44, dcam_u_awbc_block: awbc_gain_offset: r=0,gr=0,gb=0,b=0
06-04 15:23:20.647   646 15441 I aft_sprd_lib: 1650, scene_change_judge: corr (1.000000, 1.000000, 1.000000) avg 1.000000 thr 0.970000
06-04 15:23:20.647   646 15441 I aft_sprd_lib: 3795, aft_proc_log_print: afm move diff : 698141,diff_thr :30272265,diff_cnt : 0,g_diff(x,y,z):(0.038307,0.038307,0.000000),aem move diff : (num : r,g,b,cnt) = (0,0,0,0), scene_change_flag 0
06-04 15:23:20.679   646 15464 I android.hardware.camera.provider@2.4-service: 39, get_color_temp_data: X
06-04 15:23:20.679   646 15464 I android.hardware.camera.provider@2.4-service: 55, sensorhub_read_data: X
06-04 15:23:20.685   646 15419 I cmr_oem : 1899, camera_isp_evt_cb: FC set ae info cam_id:0, sof_id:3682, frm_id:3684, cur_ev:0.000000, bv 346, iso:889, cap_flag:0, long_exp_flag:0to_hal_end_cap_flag 0
06-04 15:23:20.685   646 15419 E camera_metadata: validate_camera_metadata_structure: metadata is null!
06-04 15:23:20.685   646 15419 E CamComm1.0-MD: acquire: Failed to validate metadata structure 0x0
06-04 15:23:20.686   646 15474 I awb_adpt: 2115, awb_sprd_ctrl_calculation_v4_x: AWB result : (1741,1024,2350) 4076K , fram_count : 3681 , camera_id : 0, wb mode : 0; bv : 347 ; AWB lib 64x64: (1741,1024,2350) 4076K; cmc_result: (1809 -884 99; -308 1360 -28; -122 -209 1355).
06-04 15:23:20.687   646 15419 I isp_alg_fw: 4107, ispalg_ai_pro_param_compatible: cam0 ai_pro, run_status 0,  last ai_scene 0, cur scene 0, ai_pro 1
06-04 15:23:20.687   646 15419 E dcam_u_awbc: 38, dcam_u_awbc_block: awb_blk_scene_id=0
06-04 15:23:20.687   646 15419 E dcam_u_awbc: 40, dcam_u_awbc_block: awbc_bypass=0, r=1741,gr=1024,gb=1024,b=2350
06-04 15:23:20.687   646 15419 E dcam_u_awbc: 42, dcam_u_awbc_block: awbc_thrd: r=1023,gr=1023,gb=1023,b=1023
06-04 15:23:20.687   646 15419 E dcam_u_awbc: 44, dcam_u_awbc_block: awbc_gain_offset: r=0,gr=0,gb=0,b=0
06-04 15:23:20.687   646 15441 I aft_sprd_lib: 1650, scene_change_judge: corr (1.000000, 1.000000, 1.000000) avg 1.000000 thr 0.970000
06-04 15:23:20.687   646 15441 I aft_sprd_lib: 3795, aft_proc_log_print: afm move diff : 372952,diff_thr :30272265,diff_cnt : 0,g_diff(x,y,z):(0.114922,0.076614,0.038307),aem move diff : (num : r,g,b,cnt) = (0,0,0,0), scene_change_flag 0
06-04 15:23:20.720   646 15464 I android.hardware.camera.provider@2.4-service: 39, get_color_temp_data: X
06-04 15:23:20.720   646 15464 I android.hardware.camera.provider@2.4-service: 55, sensorhub_read_data: X
06-04 15:23:20.726   646 15419 I cmr_oem : 1899, camera_isp_evt_cb: FC set ae info cam_id:0, sof_id:3683, frm_id:3685, cur_ev:0.000000, bv 347, iso:889, cap_flag:0, long_exp_flag:0to_hal_end_cap_flag 0
06-04 15:23:20.726   646 15419 E camera_metadata: validate_camera_metadata_structure: metadata is null!
06-04 15:23:20.726   646 15419 E CamComm1.0-MD: acquire: Failed to validate metadata structure 0x0
06-04 15:23:20.726   646 15474 I awb_adpt: 2115, awb_sprd_ctrl_calculation_v4_x: AWB result : (1741,1024,2350) 4076K , fram_count : 3682 , camera_id : 0, wb mode : 0; bv : 346 ; AWB lib 64x64: (1741,1024,2350) 4076K; cmc_result: (1809 -884 99; -308 1360 -28; -122 -209 1355).
06-04 15:23:20.726   646 15419 I isp_alg_fw: 4107, ispalg_ai_pro_param_compatible: cam0 ai_pro, run_status 0,  last ai_scene 0, cur scene 0, ai_pro 1
06-04 15:23:20.727   646 15419 E dcam_u_awbc: 38, dcam_u_awbc_block: awb_blk_scene_id=0
06-04 15:23:20.727   646 15419 E dcam_u_awbc: 40, dcam_u_awbc_block: awbc_bypass=0, r=1741,gr=1024,gb=1024,b=2350
06-04 15:23:20.727   646 15419 E dcam_u_awbc: 42, dcam_u_awbc_block: awbc_thrd: r=1023,gr=1023,gb=1023,b=1023
06-04 15:23:20.727   646 15419 E dcam_u_awbc: 44, dcam_u_awbc_block: awbc_gain_offset: r=0,gr=0,gb=0,b=0
06-04 15:23:20.727   646 15441 I aft_sprd_lib: 1650, scene_change_judge: corr (1.000000, 1.000000, 1.000000) avg 1.000000 thr 0.970000
06-04 15:23:20.727   646 15441 I aft_sprd_lib: 3795, aft_proc_log_print: afm move diff : 988792,diff_thr :30272265,diff_cnt : 0,g_diff(x,y,z):(0.000000,0.038307,0.153229),aem move diff : (num : r,g,b,cnt) = (0,0,0,0), scene_change_flag 0
06-04 15:23:20.759   646 15464 I android.hardware.camera.provider@2.4-service: 39, get_color_temp_data: X
06-04 15:23:20.760   646 15464 I android.hardware.camera.provider@2.4-service: 55, sensorhub_read_data: X
06-04 15:23:20.761   646 15459 I afl_ctrl: 637, aflctrl_process: afl ctrl process rtn:0, cur_flicker:0, flag:0
06-04 15:23:20.764   646 15441 I aft_sprd_lib: 1650, scene_change_judge: corr (1.000000, 1.000000, 1.000000) avg 1.000000 thr 0.970000
06-04 15:23:20.764   646 15441 I aft_sprd_lib: 3795, aft_proc_log_print: afm move diff : 856747,diff_thr :30272265,diff_cnt : 0,g_diff(x,y,z):(0.038307,0.153229,0.153229),aem move diff : (num : r,g,b,cnt) = (0,0,0,0), scene_change_flag 0
06-04 15:23:20.765 17170 17170 D ip_monitor-821: 192.168.1.1 dev wlan0 lladdr e4:66:ab:7d:17:4c PROBE
06-04 15:23:20.767   646 15419 I isp_alg_fw: 4107, ispalg_ai_pro_param_compatible: cam0 ai_pro, run_status 0,  last ai_scene 0, cur scene 0, ai_pro 1
06-04 15:23:20.767   646 15419 E dcam_u_awbc: 38, dcam_u_awbc_block: awb_blk_scene_id=0
06-04 15:23:20.767   646 15419 E dcam_u_awbc: 40, dcam_u_awbc_block: awbc_bypass=0, r=1741,gr=1024,gb=1024,b=2350
06-04 15:23:20.767   646 15419 E dcam_u_awbc: 42, dcam_u_awbc_block: awbc_thrd: r=1023,gr=1023,gb=1023,b=1023
06-04 15:23:20.767   646 15419 E dcam_u_awbc: 44, dcam_u_awbc_block: awbc_gain_offset: r=0,gr=0,gb=0,b=0
06-04 15:23:20.767   646 15419 I cmr_oem : 1899, camera_isp_evt_cb: FC set ae info cam_id:0, sof_id:3684, frm_id:3686, cur_ev:0.000000, bv 347, iso:889, cap_flag:0, long_exp_flag:0to_hal_end_cap_flag 0
06-04 15:23:20.767   646 15419 E camera_metadata: validate_camera_metadata_structure: metadata is null!
06-04 15:23:20.767   646 15419 E CamComm1.0-MD: acquire: Failed to validate metadata structure 0x0
06-04 15:23:20.768   646 15474 I awb_adpt: 2115, awb_sprd_ctrl_calculation_v4_x: AWB result : (1741,1024,2350) 4076K , fram_count : 3683 , camera_id : 0, wb mode : 0; bv : 347 ; AWB lib 64x64: (1741,1024,2350) 4076K; cmc_result: (1809 -884 99; -308 1360 -28; -122 -209 1355).
06-04 15:23:20.776 17171 17171 D ip_monitor-821: 192.168.1.1 dev wlan0 lladdr e4:66:ab:7d:17:4c REACHABLE
06-04 15:23:20.795   656  1018 D SensorHub: SPRD[734]processTypeEvent::DBG_VERBOSE[Light Sensor] lux = [95.424599]
06-04 15:23:20.800   646 15464 I android.hardware.camera.provider@2.4-service: 39, get_color_temp_data: X
06-04 15:23:20.800   646 15464 I android.hardware.camera.provider@2.4-service: 55, sensorhub_read_data: X
06-04 15:23:20.806   646 15419 I cmr_oem : 1899, camera_isp_evt_cb: FC set ae info cam_id:0, sof_id:3685, frm_id:3687, cur_ev:0.000000, bv 347, iso:889, cap_flag:0, long_exp_flag:0to_hal_end_cap_flag 0
06-04 15:23:20.806   646 15419 E camera_metadata: validate_camera_metadata_structure: metadata is null!
06-04 15:23:20.806   646 15419 E CamComm1.0-MD: acquire: Failed to validate metadata structure 0x0
06-04 15:23:20.807   646 15474 I awb_adpt: 2115, awb_sprd_ctrl_calculation_v4_x: AWB result : (1741,1024,2350) 4076K , fram_count : 3684 , camera_id : 0, wb mode : 0; bv : 347 ; AWB lib 64x64: (1741,1024,2350) 4076K; cmc_result: (1809 -884 99; -308 1360 -28; -122 -209 1355).
06-04 15:23:20.807   646 15419 I isp_alg_fw: 4107, ispalg_ai_pro_param_compatible: cam0 ai_pro, run_status 0,  last ai_scene 0, cur scene 0, ai_pro 1
06-04 15:23:20.807   646 15419 E dcam_u_awbc: 38, dcam_u_awbc_block: awb_blk_scene_id=0
06-04 15:23:20.807   646 15419 E dcam_u_awbc: 40, dcam_u_awbc_block: awbc_bypass=0, r=1741,gr=1024,gb=1024,b=2350
06-04 15:23:20.807   646 15419 E dcam_u_awbc: 42, dcam_u_awbc_block: awbc_thrd: r=1023,gr=1023,gb=1023,b=1023
06-04 15:23:20.807   646 15419 E dcam_u_awbc: 44, dcam_u_awbc_block: awbc_gain_offset: r=0,gr=0,gb=0,b=0
06-04 15:23:20.808   646 15441 I aft_sprd_lib: 1650, scene_change_judge: corr (1.000000, 1.000000, 1.000000) avg 1.000000 thr 0.970000
06-04 15:23:20.808   646 15441 I aft_sprd_lib: 3795, aft_proc_log_print: afm move diff : 762526,diff_thr :30272265,diff_cnt : 0,g_diff(x,y,z):(0.038307,0.153229,0.153229),aem move diff : (num : r,g,b,cnt) = (0,0,0,0), scene_change_flag 0
06-04 15:23:20.840   646 15464 I android.hardware.camera.provider@2.4-service: 39, get_color_temp_data: X
06-04 15:23:20.840   646 15464 I android.hardware.camera.provider@2.4-service: 55, sensorhub_read_data: X
06-04 15:23:20.846   646 15419 I cmr_oem : 1899, camera_isp_evt_cb: FC set ae info cam_id:0, sof_id:3686, frm_id:3688, cur_ev:0.000000, bv 347, iso:889, cap_flag:0, long_exp_flag:0to_hal_end_cap_flag 0
06-04 15:23:20.846   646 15419 E camera_metadata: validate_camera_metadata_structure: metadata is null!
06-04 15:23:20.846   646 15419 E CamComm1.0-MD: acquire: Failed to validate metadata structure 0x0
06-04 15:23:20.847   646 15474 I awb_adpt: 2115, awb_sprd_ctrl_calculation_v4_x: AWB result : (1741,1024,2350) 4076K , fram_count : 3685 , camera_id : 0, wb mode : 0; bv : 347 ; AWB lib 64x64: (1741,1024,2350) 4076K; cmc_result: (1809 -884 99; -308 1360 -28; -122 -209 1355).
06-04 15:23:20.847   646 15419 I isp_alg_fw: 4107, ispalg_ai_pro_param_compatible: cam0 ai_pro, run_status 0,  last ai_scene 0, cur scene 0, ai_pro 1
06-04 15:23:20.847   646 15419 E dcam_u_awbc: 38, dcam_u_awbc_block: awb_blk_scene_id=0
06-04 15:23:20.847   646 15419 E dcam_u_awbc: 40, dcam_u_awbc_block: awbc_bypass=0, r=1741,gr=1024,gb=1024,b=2350
06-04 15:23:20.847   646 15419 E dcam_u_awbc: 42, dcam_u_awbc_block: awbc_thrd: r=1023,gr=1023,gb=1023,b=1023
06-04 15:23:20.847   646 15419 E dcam_u_awbc: 44, dcam_u_awbc_block: awbc_gain_offset: r=0,gr=0,gb=0,b=0
06-04 15:23:20.848   646 15441 I aft_sprd_lib: 1650, scene_change_judge: corr (1.000000, 1.000000, 1.000000) avg 1.000000 thr 0.970000
