06-04 15:20:59.460  1098  7592 D PackageManager: Considering set com.google.android.gm/com.google.android.apps.dynamite.features.hub.navigation.PeopleActivity's state as 2 with userId = 0, callingPackage = null
06-04 15:20:59.460  1098  1139 D PackageWatchdog: rescue-party-observer added the following packages to monitor [android]
06-04 15:20:59.460  1098  1139 I PackageWatchdog: Syncing state, reason: updated observers
06-04 15:20:59.460  1098  1139 I PackageWatchdog: Not pruning observers, elapsed time: 0ms
06-04 15:20:59.460  1098  7592 D PackageManager: Considering set com.google.android.gm/com.google.android.apps.dynamite.features.hub.navigation.RoomsActivity's state as 2 with userId = 0, callingPackage = null
06-04 15:20:59.461  1098  7592 D PackageManager: Considering set com.google.android.gm/com.google.android.apps.dynamite.services.notification.NotificationService's state as 2 with userId = 0, callingPackage = null
06-04 15:20:59.462  1098  1098 I PackageWatchdog: Syncing health check requests for packages: {}
06-04 15:20:59.462  1098  1098 I ExplicitHealthCheckController: Service not ready to get health check supported packages. Binding...
06-04 15:20:59.463  1098  7583 D PackageManager: Considering set com.google.android.gm/com.google.android.apps.dynamite.DynamiteDeepLinkMultiple's state as 2 with userId = 0, callingPackage = null
06-04 15:20:59.464  1098  7592 D PackageManager: Considering set com.google.android.gm/com.google.android.libraries.communications.conference.ui.callui.SingleCallActivity's state as 1 with userId = 0, callingPackage = null
06-04 15:20:59.465  1098  7583 D PackageManager: Considering set com.google.android.gm/com.google.android.libraries.communications.conference.ui.callui.chat.ChatActivity's state as 1 with userId = 0, callingPackage = null
06-04 15:20:59.466  1098  2321 D PackageManager: Considering set com.google.android.gm/com.google.android.libraries.communications.conference.ui.intents.ChitChatGatewayActivity's state as 1 with userId = 0, callingPackage = null
06-04 15:20:59.466  1098  1456 D PackageManager: Considering set com.google.android.gm/com.google.android.libraries.communications.conference.ui.greenroom.GreenroomActivity's state as 1 with userId = 0, callingPackage = null
06-04 15:20:59.467  1098  1456 D PackageManager: Considering set com.google.android.gm/com.google.android.libraries.communications.conference.ui.largescreen.HomeActivity's state as 1 with userId = 0, callingPackage = null
06-04 15:20:59.468  1098  1139 I PackageWatchdog: Saving observer state to file
06-04 15:20:59.468  1098  1456 D PackageManager: Considering set com.google.android.gm/com.google.android.libraries.communications.conference.ui.intents.LivestreamHandlerActivity's state as 1 with userId = 0, callingPackage = null
06-04 15:20:59.469  1098  1456 D PackageManager: Considering set com.google.android.gm/com.google.android.libraries.communications.conference.ui.intents.ConferenceUrlHandlerActivity's state as 1 with userId = 0, callingPackage = null
06-04 15:20:59.470  1098  1116 D PackageManager: Considering set com.google.android.gm/com.google.android.libraries.communications.conference.ui.intents.TransferCallHandlerActivity's state as 1 with userId = 0, callingPackage = null
06-04 15:20:59.471  1098  1116 D PackageManager: Considering set com.google.android.gm/com.google.android.libraries.communications.conference.ui.intents.ConferenceGatewayActivity's state as 1 with userId = 0, callingPackage = null
06-04 15:20:59.472  1098  1456 D PackageManager: Considering set com.google.android.gm/com.google.android.libraries.communications.conference.ui.intents.AssistantNewUrlHandlerActivity's state as 1 with userId = 0, callingPackage = null
06-04 15:20:59.472  1098  1456 D PackageManager: Considering set com.google.android.gm/com.google.android.libraries.communications.conference.ui.settings.SettingsActivity's state as 1 with userId = 0, callingPackage = null
06-04 15:20:59.475  1098  1098 I ExplicitHealthCheckController: Explicit health check service is bound
06-04 15:20:59.479  1098  1141 I ActivityManager: Start proc 16159:com.android.chrome/u0a123 for broadcast {com.android.chrome/com.google.android.apps.chrome.rlz.RevenueStatsConfigurationUpdateReceiver}
06-04 15:20:59.480  1098  1141 D PreforkProcessScene: execution function name:preforkStart
06-04 15:20:59.483  1098  1098 I ExplicitHealthCheckController: Explicit health check service is connected ComponentInfo{com.google.android.ext.services/android.ext.services.watchdog.ExplicitHealthCheckServiceImpl}
06-04 15:20:59.483  1098  1098 I ExplicitHealthCheckController: Service initialized, syncing requests
06-04 15:20:59.497  1098  1098 I PackageWatchdog: Syncing health check requests for packages: {}
06-04 15:20:59.497  1098  1098 D ExplicitHealthCheckController: Getting health check supported packages
06-04 15:20:59.506  1098  3596 I ExplicitHealthCheckController: Explicit health check supported packages [PackageConfig{com.google.android.go.networkstack, 86400000}]
06-04 15:20:59.506  1098  3596 D PackageWatchdog: Received supported packages [PackageConfig{com.google.android.go.networkstack, 86400000}]
06-04 15:20:59.506  1098  3596 D ExplicitHealthCheckController: Getting health check requested packages
06-04 15:20:59.507  1098  3596 I ExplicitHealthCheckController: Explicit health check requested packages []
06-04 15:20:59.507  1098  3596 I ExplicitHealthCheckController: No more health check requests, unbinding...
06-04 15:20:59.509  1098  5322 D CompatibilityChangeReporter: Compat change id reported: 168419799; UID 10123; state: DISABLED
06-04 15:20:59.525  1098  3596 I ExplicitHealthCheckController: Explicit health check service is unbound
06-04 15:20:59.649  1098  1570 D PackageManager: Considering set com.google.android.gm/com.google.android.apps.dynamite.features.hub.navigation.PeopleActivity's state as 2 with userId = 0, callingPackage = null
06-04 15:20:59.650  1098  1570 D PackageManager: Considering set com.google.android.gm/com.google.android.apps.dynamite.features.hub.navigation.RoomsActivity's state as 2 with userId = 0, callingPackage = null
06-04 15:20:59.652  1098  3596 D PackageManager: Considering set com.google.android.gm/com.google.android.apps.dynamite.services.notification.NotificationService's state as 2 with userId = 0, callingPackage = null
06-04 15:20:59.653  1098  3596 D PackageManager: Considering set com.google.android.gm/com.google.android.apps.dynamite.DynamiteDeepLinkMultiple's state as 2 with userId = 0, callingPackage = null
06-04 15:20:59.653  1098  3596 D PackageManager: Considering set com.google.android.gm/com.google.android.libraries.communications.conference.ui.callui.SingleCallActivity's state as 1 with userId = 0, callingPackage = null
06-04 15:20:59.654  1098  3596 D PackageManager: Considering set com.google.android.gm/com.google.android.libraries.communications.conference.ui.callui.chat.ChatActivity's state as 1 with userId = 0, callingPackage = null
06-04 15:20:59.655  1098  1570 D PackageManager: Considering set com.google.android.gm/com.google.android.libraries.communications.conference.ui.intents.ChitChatGatewayActivity's state as 1 with userId = 0, callingPackage = null
06-04 15:20:59.656  1098  2307 D PackageManager: Considering set com.google.android.gm/com.google.android.libraries.communications.conference.ui.greenroom.GreenroomActivity's state as 1 with userId = 0, callingPackage = null
06-04 15:20:59.661  1098  5438 D PackageManager: Considering set com.google.android.gm/com.google.android.apps.dynamite.features.hub.navigation.PeopleActivity's state as 2 with userId = 0, callingPackage = null
06-04 15:20:59.661  1098  5438 D PackageManager: Considering set com.google.android.gm/com.google.android.apps.dynamite.features.hub.navigation.RoomsActivity's state as 2 with userId = 0, callingPackage = null
06-04 15:20:59.662  1098  2329 D PackageManager: Considering set com.google.android.gm/com.google.android.apps.dynamite.services.notification.NotificationService's state as 2 with userId = 0, callingPackage = null
06-04 15:20:59.663  1098  2307 D PackageManager: Considering set com.google.android.gm/com.google.android.libraries.communications.conference.ui.largescreen.HomeActivity's state as 1 with userId = 0, callingPackage = null
06-04 15:20:59.663  1098  2307 D PackageManager: Considering set com.google.android.gm/com.google.android.libraries.communications.conference.ui.intents.LivestreamHandlerActivity's state as 1 with userId = 0, callingPackage = null
06-04 15:20:59.664  1098  2329 D PackageManager: Considering set com.google.android.gm/com.google.android.apps.dynamite.DynamiteDeepLinkMultiple's state as 2 with userId = 0, callingPackage = null
06-04 15:20:59.664  1098  2329 D PackageManager: Considering set com.google.android.gm/com.google.android.libraries.communications.conference.ui.intents.ConferenceUrlHandlerActivity's state as 1 with userId = 0, callingPackage = null
06-04 15:20:59.664  1098  5438 D PackageManager: Considering set com.google.android.gm/com.google.android.libraries.communications.conference.ui.callui.SingleCallActivity's state as 1 with userId = 0, callingPackage = null
06-04 15:20:59.665  1098  5438 D PackageManager: Considering set com.google.android.gm/com.google.android.libraries.communications.conference.ui.intents.TransferCallHandlerActivity's state as 1 with userId = 0, callingPackage = null
06-04 15:20:59.665  1098  2329 D PackageManager: Considering set com.google.android.gm/com.google.android.libraries.communications.conference.ui.callui.chat.ChatActivity's state as 1 with userId = 0, callingPackage = null
06-04 15:20:59.665  1098  5438 D PackageManager: Considering set com.google.android.gm/com.google.android.libraries.communications.conference.ui.intents.ConferenceGatewayActivity's state as 1 with userId = 0, callingPackage = null
06-04 15:20:59.665  1098  2329 D PackageManager: Considering set com.google.android.gm/com.google.android.libraries.communications.conference.ui.intents.ChitChatGatewayActivity's state as 1 with userId = 0, callingPackage = null
06-04 15:20:59.665  1098  5438 D PackageManager: Considering set com.google.android.gm/com.google.android.libraries.communications.conference.ui.intents.AssistantNewUrlHandlerActivity's state as 1 with userId = 0, callingPackage = null
06-04 15:20:59.665  1098  5438 D PackageManager: Considering set com.google.android.gm/com.google.android.libraries.communications.conference.ui.greenroom.GreenroomActivity's state as 1 with userId = 0, callingPackage = null
06-04 15:20:59.665  1098  2329 D PackageManager: Considering set com.google.android.gm/com.google.android.libraries.communications.conference.ui.settings.SettingsActivity's state as 1 with userId = 0, callingPackage = null
06-04 15:20:59.666  1098  2329 D PackageManager: Considering set com.google.android.gm/com.google.android.libraries.communications.conference.ui.largescreen.HomeActivity's state as 1 with userId = 0, callingPackage = null
06-04 15:20:59.667  1098  3596 D PackageManager: Considering set com.google.android.gm/com.google.android.libraries.communications.conference.ui.intents.LivestreamHandlerActivity's state as 1 with userId = 0, callingPackage = null
06-04 15:20:59.668  1098  3596 D PackageManager: Considering set com.google.android.gm/com.google.android.libraries.communications.conference.ui.intents.ConferenceUrlHandlerActivity's state as 1 with userId = 0, callingPackage = null
06-04 15:20:59.668  1098  3596 D PackageManager: Considering set com.google.android.gm/com.google.android.libraries.communications.conference.ui.intents.TransferCallHandlerActivity's state as 1 with userId = 0, callingPackage = null
06-04 15:20:59.669  1098  3596 D PackageManager: Considering set com.google.android.gm/com.google.android.libraries.communications.conference.ui.intents.ConferenceGatewayActivity's state as 1 with userId = 0, callingPackage = null
06-04 15:20:59.670  1098  1570 D PackageManager: Considering set com.google.android.gm/com.google.android.libraries.communications.conference.ui.intents.AssistantNewUrlHandlerActivity's state as 1 with userId = 0, callingPackage = null
06-04 15:20:59.670  1098  1570 D PackageManager: Considering set com.google.android.gm/com.google.android.libraries.communications.conference.ui.settings.SettingsActivity's state as 1 with userId = 0, callingPackage = null
06-04 15:20:59.672  1098  2307 I RescueParty: Starting to observe: [android], updated namespace: netd_native
06-04 15:20:59.678  1098  1139 I PackageWatchdog: Syncing state, reason: observing new packages
06-04 15:20:59.679  1098  1139 D PackageWatchdog: rescue-party-observer added the following packages to monitor [android]
06-04 15:20:59.679  1098  1139 I PackageWatchdog: Syncing state, reason: updated observers
06-04 15:20:59.679  1098  1139 I PackageWatchdog: Not pruning observers, elapsed time: 0ms
06-04 15:20:59.679  1098  1098 I PackageWatchdog: Syncing health check requests for packages: {}
06-04 15:20:59.679  1098  1139 I PackageWatchdog: Saving observer state to file
06-04 15:20:59.679  1098  1098 I ExplicitHealthCheckController: Service not ready to get health check supported packages. Binding...
06-04 15:20:59.682  1098  1098 I ExplicitHealthCheckController: Explicit health check service is bound
06-04 15:20:59.699  1098  3596 I RescueParty: Starting to observe: [android, com.android.settings], updated namespace: clipboard
06-04 15:20:59.701  1098  1139 I PackageWatchdog: Syncing state, reason: observing new packages
06-04 15:20:59.701  1098  1139 D PackageWatchdog: rescue-party-observer added the following packages to monitor [android, com.android.settings]
06-04 15:20:59.701  1098  1139 I PackageWatchdog: Syncing state, reason: updated observers
06-04 15:20:59.701  1098  1139 I PackageWatchdog: Not pruning observers, elapsed time: 0ms
06-04 15:20:59.701  1098  1139 I PackageWatchdog: Saving observer state to file
06-04 15:20:59.706  1098  1098 I PackageWatchdog: Syncing health check requests for packages: {}
06-04 15:20:59.706  1098  1098 I ExplicitHealthCheckController: Service not ready to get health check supported packages. Binding...
06-04 15:20:59.706  1098  1098 I ExplicitHealthCheckController: Not binding to service, service already connecting
06-04 15:20:59.706  1098  1098 I ExplicitHealthCheckController: Explicit health check service is connected ComponentInfo{com.google.android.ext.services/android.ext.services.watchdog.ExplicitHealthCheckServiceImpl}
06-04 15:20:59.706  1098  1098 I ExplicitHealthCheckController: Service initialized, syncing requests
06-04 15:20:59.709  1098  1098 I PackageWatchdog: Syncing health check requests for packages: {}
06-04 15:20:59.709  1098  1098 D ExplicitHealthCheckController: Getting health check supported packages
06-04 15:20:59.711  1098  3596 I ExplicitHealthCheckController: Explicit health check supported packages [PackageConfig{com.google.android.go.networkstack, 86400000}]
06-04 15:20:59.711  1098  3596 D PackageWatchdog: Received supported packages [PackageConfig{com.google.android.go.networkstack, 86400000}]
06-04 15:20:59.711  1098  3596 D ExplicitHealthCheckController: Getting health check requested packages
06-04 15:20:59.712  1098  3596 I ExplicitHealthCheckController: Explicit health check requested packages []
06-04 15:20:59.712  1098  3596 I ExplicitHealthCheckController: No more health check requests, unbinding...
06-04 15:20:59.717  1098  3596 I ExplicitHealthCheckController: Explicit health check service is unbound
06-04 15:20:59.743  1098  2329 I RescueParty: Starting to observe: [com.google.android.cellbroadcastservice, android], updated namespace: connectivity
06-04 15:20:59.743  1098  1139 I PackageWatchdog: Syncing state, reason: observing new packages
06-04 15:20:59.743  1098  1139 D PackageWatchdog: rescue-party-observer added the following packages to monitor [com.google.android.cellbroadcastservice, android]
06-04 15:20:59.743  1098  1139 I PackageWatchdog: Syncing state, reason: updated observers
06-04 15:20:59.743  1098  1139 I PackageWatchdog: Not pruning observers, elapsed time: 0ms
06-04 15:20:59.743  1098  1139 I PackageWatchdog: Saving observer state to file
06-04 15:20:59.752  1098  1098 I PackageWatchdog: Syncing health check requests for packages: {}
06-04 15:20:59.752  1098  1098 I ExplicitHealthCheckController: Service not ready to get health check supported packages. Binding...
06-04 15:20:59.758  1098  1098 I ExplicitHealthCheckController: Explicit health check service is bound
06-04 15:20:59.759  1098  1098 I ExplicitHealthCheckController: Explicit health check service is connected ComponentInfo{com.google.android.ext.services/android.ext.services.watchdog.ExplicitHealthCheckServiceImpl}
06-04 15:20:59.759  1098  1098 I ExplicitHealthCheckController: Service initialized, syncing requests
06-04 15:20:59.759  1098  1098 I PackageWatchdog: Syncing health check requests for packages: {}
06-04 15:20:59.760  1098  1098 D ExplicitHealthCheckController: Getting health check supported packages
06-04 15:20:59.764  1098  1570 I RescueParty: Starting to observe: [com.google.android.permissioncontroller], updated namespace: permissions
06-04 15:20:59.765  1098  3596 I ExplicitHealthCheckController: Explicit health check supported packages [PackageConfig{com.google.android.go.networkstack, 86400000}]
06-04 15:20:59.765  1098  3596 D PackageWatchdog: Received supported packages [PackageConfig{com.google.android.go.networkstack, 86400000}]
06-04 15:20:59.765  1098  3596 D ExplicitHealthCheckController: Getting health check requested packages
06-04 15:20:59.766  1098  3596 I ExplicitHealthCheckController: Explicit health check requested packages []
06-04 15:20:59.766  1098  3596 I ExplicitHealthCheckController: No more health check requests, unbinding...
06-04 15:20:59.768  1098  3596 I ExplicitHealthCheckController: Explicit health check service is unbound
06-04 15:20:59.770  1098  1139 I PackageWatchdog: Syncing state, reason: observing new packages
06-04 15:20:59.771  1098  1139 D PackageWatchdog: rescue-party-observer added the following packages to monitor [com.google.android.permissioncontroller]
06-04 15:20:59.771  1098  1139 I PackageWatchdog: Syncing state, reason: updated observers
06-04 15:20:59.771  1098  1139 I PackageWatchdog: Not pruning observers, elapsed time: 0ms
06-04 15:20:59.771  1098  1139 I PackageWatchdog: Saving observer state to file
06-04 15:20:59.778  1098  1098 I PackageWatchdog: Syncing health check requests for packages: {}
06-04 15:20:59.778  1098  1098 I ExplicitHealthCheckController: Service not ready to get health check supported packages. Binding...
06-04 15:20:59.786  1098  1098 I ExplicitHealthCheckController: Explicit health check service is bound
06-04 15:20:59.786  1098  1098 I PackageWatchdog: Syncing health check requests for packages: {}
06-04 15:20:59.786  1098  1098 I ExplicitHealthCheckController: Service not ready to get health check supported packages. Binding...
06-04 15:20:59.786  1098  1098 I ExplicitHealthCheckController: Not binding to service, service already connecting
06-04 15:20:59.791  1098  1098 I ExplicitHealthCheckController: Explicit health check service is connected ComponentInfo{com.google.android.ext.services/android.ext.services.watchdog.ExplicitHealthCheckServiceImpl}
06-04 15:20:59.791  1098  1098 I ExplicitHealthCheckController: Service initialized, syncing requests
06-04 15:20:59.791  1098  1098 I PackageWatchdog: Syncing health check requests for packages: {}
06-04 15:20:59.792  1098  1098 D ExplicitHealthCheckController: Getting health check supported packages
06-04 15:20:59.793  1098  2329 I ExplicitHealthCheckController: Explicit health check supported packages [PackageConfig{com.google.android.go.networkstack, 86400000}]
06-04 15:20:59.793  1098  2329 D PackageWatchdog: Received supported packages [PackageConfig{com.google.android.go.networkstack, 86400000}]
06-04 15:20:59.793  1098  2329 D ExplicitHealthCheckController: Getting health check requested packages
06-04 15:20:59.794  1098  2329 I ExplicitHealthCheckController: Explicit health check requested packages []
06-04 15:20:59.794  1098  2329 I ExplicitHealthCheckController: No more health check requests, unbinding...
06-04 15:20:59.796  1098  2329 I ExplicitHealthCheckController: Explicit health check service is unbound
06-04 15:20:59.837  1098  1570 I RescueParty: Starting to observe: [android], updated namespace: ota
06-04 15:20:59.839  1098  1139 I PackageWatchdog: Syncing state, reason: observing new packages
06-04 15:20:59.839  1098  1139 D PackageWatchdog: rescue-party-observer added the following packages to monitor [android]
06-04 15:20:59.839  1098  1139 I PackageWatchdog: Syncing state, reason: updated observers
06-04 15:20:59.839  1098  1139 I PackageWatchdog: Not pruning observers, elapsed time: 0ms
06-04 15:20:59.839  1098  1098 I PackageWatchdog: Syncing health check requests for packages: {}
06-04 15:20:59.839  1098  1098 I ExplicitHealthCheckController: Service not ready to get health check supported packages. Binding...
06-04 15:20:59.840  1098  1139 I PackageWatchdog: Saving observer state to file
06-04 15:20:59.843  1098  1098 I ExplicitHealthCheckController: Explicit health check service is bound
06-04 15:20:59.844  1098  2329 I RescueParty: Starting to observe: [android], updated namespace: wifi
06-04 15:20:59.847  1098  1139 I PackageWatchdog: Syncing state, reason: observing new packages
06-04 15:20:59.847  1098  1139 D PackageWatchdog: rescue-party-observer added the following packages to monitor [android]
06-04 15:20:59.847  1098  1139 I PackageWatchdog: Syncing state, reason: updated observers
06-04 15:20:59.848  1098  1098 I PackageWatchdog: Syncing health check requests for packages: {}
06-04 15:20:59.848  1098  1098 I ExplicitHealthCheckController: Service not ready to get health check supported packages. Binding...
06-04 15:20:59.848  1098  1098 I ExplicitHealthCheckController: Not binding to service, service already connecting
06-04 15:20:59.848  1098  1139 I PackageWatchdog: Saving observer state to file
06-04 15:20:59.848  1098  1098 I ExplicitHealthCheckController: Explicit health check service is connected ComponentInfo{com.google.android.ext.services/android.ext.services.watchdog.ExplicitHealthCheckServiceImpl}
06-04 15:20:59.848  1098  1098 I ExplicitHealthCheckController: Service initialized, syncing requests
06-04 15:20:59.856  1098  1098 I PackageWatchdog: Syncing health check requests for packages: {}
06-04 15:20:59.856  1098  1098 D ExplicitHealthCheckController: Getting health check supported packages
06-04 15:20:59.858  1098  2329 I ExplicitHealthCheckController: Explicit health check supported packages [PackageConfig{com.google.android.go.networkstack, 86400000}]
06-04 15:20:59.858  1098  2329 D PackageWatchdog: Received supported packages [PackageConfig{com.google.android.go.networkstack, 86400000}]
06-04 15:20:59.858  1098  2329 D ExplicitHealthCheckController: Getting health check requested packages
06-04 15:20:59.859  1098  2329 I ExplicitHealthCheckController: Explicit health check requested packages []
06-04 15:20:59.859  1098  2329 I ExplicitHealthCheckController: No more health check requests, unbinding...
06-04 15:20:59.861  1098  2329 I ExplicitHealthCheckController: Explicit health check service is unbound
06-04 15:20:59.889  1098  2329 I RescueParty: Starting to observe: [android], updated namespace: appsearch
06-04 15:20:59.889  1098  1139 I PackageWatchdog: Syncing state, reason: observing new packages
06-04 15:20:59.889  1098  1139 D PackageWatchdog: rescue-party-observer added the following packages to monitor [android]
06-04 15:20:59.889  1098  1139 I PackageWatchdog: Syncing state, reason: updated observers
06-04 15:20:59.889  1098  1139 I PackageWatchdog: Not pruning observers, elapsed time: 0ms
06-04 15:20:59.889  1098  1139 I PackageWatchdog: Saving observer state to file
06-04 15:20:59.892  1098  1098 I PackageWatchdog: Syncing health check requests for packages: {}
06-04 15:20:59.892  1098  1098 I ExplicitHealthCheckController: Service not ready to get health check supported packages. Binding...
06-04 15:20:59.897  1098  1098 I ExplicitHealthCheckController: Explicit health check service is bound
06-04 15:20:59.899  1098  1098 I ExplicitHealthCheckController: Explicit health check service is connected ComponentInfo{com.google.android.ext.services/android.ext.services.watchdog.ExplicitHealthCheckServiceImpl}
06-04 15:20:59.899  1098  1098 I ExplicitHealthCheckController: Service initialized, syncing requests
06-04 15:20:59.900  1098  1098 I PackageWatchdog: Syncing health check requests for packages: {}
06-04 15:20:59.900  1098  1098 D ExplicitHealthCheckController: Getting health check supported packages
06-04 15:20:59.901  1098  1570 I ExplicitHealthCheckController: Explicit health check supported packages [PackageConfig{com.google.android.go.networkstack, 86400000}]
06-04 15:20:59.901  1098  1570 D PackageWatchdog: Received supported packages [PackageConfig{com.google.android.go.networkstack, 86400000}]
06-04 15:20:59.901  1098  1570 D ExplicitHealthCheckController: Getting health check requested packages
06-04 15:20:59.902  1098  1570 I ExplicitHealthCheckController: Explicit health check requested packages []
06-04 15:20:59.902  1098  1570 I ExplicitHealthCheckController: No more health check requests, unbinding...
06-04 15:20:59.904  1098  1570 I ExplicitHealthCheckController: Explicit health check service is unbound
06-04 15:20:59.934  1098  2329 I RescueParty: Starting to observe: [com.android.settings, com.motorola.launcher3, com.android.systemui], updated namespace: interaction_jank_monitor
06-04 15:20:59.935  1098  1139 I PackageWatchdog: Syncing state, reason: observing new packages
06-04 15:20:59.935  1098  1139 D PackageWatchdog: rescue-party-observer added the following packages to monitor [com.android.settings, com.motorola.launcher3, com.android.systemui]
06-04 15:20:59.935  1098  1139 I PackageWatchdog: Syncing state, reason: updated observers
06-04 15:20:59.935  1098  1139 I PackageWatchdog: Not pruning observers, elapsed time: 0ms
06-04 15:20:59.935  1098  1139 I PackageWatchdog: Saving observer state to file
06-04 15:20:59.936  1098  1098 I PackageWatchdog: Syncing health check requests for packages: {}
06-04 15:20:59.937  1098  1098 I ExplicitHealthCheckController: Service not ready to get health check supported packages. Binding...
06-04 15:20:59.940  1098  1098 I ExplicitHealthCheckController: Explicit health check service is bound
06-04 15:20:59.942  1098  1098 I ExplicitHealthCheckController: Explicit health check service is connected ComponentInfo{com.google.android.ext.services/android.ext.services.watchdog.ExplicitHealthCheckServiceImpl}
06-04 15:20:59.943  1098  1098 I ExplicitHealthCheckController: Service initialized, syncing requests
06-04 15:20:59.943  1098  1098 I PackageWatchdog: Syncing health check requests for packages: {}
06-04 15:20:59.943  1098  1098 D ExplicitHealthCheckController: Getting health check supported packages
06-04 15:20:59.944  1098  2329 I ExplicitHealthCheckController: Explicit health check supported packages [PackageConfig{com.google.android.go.networkstack, 86400000}]
06-04 15:20:59.944  1098  2329 D PackageWatchdog: Received supported packages [PackageConfig{com.google.android.go.networkstack, 86400000}]
06-04 15:20:59.944  1098  2329 D ExplicitHealthCheckController: Getting health check requested packages
06-04 15:20:59.945  1098  2307 I ExplicitHealthCheckController: Explicit health check requested packages []
06-04 15:20:59.945  1098  2307 I ExplicitHealthCheckController: No more health check requests, unbinding...
06-04 15:20:59.947  1098  2307 I ExplicitHealthCheckController: Explicit health check service is unbound
06-04 15:20:59.959  1098  1570 I RescueParty: Starting to observe: [android], updated namespace: runtime_native
06-04 15:20:59.960  1098  1139 I PackageWatchdog: Syncing state, reason: observing new packages
06-04 15:20:59.960  1098  1139 D PackageWatchdog: rescue-party-observer added the following packages to monitor [android]
06-04 15:20:59.960  1098  1139 I PackageWatchdog: Syncing state, reason: updated observers
06-04 15:20:59.960  1098  1139 I PackageWatchdog: Not pruning observers, elapsed time: 0ms
06-04 15:20:59.960  1098  1139 I PackageWatchdog: Saving observer state to file
06-04 15:20:59.963  1098  1098 I PackageWatchdog: Syncing health check requests for packages: {}
06-04 15:20:59.963  1098  1098 I ExplicitHealthCheckController: Service not ready to get health check supported packages. Binding...
06-04 15:20:59.967  1098  1098 I ExplicitHealthCheckController: Explicit health check service is bound
06-04 15:20:59.968  1098  1098 I ExplicitHealthCheckController: Explicit health check service is connected ComponentInfo{com.google.android.ext.services/android.ext.services.watchdog.ExplicitHealthCheckServiceImpl}
06-04 15:20:59.969  1098  1098 I ExplicitHealthCheckController: Service initialized, syncing requests
06-04 15:20:59.969  1098  1098 I PackageWatchdog: Syncing health check requests for packages: {}
06-04 15:20:59.969  1098  1098 D ExplicitHealthCheckController: Getting health check supported packages
06-04 15:20:59.972  1098  2307 I ExplicitHealthCheckController: Explicit health check supported packages [PackageConfig{com.google.android.go.networkstack, 86400000}]
06-04 15:20:59.972  1098  2307 D PackageWatchdog: Received supported packages [PackageConfig{com.google.android.go.networkstack, 86400000}]
06-04 15:20:59.972  1098  2307 D ExplicitHealthCheckController: Getting health check requested packages
06-04 15:20:59.973  1098  2329 I ExplicitHealthCheckController: Explicit health check requested packages []
06-04 15:20:59.973  1098  2329 I ExplicitHealthCheckController: No more health check requests, unbinding...
06-04 15:20:59.975  1098  2329 I ExplicitHealthCheckController: Explicit health check service is unbound
06-04 15:21:00.000  1098  1221 D AlarmManager: waitForAlarm result:8currentTime=1780566660000, elapsedRealtime=98013504
06-04 15:21:00.000  1098  1221 V AlarmManager: Received TIME_TICK alarm; rescheduling
06-04 15:21:00.000  1098  1221 V AlarmManager: set(null) : type=3 listener=com.android.server.alarm.AlarmManagerService$3@c2eecf1 listenerTag=TIME_TICK workSource=null callingPackage=android callingUid=1000 triggerAtTime=98073504 win=0 tElapsed=98073504 maxElapsed=98073504 interval=0 flags=0x9
06-04 15:21:00.001  1098  1098 D BroadcastQueue: Add broadcast <BroadcastRecord{7c25c21 u-1 android.intent.action.TIME_TICK}> into [parallel | foreground], pending size 0
06-04 15:21:00.002  1098  1140 D BroadcastQueue: Done with parallel broadcast [foreground] [BroadcastRecord{7c25c21 u-1 android.intent.action.TIME_TICK}]
06-04 15:21:00.005  1098  1221 D AlarmManager: sending alarm.type = 3, action = null, alarm = Alarm{8597846 type 3 origWhen 98013504 whenElapsed 98013504 android}, cn = null, operation = null, listener=com.android.server.alarm.AlarmManagerService$3@c2eecf1, listenerTag=TIME_TICK, workSource=null
06-04 15:21:00.047  1098  2307 I RescueParty: Starting to observe: [android], updated namespace: adservices
06-04 15:21:00.050  1098  1139 I PackageWatchdog: Syncing state, reason: observing new packages
06-04 15:21:00.050  1098  1139 D PackageWatchdog: rescue-party-observer added the following packages to monitor [android]
06-04 15:21:00.050  1098  1139 I PackageWatchdog: Syncing state, reason: updated observers
06-04 15:21:00.050  1098  1139 I PackageWatchdog: Not pruning observers, elapsed time: 0ms
06-04 15:21:00.050  1098  1139 I PackageWatchdog: Saving observer state to file
06-04 15:21:00.056  1098  1098 I PackageWatchdog: Syncing health check requests for packages: {}
06-04 15:21:00.056  1098  1098 I ExplicitHealthCheckController: Service not ready to get health check supported packages. Binding...
06-04 15:21:00.059  1098  1098 I ExplicitHealthCheckController: Explicit health check service is bound
06-04 15:21:00.064  1098  1098 I ExplicitHealthCheckController: Explicit health check service is connected ComponentInfo{com.google.android.ext.services/android.ext.services.watchdog.ExplicitHealthCheckServiceImpl}
06-04 15:21:00.064  1098  1098 I ExplicitHealthCheckController: Service initialized, syncing requests
06-04 15:21:00.065  1098  1098 I PackageWatchdog: Syncing health check requests for packages: {}
06-04 15:21:00.065  1098  1098 D ExplicitHealthCheckController: Getting health check supported packages
06-04 15:21:00.067  1098  2307 I ExplicitHealthCheckController: Explicit health check supported packages [PackageConfig{com.google.android.go.networkstack, 86400000}]
06-04 15:21:00.067  1098  2307 D PackageWatchdog: Received supported packages [PackageConfig{com.google.android.go.networkstack, 86400000}]
06-04 15:21:00.067  1098  2307 D ExplicitHealthCheckController: Getting health check requested packages
06-04 15:21:00.068  1098  2307 I ExplicitHealthCheckController: Explicit health check requested packages []
06-04 15:21:00.068  1098  2307 I ExplicitHealthCheckController: No more health check requests, unbinding...
06-04 15:21:00.069  1098  2307 I ExplicitHealthCheckController: Explicit health check service is unbound
06-04 15:21:00.137  1098  1570 I RescueParty: Starting to observe: [android], updated namespace: lmkd_native
06-04 15:21:00.142  1098  1139 I PackageWatchdog: Syncing state, reason: observing new packages
06-04 15:21:00.143  1098  1139 D PackageWatchdog: rescue-party-observer added the following packages to monitor [android]
06-04 15:21:00.143  1098  1139 I PackageWatchdog: Syncing state, reason: updated observers
06-04 15:21:00.143  1098  1139 I PackageWatchdog: Not pruning observers, elapsed time: 0ms
06-04 15:21:00.143  1098  1139 I PackageWatchdog: Saving observer state to file
06-04 15:21:00.143  1098  1098 I PackageWatchdog: Syncing health check requests for packages: {}
06-04 15:21:00.143  1098  1098 I ExplicitHealthCheckController: Service not ready to get health check supported packages. Binding...
06-04 15:21:00.150  1098  1098 I ExplicitHealthCheckController: Explicit health check service is bound
06-04 15:21:00.150  1098  1098 I PackageWatchdog: Syncing health check requests for packages: {}
06-04 15:21:00.150  1098  1098 I ExplicitHealthCheckController: Service not ready to get health check supported packages. Binding...
06-04 15:21:00.150  1098  1098 I ExplicitHealthCheckController: Not binding to service, service already connecting
06-04 15:21:00.152  1098  2307 D PackageManager: Considering set com.google.android.ext.services/androidx.work.impl.background.systemalarm.RescheduleReceiver's state as 1 with userId = 0, callingPackage = null
06-04 15:21:00.154  1098  1098 I ExplicitHealthCheckController: Explicit health check service is connected ComponentInfo{com.google.android.ext.services/android.ext.services.watchdog.ExplicitHealthCheckServiceImpl}
06-04 15:21:00.154  1098  1098 I ExplicitHealthCheckController: Service initialized, syncing requests
06-04 15:21:00.154  1098  1098 I PackageWatchdog: Syncing health check requests for packages: {}
06-04 15:21:00.154  1098  1098 D ExplicitHealthCheckController: Getting health check supported packages
06-04 15:21:00.160  1098  2329 I ExplicitHealthCheckController: Explicit health check supported packages [PackageConfig{com.google.android.go.networkstack, 86400000}]
06-04 15:21:00.160  1098  2329 D PackageWatchdog: Received supported packages [PackageConfig{com.google.android.go.networkstack, 86400000}]
06-04 15:21:00.160  1098  2329 D ExplicitHealthCheckController: Getting health check requested packages
06-04 15:21:00.161  1098  2329 I ExplicitHealthCheckController: Explicit health check requested packages []
06-04 15:21:00.161  1098  2329 I ExplicitHealthCheckController: No more health check requests, unbinding...
06-04 15:21:00.163  1098  2329 I ExplicitHealthCheckController: Explicit health check service is unbound
06-04 15:21:00.235  1098  2307 D CompatibilityChangeReporter: Compat change id reported: 201794303; UID 10132; state: ENABLED
06-04 15:21:00.240  1098  2307 I RescueParty: Starting to observe: [android], updated namespace: activity_manager
06-04 15:21:00.240  1098  1139 I PackageWatchdog: Syncing state, reason: observing new packages
06-04 15:21:00.240  1098  1139 D PackageWatchdog: rescue-party-observer added the following packages to monitor [android]
06-04 15:21:00.240  1098  1139 I PackageWatchdog: Syncing state, reason: updated observers
06-04 15:21:00.240  1098  1139 I PackageWatchdog: Not pruning observers, elapsed time: 0ms
06-04 15:21:00.240  1098  1139 I PackageWatchdog: Saving observer state to file
06-04 15:21:00.245  1098  1098 I PackageWatchdog: Syncing health check requests for packages: {}
06-04 15:21:00.249  1098  1098 I ExplicitHealthCheckController: Service not ready to get health check supported packages. Binding...
06-04 15:21:00.252  1098  1098 I ExplicitHealthCheckController: Explicit health check service is bound
06-04 15:21:00.257  1098  2307 D PackageManager: Considering set com.google.android.ext.services/androidx.work.impl.background.systemalarm.RescheduleReceiver's state as 2 with userId = 0, callingPackage = null
06-04 15:21:00.264  1098  1098 I ExplicitHealthCheckController: Explicit health check service is connected ComponentInfo{com.google.android.ext.services/android.ext.services.watchdog.ExplicitHealthCheckServiceImpl}
06-04 15:21:00.264  1098  1098 I ExplicitHealthCheckController: Service initialized, syncing requests
06-04 15:21:00.266  1098  1098 I PackageWatchdog: Syncing health check requests for packages: {}
06-04 15:21:00.266  1098  1098 D ExplicitHealthCheckController: Getting health check supported packages
06-04 15:21:00.271  1098  1098 I AutofillManagerService: Ignoring change on augmented_autofill_mode
06-04 15:21:00.271  1098  2329 I ExplicitHealthCheckController: Explicit health check supported packages [PackageConfig{com.google.android.go.networkstack, 86400000}]
06-04 15:21:00.271  1098  2329 D PackageWatchdog: Received supported packages [PackageConfig{com.google.android.go.networkstack, 86400000}]
06-04 15:21:00.271  1098  2329 D ExplicitHealthCheckController: Getting health check requested packages
06-04 15:21:00.273  1098  2307 I ExplicitHealthCheckController: Explicit health check requested packages []
06-04 15:21:00.273  1098  2307 I ExplicitHealthCheckController: No more health check requests, unbinding...
06-04 15:21:00.275  1098  2307 I ExplicitHealthCheckController: Explicit health check service is unbound
06-04 15:21:00.298  1098  1098 I AutofillManagerService: Ignoring change on autofill_dialog_hints
06-04 15:21:00.298  1098  1098 I AutofillManagerService: Ignoring change on autofill_save_dialog_landscape_body_height_max_percent
06-04 15:21:00.298  1098  1098 I AutofillManagerService: Ignoring change on autofill_save_dialog_portrait_body_height_max_percent
06-04 15:21:00.298  1098  1098 I AutofillManagerService: Ignoring change on autofill_dialog_enabled
06-04 15:21:00.302  1098  2329 E AppOps  : Bad call made by uid 10111. Package "com.google.android.gms" does not belong to uid 10132.
06-04 15:21:00.309  1098  2329 E AppOps  : Bad call made by uid 10111. Package "com.google.android.gms" does not belong to uid 10132.
06-04 15:21:00.353  1098  2329 I RescueParty: Starting to observe: [android], updated namespace: app_compat
06-04 15:21:00.354  1098  1139 I PackageWatchdog: Syncing state, reason: observing new packages
06-04 15:21:00.354  1098  1139 D PackageWatchdog: rescue-party-observer added the following packages to monitor [android]
06-04 15:21:00.354  1098  1139 I PackageWatchdog: Syncing state, reason: updated observers
06-04 15:21:00.354  1098  1139 I PackageWatchdog: Not pruning observers, elapsed time: 0ms
06-04 15:21:00.354  1098  1139 I PackageWatchdog: Saving observer state to file
06-04 15:21:00.356  1098  1098 I PackageWatchdog: Syncing health check requests for packages: {}
06-04 15:21:00.356  1098  1098 I ExplicitHealthCheckController: Service not ready to get health check supported packages. Binding...
06-04 15:21:00.359  1098  1098 I ExplicitHealthCheckController: Explicit health check service is bound
06-04 15:21:00.366  1098  1098 I ExplicitHealthCheckController: Explicit health check service is connected ComponentInfo{com.google.android.ext.services/android.ext.services.watchdog.ExplicitHealthCheckServiceImpl}
06-04 15:21:00.366  1098  1098 I ExplicitHealthCheckController: Service initialized, syncing requests
06-04 15:21:00.366  1098  1098 I PackageWatchdog: Syncing health check requests for packages: {}
06-04 15:21:00.366  1098  1098 D ExplicitHealthCheckController: Getting health check supported packages
06-04 15:21:00.369  1098  2329 I ExplicitHealthCheckController: Explicit health check supported packages [PackageConfig{com.google.android.go.networkstack, 86400000}]
06-04 15:21:00.369  1098  2329 D PackageWatchdog: Received supported packages [PackageConfig{com.google.android.go.networkstack, 86400000}]
06-04 15:21:00.370  1098  2329 D ExplicitHealthCheckController: Getting health check requested packages
06-04 15:21:00.370  1098  2329 I ExplicitHealthCheckController: Explicit health check requested packages []
06-04 15:21:00.371  1098  2329 I ExplicitHealthCheckController: No more health check requests, unbinding...
06-04 15:21:00.373  1098  2329 I ExplicitHealthCheckController: Explicit health check service is unbound
06-04 15:21:00.374  1098  3596 I RescueParty: Starting to observe: [android], updated namespace: content_capture
06-04 15:21:00.375  1098  1139 I PackageWatchdog: Syncing state, reason: observing new packages
06-04 15:21:00.375  1098  1139 D PackageWatchdog: rescue-party-observer added the following packages to monitor [android]
06-04 15:21:00.375  1098  1139 I PackageWatchdog: Syncing state, reason: updated observers
06-04 15:21:00.375  1098  1139 I PackageWatchdog: Not pruning observers, elapsed time: 0ms
06-04 15:21:00.375  1098  1139 I PackageWatchdog: Saving observer state to file
06-04 15:21:00.378  1098  1098 I PackageWatchdog: Syncing health check requests for packages: {}
06-04 15:21:00.378  1098  1098 I ExplicitHealthCheckController: Service not ready to get health check supported packages. Binding...
06-04 15:21:00.385  1098  1098 I ExplicitHealthCheckController: Explicit health check service is bound
06-04 15:21:00.386  1098  1098 I ExplicitHealthCheckController: Explicit health check service is connected ComponentInfo{com.google.android.ext.services/android.ext.services.watchdog.ExplicitHealthCheckServiceImpl}
06-04 15:21:00.386  1098  1098 I ExplicitHealthCheckController: Service initialized, syncing requests
06-04 15:21:00.387  1098  1098 I PackageWatchdog: Syncing health check requests for packages: {}
06-04 15:21:00.387  1098  1098 D ExplicitHealthCheckController: Getting health check supported packages
06-04 15:21:00.390  1098  1570 I ExplicitHealthCheckController: Explicit health check supported packages [PackageConfig{com.google.android.go.networkstack, 86400000}]
06-04 15:21:00.390  1098  1570 D PackageWatchdog: Received supported packages [PackageConfig{com.google.android.go.networkstack, 86400000}]
06-04 15:21:00.390  1098  1570 D ExplicitHealthCheckController: Getting health check requested packages
06-04 15:21:00.391  1098  1570 I ExplicitHealthCheckController: Explicit health check requested packages []
06-04 15:21:00.391  1098  1570 I ExplicitHealthCheckController: No more health check requests, unbinding...
06-04 15:21:00.397  1098  1570 I ExplicitHealthCheckController: Explicit health check service is unbound
06-04 15:21:00.398  1098  1570 I ActivityManager: Process com.dti.motorola (pid 9153) has died: cch+99 SVC 
06-04 15:21:00.400  1098  1570 W ActivityManager: Scheduling restart of crashed service com.dti.motorola/com.dti.phoenix.core.service.CoreService in 1000ms for start-requested
06-04 15:21:00.427  1098  1139 W ActivityManager: Rescheduling restart of crashed service com.dti.motorola/com.dti.phoenix.core.service.CoreService in 19973ms for mem-pressure-event
06-04 15:21:00.493  1098  1570 D CompatibilityChangeReporter: Compat change id reported: 161145287; UID 10123; state: DISABLED
06-04 15:21:00.499  1098  2329 D CompatibilityChangeReporter: Compat change id reported: 161145287; UID 10101; state: DISABLED
06-04 15:21:00.522  1098  5322 D BroadcastQueue: Finished with ordered broadcast BroadcastRecord{ef09ffd u0 com.google.android.partnersetup.action.CONFIGURATION_UPDATE} receivers:([ResolveInfo{a9b558d com.android.chrome/com.google.android.apps.chrome.rlz.RevenueStatsConfigurationUpdateReceiver m=0x108000}]) take 1093ms in [background], remains 10
06-04 15:21:00.524  1098  5322 D CompatibilityChangeReporter: Compat change id reported: 177438394; UID 10193; state: DISABLED
06-04 15:21:00.525  1098  5322 D CompatibilityChangeReporter: Compat change id reported: 135772972; UID 10193; state: DISABLED
06-04 15:21:00.525  1098  5322 D CompatibilityChangeReporter: Compat change id reported: 135754954; UID 10193; state: ENABLED
06-04 15:21:00.525  1098  1141 D ActivityManager: asking zygote to start proc:ProcessRecord{429342 0:com.google.android.apps.magazines/u0a193}
06-04 15:21:00.525  1098  3596 I RescueParty: Starting to observe: [android, com.android.phone], updated namespace: telephony
06-04 15:21:00.525  1098  5322 I ActivityManager: Killing 15598:com.google.android.apps.turbo:aab/u0a108 (adj 985): empty #17
06-04 15:21:00.526  1098  1139 I PackageWatchdog: Syncing state, reason: observing new packages
06-04 15:21:00.526  1098  1139 D PackageWatchdog: rescue-party-observer added the following packages to monitor [android, com.android.phone]
06-04 15:21:00.526  1098  1139 I PackageWatchdog: Syncing state, reason: updated observers
06-04 15:21:00.526  1098  1139 I PackageWatchdog: Not pruning observers, elapsed time: 0ms
06-04 15:21:00.526  1098  1139 I PackageWatchdog: Saving observer state to file
06-04 15:21:00.526  1098  1141 D CompatibilityChangeReporter: Compat change id reported: 143937733; UID 10193; state: ENABLED
06-04 15:21:00.527  1098  1141 D PreforkProcessScene: execution function name:handlePreforkStartProcess
06-04 15:21:00.527  1098  1141 D PreforkProcessScene: handlePreforkStartProcess,args:PreforkArgs entryPoint= android.app.ActivityThread ,niceName = com.google.android.apps.magazines ,uid = 10193 ,gid = 10193 ,gids = [I@f843090 ,runtimeFlags = 21571584 ,mountExternal = 1 ,targetSdkVersion = 37 ,seInfo = default:targetSdkVersion=37:complete ,abi = arm64-v8a ,instructionSet = arm64 ,appDataDir = /data/user/0/com.google.android.apps.magazines ,invokeWith = null ,pkgName = com.google.android.apps.magazines, zygotePolicyFlags = 0, isTopApp = false, mDisabledCompatChanges = 132649864135634846135772972143231523143539591161145287162547999166236554168419799169897160170233598174042936174042980174043039174227820174228127176926741176926753176926771176926829177438394178038272180326787180326845181136395182811243184838306185004937189229956189969734189969744189969749189969779189969782189970036189970038189970040191513214196254758210856463226439802418924588424093067, pkgDataInfoMap = {com.google.android.apps.magazines=Pair{null 153201}}, whitelistedAppDataInfoMap = {com.google.android.gms=Pair{null 3000}}, bindMountAppStorageDirs = false, bindMountAppsData = true ,zygoteArgs = seq=923
06-04 15:21:00.527  1098  1141 D PreforkProcessScene: isPackageSupportPreFork, procName:com.google.android.apps.magazines,isSupport:false
06-04 15:21:00.527  1098  1141 D Prefork : startResult is empty and running normal execution.
06-04 15:21:00.532  1098  1098 I PackageWatchdog: Syncing health check requests for packages: {}
06-04 15:21:00.532  1098  1098 I ExplicitHealthCheckController: Service not ready to get health check supported packages. Binding...
06-04 15:21:00.538  1098  1141 I ActivityManager: Start proc 16219:com.google.android.apps.magazines/u0a193 for broadcast {com.google.android.apps.magazines/com.google.android.libraries.phenotype.client.stable.PhenotypeUpdateBackgroundBroadcastReceiver}
06-04 15:21:00.538  1098  1141 D PreforkProcessScene: execution function name:preforkStart
06-04 15:21:00.538  1098  1098 I ExplicitHealthCheckController: Explicit health check service is bound
06-04 15:21:00.541  1098  1098 I ExplicitHealthCheckController: Explicit health check service is connected ComponentInfo{com.google.android.ext.services/android.ext.services.watchdog.ExplicitHealthCheckServiceImpl}
06-04 15:21:00.541  1098  1098 I ExplicitHealthCheckController: Service initialized, syncing requests
06-04 15:21:00.541  1098  1098 I PackageWatchdog: Syncing health check requests for packages: {}
06-04 15:21:00.541  1098  1098 D ExplicitHealthCheckController: Getting health check supported packages
06-04 15:21:00.546  1098  3596 I ExplicitHealthCheckController: Explicit health check supported packages [PackageConfig{com.google.android.go.networkstack, 86400000}]
06-04 15:21:00.547  1098  3596 D PackageWatchdog: Received supported packages [PackageConfig{com.google.android.go.networkstack, 86400000}]
06-04 15:21:00.547  1098  3596 D ExplicitHealthCheckController: Getting health check requested packages
06-04 15:21:00.547  1098  2329 I ExplicitHealthCheckController: Explicit health check requested packages []
06-04 15:21:00.547  1098  2329 I ExplicitHealthCheckController: No more health check requests, unbinding...
06-04 15:21:00.549  1098  2329 I ExplicitHealthCheckController: Explicit health check service is unbound
06-04 15:21:00.571  1098  1098 E JobScheduler.Quota: <0>com.google.android.apps.magazines has 0 EJ quota without running anything
06-04 15:21:00.574  1098  1139 W ActivityManager: Rescheduling restart of crashed service com.dti.motorola/com.dti.phoenix.core.service.CoreService in 9827ms for mem-pressure-event
